../Core/Src/main.c:109:5:main	64	static,ignoring_inline_asm
../Core/Src/main.c:241:6:SystemClock_Config	120	static
../Core/Src/main.c:302:13:MX_I2S3_Init	8	static
../Core/Src/main.c:338:13:MX_USART3_UART_Init	8	static
../Core/Src/main.c:384:13:MX_DMA_Init	16	static
../Core/Src/main.c:405:13:MX_GPIO_Init	24	static
../Core/Src/main.c:420:6:UART_Printf	272	static
../Core/Src/main.c:429:6:HAL_I2SEx_TxRxHalfCpltCallback	16	static
../Core/Src/main.c:436:6:HAL_I2SEx_TxRxCpltCallback	16	static
../Core/Src/main.c:443:6:processData	16	static
../Core/Src/main.c:492:6:setFilterTask	16	static
../Core/Src/main.c:507:6:MPU_Config	24	static
../Core/Src/main.c:542:6:HAL_TIM_PeriodElapsedCallback	16	static
../Core/Src/main.c:559:6:Error_Handler	4	static,ignoring_inline_asm
