../Core/Src/main.c:175:5:main	32	static,ignoring_inline_asm
../Core/Src/main.c:346:6:SystemClock_Config	120	static
../Core/Src/main.c:406:6:PeriphCommonClock_Config	200	static
../Core/Src/main.c:433:13:MX_I2S1_Init	8	static
../Core/Src/main.c:469:13:MX_I2S3_Init	8	static
../Core/Src/main.c:505:13:MX_USART2_UART_Init	8	static
../Core/Src/main.c:553:13:MX_USART3_UART_Init	8	static
../Core/Src/main.c:599:13:MX_DMA_Init	16	static
../Core/Src/main.c:633:13:MX_GPIO_Init	24	static
../Core/Src/main.c:648:7:UART_Printf	272	static
../Core/Src/main.c:658:7:HAL_UART_RxCpltCallback	136	static
../Core/Src/main.c:701:7:HAL_I2SEx_TxRxHalfCpltCallback	16	static
../Core/Src/main.c:714:7:HAL_I2SEx_TxRxCpltCallback	16	static
../Core/Src/main.c:727:7:processData	16	static
../Core/Src/main.c:785:6:setFilterTask	16	static
../Core/Src/main.c:805:6:processDataTask	16	static
../Core/Src/main.c:832:6:MPU_Config	24	static
../Core/Src/main.c:867:6:HAL_TIM_PeriodElapsedCallback	16	static
../Core/Src/main.c:884:6:Error_Handler	4	static,ignoring_inline_asm
