Archive member included to satisfy reference by file (symbol)

c:/st/stm32cubeide_1.12.0/stm32cubeide/plugins/com.st.stm32cube.ide.mcu.externaltools.gnu-tools-for-stm32.10.3-2021.10.win32_1.0.200.202301161003/tools/bin/../lib/gcc/arm-none-eabi/10.3.1/../../../../arm-none-eabi/lib/thumb/v7e-m+dp/hard\libc_nano.a(lib_a-errno.o)
                              ./Core/Src/syscalls.o (__errno)
c:/st/stm32cubeide_1.12.0/stm32cubeide/plugins/com.st.stm32cube.ide.mcu.externaltools.gnu-tools-for-stm32.10.3-2021.10.win32_1.0.200.202301161003/tools/bin/../lib/gcc/arm-none-eabi/10.3.1/../../../../arm-none-eabi/lib/thumb/v7e-m+dp/hard\libc_nano.a(lib_a-exit.o)
                              c:/st/stm32cubeide_1.12.0/stm32cubeide/plugins/com.st.stm32cube.ide.mcu.externaltools.gnu-tools-for-stm32.10.3-2021.10.win32_1.0.200.202301161003/tools/bin/../lib/gcc/arm-none-eabi/10.3.1/../../../../arm-none-eabi/lib/thumb/v7e-m+dp/hard/crt0.o (exit)
c:/st/stm32cubeide_1.12.0/stm32cubeide/plugins/com.st.stm32cube.ide.mcu.externaltools.gnu-tools-for-stm32.10.3-2021.10.win32_1.0.200.202301161003/tools/bin/../lib/gcc/arm-none-eabi/10.3.1/../../../../arm-none-eabi/lib/thumb/v7e-m+dp/hard\libc_nano.a(lib_a-impure.o)
                              c:/st/stm32cubeide_1.12.0/stm32cubeide/plugins/com.st.stm32cube.ide.mcu.externaltools.gnu-tools-for-stm32.10.3-2021.10.win32_1.0.200.202301161003/tools/bin/../lib/gcc/arm-none-eabi/10.3.1/../../../../arm-none-eabi/lib/thumb/v7e-m+dp/hard\libc_nano.a(lib_a-exit.o) (_global_impure_ptr)
c:/st/stm32cubeide_1.12.0/stm32cubeide/plugins/com.st.stm32cube.ide.mcu.externaltools.gnu-tools-for-stm32.10.3-2021.10.win32_1.0.200.202301161003/tools/bin/../lib/gcc/arm-none-eabi/10.3.1/../../../../arm-none-eabi/lib/thumb/v7e-m+dp/hard\libc_nano.a(lib_a-init.o)
                              c:/st/stm32cubeide_1.12.0/stm32cubeide/plugins/com.st.stm32cube.ide.mcu.externaltools.gnu-tools-for-stm32.10.3-2021.10.win32_1.0.200.202301161003/tools/bin/../lib/gcc/arm-none-eabi/10.3.1/../../../../arm-none-eabi/lib/thumb/v7e-m+dp/hard/crt0.o (__libc_init_array)
c:/st/stm32cubeide_1.12.0/stm32cubeide/plugins/com.st.stm32cube.ide.mcu.externaltools.gnu-tools-for-stm32.10.3-2021.10.win32_1.0.200.202301161003/tools/bin/../lib/gcc/arm-none-eabi/10.3.1/../../../../arm-none-eabi/lib/thumb/v7e-m+dp/hard\libc_nano.a(lib_a-memcpy-stub.o)
                              ./Core/Src/main.o (memcpy)
c:/st/stm32cubeide_1.12.0/stm32cubeide/plugins/com.st.stm32cube.ide.mcu.externaltools.gnu-tools-for-stm32.10.3-2021.10.win32_1.0.200.202301161003/tools/bin/../lib/gcc/arm-none-eabi/10.3.1/../../../../arm-none-eabi/lib/thumb/v7e-m+dp/hard\libc_nano.a(lib_a-memset.o)
                              c:/st/stm32cubeide_1.12.0/stm32cubeide/plugins/com.st.stm32cube.ide.mcu.externaltools.gnu-tools-for-stm32.10.3-2021.10.win32_1.0.200.202301161003/tools/bin/../lib/gcc/arm-none-eabi/10.3.1/../../../../arm-none-eabi/lib/thumb/v7e-m+dp/hard/crt0.o (memset)
c:/st/stm32cubeide_1.12.0/stm32cubeide/plugins/com.st.stm32cube.ide.mcu.externaltools.gnu-tools-for-stm32.10.3-2021.10.win32_1.0.200.202301161003/tools/bin/../lib/gcc/arm-none-eabi/10.3.1/../../../../arm-none-eabi/lib/thumb/v7e-m+dp/hard\libc_nano.a(lib_a-nano-vfprintf_float.o)
                              (_printf_float)
c:/st/stm32cubeide_1.12.0/stm32cubeide/plugins/com.st.stm32cube.ide.mcu.externaltools.gnu-tools-for-stm32.10.3-2021.10.win32_1.0.200.202301161003/tools/bin/../lib/gcc/arm-none-eabi/10.3.1/../../../../arm-none-eabi/lib/thumb/v7e-m+dp/hard\libc_nano.a(lib_a-nano-vfprintf_i.o)
                              c:/st/stm32cubeide_1.12.0/stm32cubeide/plugins/com.st.stm32cube.ide.mcu.externaltools.gnu-tools-for-stm32.10.3-2021.10.win32_1.0.200.202301161003/tools/bin/../lib/gcc/arm-none-eabi/10.3.1/../../../../arm-none-eabi/lib/thumb/v7e-m+dp/hard\libc_nano.a(lib_a-nano-vfprintf_float.o) (_printf_common)
c:/st/stm32cubeide_1.12.0/stm32cubeide/plugins/com.st.stm32cube.ide.mcu.externaltools.gnu-tools-for-stm32.10.3-2021.10.win32_1.0.200.202301161003/tools/bin/../lib/gcc/arm-none-eabi/10.3.1/../../../../arm-none-eabi/lib/thumb/v7e-m+dp/hard\libc_nano.a(lib_a-nano-vfscanf_float.o)
                              (_scanf_float)
c:/st/stm32cubeide_1.12.0/stm32cubeide/plugins/com.st.stm32cube.ide.mcu.externaltools.gnu-tools-for-stm32.10.3-2021.10.win32_1.0.200.202301161003/tools/bin/../lib/gcc/arm-none-eabi/10.3.1/../../../../arm-none-eabi/lib/thumb/v7e-m+dp/hard\libc_nano.a(lib_a-sf_nan.o)
                              c:/st/stm32cubeide_1.12.0/stm32cubeide/plugins/com.st.stm32cube.ide.mcu.externaltools.gnu-tools-for-stm32.10.3-2021.10.win32_1.0.200.202301161003/tools/bin/../lib/gcc/arm-none-eabi/10.3.1/../../../../arm-none-eabi/lib/thumb/v7e-m+dp/hard\libc_nano.a(lib_a-nano-vfscanf_float.o) (nanf)
[...]
Memory Configuration

Name             Origin             Length             Attributes
RAM_D1           0x0000000024000000 0x0000000000080000 xrw
FLASH            0x0000000008000000 0x0000000000100000 xr
DTCMRAM          0x0000000020000000 0x0000000000020000 xrw
RAM_D2           0x0000000030000000 0x0000000000048000 xrw
RAM_D3           0x0000000038000000 0x0000000000010000 xrw
ITCMRAM          0x0000000000000000 0x0000000000010000 xrw
*default*        0x0000000000000000 0xffffffffffffffff

Linker script and memory map

LOAD c:/st/stm32cubeide_1.12.0/stm32cubeide/plugins/com.st.stm32cube.ide.mcu.externaltools.gnu-tools-for-stm32.10.3-2021.10.win32_1.0.200.202301161003/tools/bin/../lib/gcc/arm-none-eabi/10.3.1/thumb/v7e-m+dp/hard/crti.o
LOAD c:/st/stm32cubeide_1.12.0/stm32cubeide/plugins/com.st.stm32cube.ide.mcu.externaltools.gnu-tools-for-stm32.10.3-2021.10.win32_1.0.200.202301161003/tools/bin/../lib/gcc/arm-none-eabi/10.3.1/thumb/v7e-m+dp/hard/crtbegin.o
LOAD c:/st/stm32cubeide_1.12.0/stm32cubeide/plugins/com.st.stm32cube.ide.mcu.externaltools.gnu-tools-for-stm32.10.3-2021.10.win32_1.0.200.202301161003/tools/bin/../lib/gcc/arm-none-eabi/10.3.1/../../../../arm-none-eabi/lib/thumb/v7e-m+dp/hard/crt0.o
LOAD ./Common/Src/system_stm32h7xx_dualcore_boot_cm4_cm7.o
LOAD ./Core/Src/IFX_Overdrive.o
LOAD ./Core/Src/IFX_PeakingFilter.o
LOAD ./Core/Src/freertos.o
LOAD ./Core/Src/main.o
LOAD ./Core/Src/stm32h7xx_hal_msp.o
LOAD ./Core/Src/stm32h7xx_hal_timebase_tim.o
LOAD ./Core/Src/stm32h7xx_it.o
LOAD ./Core/Src/syscalls.o
LOAD ./Core/Src/sysmem.o
LOAD ./Core/Startup/startup_stm32h745zitx.o
LOAD ./Drivers/STM32H7xx_HAL_Driver/stm32h7xx_hal.o
LOAD ./Drivers/STM32H7xx_HAL_Driver/stm32h7xx_hal_cortex.o
LOAD ./Drivers/STM32H7xx_HAL_Driver/stm32h7xx_hal_dma.o
LOAD ./Drivers/STM32H7xx_HAL_Driver/stm32h7xx_hal_dma_ex.o
LOAD ./Drivers/STM32H7xx_HAL_Driver/stm32h7xx_hal_exti.o
LOAD ./Drivers/STM32H7xx_HAL_Driver/stm32h7xx_hal_flash.o
LOAD ./Drivers/STM32H7xx_HAL_Driver/stm32h7xx_hal_flash_ex.o
LOAD ./Drivers/STM32H7xx_HAL_Driver/stm32h7xx_hal_gpio.o
LOAD ./Drivers/STM32H7xx_HAL_Driver/stm32h7xx_hal_hsem.o
LOAD ./Drivers/STM32H7xx_HAL_Driver/stm32h7xx_hal_i2c.o
LOAD ./Drivers/STM32H7xx_HAL_Driver/stm32h7xx_hal_i2c_ex.o
LOAD ./Drivers/STM32H7xx_HAL_Driver/stm32h7xx_hal_i2s.o
LOAD ./Drivers/STM32H7xx_HAL_Driver/stm32h7xx_hal_i2s_ex.o
LOAD ./Drivers/STM32H7xx_HAL_Driver/stm32h7xx_hal_mdma.o
LOAD ./Drivers/STM32H7xx_HAL_Driver/stm32h7xx_hal_pwr.o
LOAD ./Drivers/STM32H7xx_HAL_Driver/stm32h7xx_hal_pwr_ex.o
LOAD ./Drivers/STM32H7xx_HAL_Driver/stm32h7xx_hal_rcc.o
LOAD ./Drivers/STM32H7xx_HAL_Driver/stm32h7xx_hal_rcc_ex.o
LOAD ./Drivers/STM32H7xx_HAL_Driver/stm32h7xx_hal_tim.o
LOAD ./Drivers/STM32H7xx_HAL_Driver/stm32h7xx_hal_tim_ex.o
LOAD ./Drivers/STM32H7xx_HAL_Driver/stm32h7xx_hal_uart.o
LOAD ./Drivers/STM32H7xx_HAL_Driver/stm32h7xx_hal_uart_ex.o
LOAD ./Middlewares/Third_Party/FreeRTOS/cmsis_os2.o
LOAD ./Middlewares/Third_Party/FreeRTOS/croutine.o
LOAD ./Middlewares/Third_Party/FreeRTOS/event_groups.o
LOAD ./Middlewares/Third_Party/FreeRTOS/heap_4.o
LOAD ./Middlewares/Third_Party/FreeRTOS/list.o
LOAD ./Middlewares/Third_Party/FreeRTOS/port.o
LOAD ./Middlewares/Third_Party/FreeRTOS/queue.o
LOAD ./Middlewares/Third_Party/FreeRTOS/stream_buffer.o
LOAD ./Middlewares/Third_Party/FreeRTOS/tasks.o
LOAD ./Middlewares/Third_Party/FreeRTOS/timers.o
START GROUP
LOAD c:/st/stm32cubeide_1.12.0/stm32cubeide/plugins/com.st.stm32cube.ide.mcu.externaltools.gnu-tools-for-stm32.10.3-2021.10.win32_1.0.200.202301161003/tools/bin/../lib/gcc/arm-none-eabi/10.3.1/../../../../arm-none-eabi/lib/thumb/v7e-m+dp/hard\libc_nano.a
LOAD c:/st/stm32cubeide_1.12.0/stm32cubeide/plugins/com.st.stm32cube.ide.mcu.externaltools.gnu-tools-for-stm32.10.3-2021.10.win32_1.0.200.202301161003/tools/bin/../lib/gcc/arm-none-eabi/10.3.1/../../../../arm-none-eabi/lib/thumb/v7e-m+dp/hard\libm.a
END GROUP
START GROUP
LOAD c:/st/stm32cubeide_1.12.0/stm32cubeide/plugins/com.st.stm32cube.ide.mcu.externaltools.gnu-tools-for-stm32.10.3-2021.10.win32_1.0.200.202301161003/tools/bin/../lib/gcc/arm-none-eabi/10.3.1/thumb/v7e-m+dp/hard\libgcc.a
LOAD c:/st/stm32cubeide_1.12.0/stm32cubeide/plugins/com.st.stm32cube.ide.mcu.externaltools.gnu-tools-for-stm32.10.3-2021.10.win32_1.0.200.202301161003/tools/bin/../lib/gcc/arm-none-eabi/10.3.1/../../../../arm-none-eabi/lib/thumb/v7e-m+dp/hard\libc_nano.a
END GROUP
START GROUP
LOAD c:/st/stm32cubeide_1.12.0/stm32cubeide/plugins/com.st.stm32cube.ide.mcu.externaltools.gnu-tools-for-stm32.10.3-2021.10.win32_1.0.200.202301161003/tools/bin/../lib/gcc/arm-none-eabi/10.3.1/thumb/v7e-m+dp/hard\libgcc.a
LOAD c:/st/stm32cubeide_1.12.0/stm32cubeide/plugins/com.st.stm32cube.ide.mcu.externaltools.gnu-tools-for-stm32.10.3-2021.10.win32_1.0.200.202301161003/tools/bin/../lib/gcc/arm-none-eabi/10.3.1/../../../../arm-none-eabi/lib/thumb/v7e-m+dp/hard\libc_nano.a
LOAD c:/st/stm32cubeide_1.12.0/stm32cubeide/plugins/com.st.stm32cube.ide.mcu.externaltools.gnu-tools-for-stm32.10.3-2021.10.win32_1.0.200.202301161003/tools/bin/../lib/gcc/arm-none-eabi/10.3.1/../../../../arm-none-eabi/lib/thumb/v7e-m+dp/hard\libnosys.a
END GROUP
START GROUP
LOAD c:/st/stm32cubeide_1.12.0/stm32cubeide/plugins/com.st.stm32cube.ide.mcu.externaltools.gnu-tools-for-stm32.10.3-2021.10.win32_1.0.200.202301161003/tools/bin/../lib/gcc/arm-none-eabi/10.3.1/thumb/v7e-m+dp/hard\libgcc.a
LOAD c:/st/stm32cubeide_1.12.0/stm32cubeide/plugins/com.st.stm32cube.ide.mcu.externaltools.gnu-tools-for-stm32.10.3-2021.10.win32_1.0.200.202301161003/tools/bin/../lib/gcc/arm-none-eabi/10.3.1/../../../../arm-none-eabi/lib/thumb/v7e-m+dp/hard\libc_nano.a
LOAD c:/st/stm32cubeide_1.12.0/stm32cubeide/plugins/com.st.stm32cube.ide.mcu.externaltools.gnu-tools-for-stm32.10.3-2021.10.win32_1.0.200.202301161003/tools/bin/../lib/gcc/arm-none-eabi/10.3.1/../../../../arm-none-eabi/lib/thumb/v7e-m+dp/hard\libnosys.a
END GROUP
LOAD c:/st/stm32cubeide_1.12.0/stm32cubeide/plugins/com.st.stm32cube.ide.mcu.externaltools.gnu-tools-for-stm32.10.3-2021.10.win32_1.0.200.202301161003/tools/bin/../lib/gcc/arm-none-eabi/10.3.1/thumb/v7e-m+dp/hard/crtend.o
LOAD c:/st/stm32cubeide_1.12.0/stm32cubeide/plugins/com.st.stm32cube.ide.mcu.externaltools.gnu-tools-for-stm32.10.3-2021.10.win32_1.0.200.202301161003/tools/bin/../lib/gcc/arm-none-eabi/10.3.1/thumb/v7e-m+dp/hard/crtn.o
                0x0000000024080000                _estack = (ORIGIN (RAM_D1) + LENGTH (RAM_D1))
                0x0000000000000200                _Min_Heap_Size = 0x200
                0x0000000000000400                _Min_Stack_Size = 0x400

.buffers        0x0000000030000000    0x1c000
                0x0000000030000000                . = ALIGN (0x20)
                0x0000000030010000                . = ABSOLUTE (0x30010000)
 *fill*         0x0000000030000000    0x10000 
 *(.rxBuffer1)
 .rxBuffer1     0x0000000030010000      0x300 ./Core/Src/main.o
                0x0000000030010000                adcData
                0x0000000030012000                . = ABSOLUTE (0x30012000)
 *fill*         0x0000000030010300     0x1d00 
 *(.txBuffer1)
 .txBuffer1     0x0000000030012000      0x300 ./Core/Src/main.o
                0x0000000030012000                dacData
                0x0000000030014000                . = ABSOLUTE (0x30014000)
 *fill*         0x0000000030012300     0x1d00 
 *(.rxBuffer2)
                0x0000000030016000                . = ABSOLUTE (0x30016000)
 *fill*         0x0000000030014000     0x2000 
 *(.txBuffer2)
                0x0000000030018000                . = ABSOLUTE (0x30018000)
 *fill*         0x0000000030016000     0x2000 
 *(.rxUARTBuffer)
 .rxUARTBuffer  0x0000000030018000       0x41 ./Core/Src/main.o
                0x0000000030018000                uartData
                0x000000003001a000                . = ABSOLUTE (0x3001a000)
 *fill*         0x0000000030018041     0x1fbf 
 *(.txUARTBuffer1)
 .txUARTBuffer1
                0x000000003001a000      0x300 ./Core/Src/main.o
                0x000000003001a000                uartBuffer
                0x000000003001c000                . = ABSOLUTE (0x3001c000)
 *fill*         0x000000003001a300     0x1d00 
 *(.txUARTBuffer2)

.isr_vector     0x0000000008000000      0x298
                0x0000000008000000                . = ALIGN (0x4)
 *(.isr_vector)
 .isr_vector    0x0000000008000000      0x298 ./Core/Startup/startup_stm32h745zitx.o
                0x0000000008000000                g_pfnVectors
                0x0000000008000298                . = ALIGN (0x4)

.text           0x00000000080002a0    0x13c84
                0x00000000080002a0                . = ALIGN (0x4)
 *(.text)
 .text          0x00000000080002a0       0x40 c:/st/stm32cubeide_1.12.0/stm32cubeide/plugins/com.st.stm32cube.ide.mcu.externaltools.gnu-tools-for-stm32.10.3-2021.10.win32_1.0.200.202301161003/tools/bin/../lib/gcc/arm-none-eabi/10.3.1/thumb/v7e-m+dp/hard/crtbegin.o
 .text          0x00000000080002e0       0x10 c:/st/stm32cubeide_1.12.0/stm32cubeide/plugins/com.st.stm32cube.ide.mcu.externaltools.gnu-tools-for-stm32.10.3-2021.10.win32_1.0.200.202301161003/tools/bin/../lib/gcc/arm-none-eabi/10.3.1/../../../../arm-none-eabi/lib/thumb/v7e-m+dp/hard\libc_nano.a(lib_a-strlen.o)
                0x00000000080002e0                strlen
 .text          0x00000000080002f0       0xa0 c:/st/stm32cubeide_1.12.0/stm32cubeide/plugins/com.st.stm32cube.ide.mcu.externaltools.gnu-tools-for-stm32.10.3-2021.10.win32_1.0.200.202301161003/tools/bin/../lib/gcc/arm-none-eabi/10.3.1/../../../../arm-none-eabi/lib/thumb/v7e-m+dp/hard\libc_nano.a(lib_a-memchr.o)
                0x00000000080002f0                memchr
 .text          0x0000000008000390      0x378 c:/st/stm32cubeide_1.12.0/stm32cubeide/plugins/com.st.stm32cube.ide.mcu.externaltools.gnu-tools-for-stm32.10.3-2021.10.win32_1.0.200.202301161003/tools/bin/../lib/gcc/arm-none-eabi/10.3.1/thumb/v7e-m+dp/hard\libgcc.a(_arm_addsubdf3.o)
                0x0000000008000390                __aeabi_drsub
                0x0000000008000398                __aeabi_dsub
                0x0000000008000398                __subdf3
                0x000000000800039c                __aeabi_dadd
                0x000000000800039c                __adddf3
                0x0000000008000614                __floatunsidf
                0x0000000008000614                __aeabi_ui2d
                0x0000000008000634                __floatsidf
                0x0000000008000634                __aeabi_i2d
                0x0000000008000658                __aeabi_f2d
                0x0000000008000658                __extendsfdf2
                0x000000000800069c                __floatundidf
                0x000000000800069c                __aeabi_ul2d
                0x00000000080006ac                __floatdidf
                0x00000000080006ac                __aeabi_l2d
 .text          0x0000000008000708       0x30 c:/st/stm32cubeide_1.12.0/stm32cubeide/plugins/com.st.stm32cube.ide.mcu.externaltools.gnu-tools-for-stm32.10.3-2021.10.win32_1.0.200.202301161003/tools/bin/../lib/gcc/arm-none-eabi/10.3.1/thumb/v7e-m+dp/hard\libgcc.a(_aeabi_uldivmod.o)
                0x0000000008000708                __aeabi_uldivmod
 .text          0x0000000008000738       0x30 c:/st/stm32cubeide_1.12.0/stm32cubeide/plugins/com.st.stm32cube.ide.mcu.externaltools.gnu-tools-for-stm32.10.3-2021.10.win32_1.0.200.202301161003/tools/bin/../lib/gcc/arm-none-eabi/10.3.1/thumb/v7e-m+dp/hard\libgcc.a(_fixdfdi.o)
                0x0000000008000738                __fixdfdi
                0x0000000008000738                __aeabi_d2lz
 .text          0x0000000008000768       0x40 c:/st/stm32cubeide_1.12.0/stm32cubeide/plugins/com.st.stm32cube.ide.mcu.externaltools.gnu-tools-for-stm32.10.3-2021.10.win32_1.0.200.202301161003/tools/bin/../lib/gcc/arm-none-eabi/10.3.1/thumb/v7e-m+dp/hard\libgcc.a(_fixunsdfdi.o)
                0x0000000008000768                __fixunsdfdi
                0x0000000008000768                __aeabi_d2ulz
 .text          0x00000000080007a8      0x2d0 c:/st/stm32cubeide_1.12.0/stm32cubeide/plugins/com.st.stm32cube.ide.mcu.externaltools.gnu-tools-for-stm32.10.3-2021.10.win32_1.0.200.202301161003/tools/bin/../lib/gcc/arm-none-eabi/10.3.1/thumb/v7e-m+dp/hard\libgcc.a(_udivmoddi4.o)
                0x00000000080007a8                __udivmoddi4
 .text          0x0000000008000a78        0x4 c:/st/stm32cubeide_1.12.0/stm32cubeide/plugins/com.st.stm32cube.ide.mcu.externaltools.gnu-tools-for-stm32.10.3-2021.10.win32_1.0.200.202301161003/tools/bin/../lib/gcc/arm-none-eabi/10.3.1/thumb/v7e-m+dp/hard\libgcc.a(_dvmd_tls.o)
                0x0000000008000a78                __aeabi_idiv0
                0x0000000008000a78                __aeabi_ldiv0
 *(.text*)
 .text.SystemInit
                0x0000000008000a7c      0x12c ./Common/Src/system_stm32h7xx_dualcore_boot_cm4_cm7.o
                0x0000000008000a7c                SystemInit
 .text.IFX_PeakingFilter_Init
                0x0000000008000ba8       0x6a ./Core/Src/IFX_PeakingFilter.o
                0x0000000008000ba8                IFX_PeakingFilter_Init
 *fill*         0x0000000008000c12        0x6 
 .text.IFX_PeakingFilter_SetParameters
                0x0000000008000c18      0x160 ./Core/Src/IFX_PeakingFilter.o
                0x0000000008000c18                IFX_PeakingFilter_SetParameters
 .text.IFX_PeakingFilter_Update
                0x0000000008000d78       0xb8 ./Core/Src/IFX_PeakingFilter.o
                0x0000000008000d78                IFX_PeakingFilter_Update
 .text.main     0x0000000008000e30      0x2f0 ./Core/Src/main.o
                0x0000000008000e30                main
 .text.SystemClock_Config
                0x0000000008001120      0x100 ./Core/Src/main.o
                0x0000000008001120                SystemClock_Config
 .text.PeriphCommonClock_Config
                0x0000000008001220       0x5e ./Core/Src/main.o
                0x0000000008001220                PeriphCommonClock_Config
 *fill*         0x000000000800127e        0x2 
 .text.MX_I2S1_Init
                0x0000000008001280       0x64 ./Core/Src/main.o
 .text.MX_I2S3_Init
                0x00000000080012e4       0x68 ./Core/Src/main.o
 .text.MX_USART2_UART_Init
                0x000000000800134c       0x98 ./Core/Src/main.o
 .text.MX_USART3_UART_Init
                0x00000000080013e4       0x98 ./Core/Src/main.o
 .text.MX_DMA_Init
                0x000000000800147c       0xb0 ./Core/Src/main.o
 .text.MX_GPIO_Init
                0x000000000800152c       0x70 ./Core/Src/main.o
 .text.UART_Printf
                0x000000000800159c       0x60 ./Core/Src/main.o
                0x000000000800159c                UART_Printf
 .text.HAL_UART_RxCpltCallback
                0x00000000080015fc      0x218 ./Core/Src/main.o
                0x00000000080015fc                HAL_UART_RxCpltCallback
 .text.HAL_I2SEx_TxRxHalfCpltCallback
                0x0000000008001814       0x5c ./Core/Src/main.o
                0x0000000008001814                HAL_I2SEx_TxRxHalfCpltCallback
 .text.HAL_I2SEx_TxRxCpltCallback
                0x0000000008001870       0x60 ./Core/Src/main.o
                0x0000000008001870                HAL_I2SEx_TxRxCpltCallback
 .text.processData
                0x00000000080018d0      0x1c4 ./Core/Src/main.o
                0x00000000080018d0                processData
 .text.setFilterTask
                0x0000000008001a94        0xe ./Core/Src/main.o
                0x0000000008001a94                setFilterTask
 *fill*         0x0000000008001aa2        0x2 
 .text.processDataTask
                0x0000000008001aa4       0x40 ./Core/Src/main.o
                0x0000000008001aa4                processDataTask
 .text.MPU_Config
                0x0000000008001ae4       0x5c ./Core/Src/main.o
 .text.HAL_TIM_PeriodElapsedCallback
                0x0000000008001b40       0x24 ./Core/Src/main.o
                0x0000000008001b40                HAL_TIM_PeriodElapsedCallback
 .text.Error_Handler
                0x0000000008001b64        0xa ./Core/Src/main.o
                0x0000000008001b64                Error_Handler
 *fill*         0x0000000008001b6e        0x2 
 .text.HAL_MspInit
                0x0000000008001b70       0x3c ./Core/Src/stm32h7xx_hal_msp.o
                0x0000000008001b70                HAL_MspInit
 .text.HAL_I2S_MspInit
                0x0000000008001bac      0x21c ./Core/Src/stm32h7xx_hal_msp.o
                0x0000000008001bac                HAL_I2S_MspInit
 .text.HAL_UART_MspInit
                0x0000000008001dc8      0x310 ./Core/Src/stm32h7xx_hal_msp.o
                0x0000000008001dc8                HAL_UART_MspInit
 .text.HAL_InitTick
                0x00000000080020d8       0xc4 ./Core/Src/stm32h7xx_hal_timebase_tim.o
                0x00000000080020d8                HAL_InitTick
 .text.NMI_Handler
                0x000000000800219c        0x6 ./Core/Src/stm32h7xx_it.o
                0x000000000800219c                NMI_Handler
 .text.HardFault_Handler
                0x00000000080021a2        0x6 ./Core/Src/stm32h7xx_it.o
                0x00000000080021a2                HardFault_Handler
 .text.MemManage_Handler
                0x00000000080021a8        0x6 ./Core/Src/stm32h7xx_it.o
                0x00000000080021a8                MemManage_Handler
 .text.BusFault_Handler
                0x00000000080021ae        0x6 ./Core/Src/stm32h7xx_it.o
                0x00000000080021ae                BusFault_Handler
 .text.UsageFault_Handler
                0x00000000080021b4        0x6 ./Core/Src/stm32h7xx_it.o
                0x00000000080021b4                UsageFault_Handler
 .text.DebugMon_Handler
                0x00000000080021ba        0xe ./Core/Src/stm32h7xx_it.o
                0x00000000080021ba                DebugMon_Handler
 .text.DMA1_Stream0_IRQHandler
                0x00000000080021c8       0x14 ./Core/Src/stm32h7xx_it.o
                0x00000000080021c8                DMA1_Stream0_IRQHandler
 .text.DMA1_Stream1_IRQHandler
                0x00000000080021dc       0x14 ./Core/Src/stm32h7xx_it.o
                0x00000000080021dc                DMA1_Stream1_IRQHandler
 .text.DMA1_Stream4_IRQHandler
                0x00000000080021f0       0x14 ./Core/Src/stm32h7xx_it.o
                0x00000000080021f0                DMA1_Stream4_IRQHandler
 .text.DMA1_Stream5_IRQHandler
                0x0000000008002204       0x14 ./Core/Src/stm32h7xx_it.o
                0x0000000008002204                DMA1_Stream5_IRQHandler
 .text.TIM1_UP_IRQHandler
                0x0000000008002218       0x14 ./Core/Src/stm32h7xx_it.o
                0x0000000008002218                TIM1_UP_IRQHandler
 .text.DMA2_Stream6_IRQHandler
                0x000000000800222c       0x14 ./Core/Src/stm32h7xx_it.o
                0x000000000800222c                DMA2_Stream6_IRQHandler
 .text.DMA2_Stream7_IRQHandler
                0x0000000008002240       0x14 ./Core/Src/stm32h7xx_it.o
                0x0000000008002240                DMA2_Stream7_IRQHandler
 .text._getpid  0x0000000008002254       0x10 ./Core/Src/syscalls.o
                0x0000000008002254                _getpid
 .text._kill    0x0000000008002264       0x20 ./Core/Src/syscalls.o
                0x0000000008002264                _kill
 .text._exit    0x0000000008002284       0x14 ./Core/Src/syscalls.o
                0x0000000008002284                _exit
 .text._read    0x0000000008002298       0x3a ./Core/Src/syscalls.o
                0x0000000008002298                _read
 .text._write   0x00000000080022d2       0x38 ./Core/Src/syscalls.o
                0x00000000080022d2                _write
 .text._close   0x000000000800230a       0x18 ./Core/Src/syscalls.o
                0x000000000800230a                _close
 .text._fstat   0x0000000008002322       0x20 ./Core/Src/syscalls.o
                0x0000000008002322                _fstat
 .text._isatty  0x0000000008002342       0x16 ./Core/Src/syscalls.o
                0x0000000008002342                _isatty
 .text._lseek   0x0000000008002358       0x1a ./Core/Src/syscalls.o
                0x0000000008002358                _lseek
 *fill*         0x0000000008002372        0x2 
 .text._sbrk    0x0000000008002374       0x6c ./Core/Src/sysmem.o
                0x0000000008002374                _sbrk
 .text.Reset_Handler
                0x00000000080023e0       0x50 ./Core/Startup/startup_stm32h745zitx.o
                0x00000000080023e0                Reset_Handler
 .text.Default_Handler
                0x0000000008002430        0x2 ./Core/Startup/startup_stm32h745zitx.o
                0x0000000008002430                RTC_Alarm_IRQHandler
                0x0000000008002430                EXTI2_IRQHandler
                0x0000000008002430                TIM8_CC_IRQHandler
                0x0000000008002430                HRTIM1_Master_IRQHandler
                0x0000000008002430                UART8_IRQHandler
                0x0000000008002430                SPI4_IRQHandler
                0x0000000008002430                TIM1_CC_IRQHandler
                0x0000000008002430                BDMA_Channel6_IRQHandler
                0x0000000008002430                DMA2_Stream5_IRQHandler
                0x0000000008002430                HRTIM1_FLT_IRQHandler
                0x0000000008002430                JPEG_IRQHandler
                0x0000000008002430                BDMA_Channel1_IRQHandler
                0x0000000008002430                HRTIM1_TIMD_IRQHandler
                0x0000000008002430                TAMP_STAMP_IRQHandler
                0x0000000008002430                EXTI3_IRQHandler
                0x0000000008002430                LPTIM4_IRQHandler
                0x0000000008002430                TIM8_TRG_COM_TIM14_IRQHandler
                0x0000000008002430                LPTIM2_IRQHandler
                0x0000000008002430                DFSDM1_FLT1_IRQHandler
                0x0000000008002430                DMAMUX2_OVR_IRQHandler
                0x0000000008002430                TIM8_UP_TIM13_IRQHandler
                0x0000000008002430                I2C3_ER_IRQHandler
                0x0000000008002430                DFSDM1_FLT2_IRQHandler
                0x0000000008002430                MDMA_IRQHandler
                0x0000000008002430                LPTIM3_IRQHandler
                0x0000000008002430                HSEM1_IRQHandler
                0x0000000008002430                EXTI0_IRQHandler
                0x0000000008002430                I2C2_EV_IRQHandler
                0x0000000008002430                DMA1_Stream2_IRQHandler
                0x0000000008002430                FPU_IRQHandler
                0x0000000008002430                OTG_HS_WKUP_IRQHandler
                0x0000000008002430                FDCAN1_IT1_IRQHandler
                0x0000000008002430                LTDC_ER_IRQHandler
                0x0000000008002430                DMA2_Stream2_IRQHandler
                0x0000000008002430                HRTIM1_TIME_IRQHandler
                0x0000000008002430                SPI1_IRQHandler
                0x0000000008002430                TIM6_DAC_IRQHandler
                0x0000000008002430                DCMI_IRQHandler
                0x0000000008002430                HRTIM1_TIMC_IRQHandler
                0x0000000008002430                DMA2_Stream3_IRQHandler
                0x0000000008002430                SAI2_IRQHandler
                0x0000000008002430                DFSDM1_FLT3_IRQHandler
                0x0000000008002430                USART6_IRQHandler
                0x0000000008002430                TIM17_IRQHandler
                0x0000000008002430                USART3_IRQHandler
                0x0000000008002430                BDMA_Channel7_IRQHandler
                0x0000000008002430                LPTIM5_IRQHandler
                0x0000000008002430                UART5_IRQHandler
                0x0000000008002430                ADC3_IRQHandler
                0x0000000008002430                DMA2_Stream0_IRQHandler
                0x0000000008002430                TIM4_IRQHandler
                0x0000000008002430                BDMA_Channel2_IRQHandler
                0x0000000008002430                QUADSPI_IRQHandler
                0x0000000008002430                I2C1_EV_IRQHandler
                0x0000000008002430                DMA1_Stream6_IRQHandler
                0x0000000008002430                DMAMUX1_OVR_IRQHandler
                0x0000000008002430                TIM16_IRQHandler
                0x0000000008002430                UART4_IRQHandler
                0x0000000008002430                BDMA_Channel5_IRQHandler
                0x0000000008002430                TIM3_IRQHandler
                0x0000000008002430                RCC_IRQHandler
                0x0000000008002430                TIM8_BRK_TIM12_IRQHandler
                0x0000000008002430                TIM1_TRG_COM_IRQHandler
                0x0000000008002430                Default_Handler
                0x0000000008002430                ECC_IRQHandler
                0x0000000008002430                CEC_IRQHandler
                0x0000000008002430                EXTI15_10_IRQHandler
                0x0000000008002430                BDMA_Channel0_IRQHandler
                0x0000000008002430                ADC_IRQHandler
                0x0000000008002430                DMA1_Stream7_IRQHandler
                0x0000000008002430                HRTIM1_TIMA_IRQHandler
                0x0000000008002430                SPI5_IRQHandler
                0x0000000008002430                TIM7_IRQHandler
                0x0000000008002430                SDMMC1_IRQHandler
                0x0000000008002430                TIM5_IRQHandler
                0x0000000008002430                TIM15_IRQHandler
                0x0000000008002430                PVD_AVD_IRQHandler
                0x0000000008002430                I2C3_EV_IRQHandler
                0x0000000008002430                EXTI9_5_IRQHandler
                0x0000000008002430                RTC_WKUP_IRQHandler
                0x0000000008002430                LTDC_IRQHandler
                0x0000000008002430                SAI3_IRQHandler
                0x0000000008002430                ETH_WKUP_IRQHandler
                0x0000000008002430                SPDIF_RX_IRQHandler
                0x0000000008002430                SPI2_IRQHandler
                0x0000000008002430                OTG_HS_EP1_IN_IRQHandler
                0x0000000008002430                CRS_IRQHandler
                0x0000000008002430                CM7_SEV_IRQHandler
                0x0000000008002430                EXTI4_IRQHandler
                0x0000000008002430                RNG_IRQHandler
                0x0000000008002430                CM4_SEV_IRQHandler
                0x0000000008002430                HRTIM1_TIMB_IRQHandler
                0x0000000008002430                FDCAN2_IT1_IRQHandler
                0x0000000008002430                ETH_IRQHandler
                0x0000000008002430                WWDG_RST_IRQHandler
                0x0000000008002430                BDMA_Channel4_IRQHandler
                0x0000000008002430                OTG_HS_EP1_OUT_IRQHandler
                0x0000000008002430                WWDG_IRQHandler
                0x0000000008002430                SPI6_IRQHandler
                0x0000000008002430                MDIOS_IRQHandler
                0x0000000008002430                I2C4_EV_IRQHandler
                0x0000000008002430                FDCAN2_IT0_IRQHandler
                0x0000000008002430                LPUART1_IRQHandler
                0x0000000008002430                FDCAN1_IT0_IRQHandler
                0x0000000008002430                TIM2_IRQHandler
                0x0000000008002430                OTG_FS_WKUP_IRQHandler
                0x0000000008002430                OTG_HS_IRQHandler
                0x0000000008002430                HSEM2_IRQHandler
                0x0000000008002430                DMA2D_IRQHandler
                0x0000000008002430                TIM1_BRK_IRQHandler
                0x0000000008002430                EXTI1_IRQHandler
                0x0000000008002430                SDMMC2_IRQHandler
                0x0000000008002430                OTG_FS_EP1_OUT_IRQHandler
                0x0000000008002430                BDMA_Channel3_IRQHandler
                0x0000000008002430                HOLD_CORE_IRQHandler
                0x0000000008002430                UART7_IRQHandler
                0x0000000008002430                MDIOS_WKUP_IRQHandler
                0x0000000008002430                USART2_IRQHandler
                0x0000000008002430                DFSDM1_FLT0_IRQHandler
                0x0000000008002430                SAI4_IRQHandler
                0x0000000008002430                I2C2_ER_IRQHandler
                0x0000000008002430                DMA2_Stream1_IRQHandler
                0x0000000008002430                FLASH_IRQHandler
                0x0000000008002430                DMA2_Stream4_IRQHandler
                0x0000000008002430                USART1_IRQHandler
                0x0000000008002430                OTG_FS_IRQHandler
                0x0000000008002430                SPI3_IRQHandler
                0x0000000008002430                WAKEUP_PIN_IRQHandler
                0x0000000008002430                OTG_FS_EP1_IN_IRQHandler
                0x0000000008002430                I2C1_ER_IRQHandler
                0x0000000008002430                FMC_IRQHandler
                0x0000000008002430                FDCAN_CAL_IRQHandler
                0x0000000008002430                SWPMI1_IRQHandler
                0x0000000008002430                COMP1_IRQHandler
                0x0000000008002430                LPTIM1_IRQHandler
                0x0000000008002430                I2C4_ER_IRQHandler
                0x0000000008002430                SAI1_IRQHandler
                0x0000000008002430                DMA1_Stream3_IRQHandler
 *fill*         0x0000000008002432        0x2 
 .text.HAL_Init
                0x0000000008002434       0x78 ./Drivers/STM32H7xx_HAL_Driver/stm32h7xx_hal.o
                0x0000000008002434                HAL_Init
 .text.HAL_IncTick
                0x00000000080024ac       0x28 ./Drivers/STM32H7xx_HAL_Driver/stm32h7xx_hal.o
                0x00000000080024ac                HAL_IncTick
 .text.HAL_GetTick
                0x00000000080024d4       0x18 ./Drivers/STM32H7xx_HAL_Driver/stm32h7xx_hal.o
                0x00000000080024d4                HAL_GetTick
 .text.HAL_GetREVID
                0x00000000080024ec       0x18 ./Drivers/STM32H7xx_HAL_Driver/stm32h7xx_hal.o
                0x00000000080024ec                HAL_GetREVID
 .text.__NVIC_SetPriorityGrouping
                0x0000000008002504       0x48 ./Drivers/STM32H7xx_HAL_Driver/stm32h7xx_hal_cortex.o
 .text.__NVIC_GetPriorityGrouping
                0x000000000800254c       0x1c ./Drivers/STM32H7xx_HAL_Driver/stm32h7xx_hal_cortex.o
 .text.__NVIC_EnableIRQ
                0x0000000008002568       0x3c ./Drivers/STM32H7xx_HAL_Driver/stm32h7xx_hal_cortex.o
 .text.__NVIC_SetPriority
                0x00000000080025a4       0x54 ./Drivers/STM32H7xx_HAL_Driver/stm32h7xx_hal_cortex.o
 .text.NVIC_EncodePriority
                0x00000000080025f8       0x66 ./Drivers/STM32H7xx_HAL_Driver/stm32h7xx_hal_cortex.o
 .text.HAL_NVIC_SetPriorityGrouping
                0x000000000800265e       0x16 ./Drivers/STM32H7xx_HAL_Driver/stm32h7xx_hal_cortex.o
                0x000000000800265e                HAL_NVIC_SetPriorityGrouping
 .text.HAL_NVIC_SetPriority
                0x0000000008002674       0x34 ./Drivers/STM32H7xx_HAL_Driver/stm32h7xx_hal_cortex.o
                0x0000000008002674                HAL_NVIC_SetPriority
 .text.HAL_NVIC_EnableIRQ
                0x00000000080026a8       0x1c ./Drivers/STM32H7xx_HAL_Driver/stm32h7xx_hal_cortex.o
                0x00000000080026a8                HAL_NVIC_EnableIRQ
 .text.HAL_MPU_Disable
                0x00000000080026c4       0x30 ./Drivers/STM32H7xx_HAL_Driver/stm32h7xx_hal_cortex.o
                0x00000000080026c4                HAL_MPU_Disable
 .text.HAL_MPU_Enable
                0x00000000080026f4       0x40 ./Drivers/STM32H7xx_HAL_Driver/stm32h7xx_hal_cortex.o
                0x00000000080026f4                HAL_MPU_Enable
 .text.HAL_MPU_ConfigRegion
                0x0000000008002734       0x80 ./Drivers/STM32H7xx_HAL_Driver/stm32h7xx_hal_cortex.o
                0x0000000008002734                HAL_MPU_ConfigRegion
 .text.HAL_DMA_Init
                0x00000000080027b4      0x6b8 ./Drivers/STM32H7xx_HAL_Driver/stm32h7xx_hal_dma.o
                0x00000000080027b4                HAL_DMA_Init
 .text.HAL_DMA_Start_IT
                0x0000000008002e6c      0x4d4 ./Drivers/STM32H7xx_HAL_Driver/stm32h7xx_hal_dma.o
                0x0000000008002e6c                HAL_DMA_Start_IT
 .text.HAL_DMA_IRQHandler
                0x0000000008003340      0xe54 ./Drivers/STM32H7xx_HAL_Driver/stm32h7xx_hal_dma.o
                0x0000000008003340                HAL_DMA_IRQHandler
 .text.DMA_SetConfig
                0x0000000008004194      0x358 ./Drivers/STM32H7xx_HAL_Driver/stm32h7xx_hal_dma.o
 .text.DMA_CalcBaseAndBitshift
                0x00000000080044ec      0x164 ./Drivers/STM32H7xx_HAL_Driver/stm32h7xx_hal_dma.o
 .text.DMA_CheckFifoParam
                0x0000000008004650       0xf8 ./Drivers/STM32H7xx_HAL_Driver/stm32h7xx_hal_dma.o
 .text.DMA_CalcDMAMUXChannelBaseAndMask
                0x0000000008004748      0x134 ./Drivers/STM32H7xx_HAL_Driver/stm32h7xx_hal_dma.o
 .text.DMA_CalcDMAMUXRequestGenBaseAndMask
                0x000000000800487c       0xe8 ./Drivers/STM32H7xx_HAL_Driver/stm32h7xx_hal_dma.o
 .text.HAL_GPIO_Init
                0x0000000008004964      0x360 ./Drivers/STM32H7xx_HAL_Driver/stm32h7xx_hal_gpio.o
                0x0000000008004964                HAL_GPIO_Init
 .text.HAL_HSEM_FastTake
                0x0000000008004cc4       0x34 ./Drivers/STM32H7xx_HAL_Driver/stm32h7xx_hal_hsem.o
                0x0000000008004cc4                HAL_HSEM_FastTake
 .text.HAL_HSEM_Release
                0x0000000008004cf8       0x28 ./Drivers/STM32H7xx_HAL_Driver/stm32h7xx_hal_hsem.o
                0x0000000008004cf8                HAL_HSEM_Release
 .text.HAL_I2S_Init
                0x0000000008004d20      0x244 ./Drivers/STM32H7xx_HAL_Driver/stm32h7xx_hal_i2s.o
                0x0000000008004d20                HAL_I2S_Init
 .text.HAL_I2SEx_TransmitReceive_DMA
                0x0000000008004f64      0x1c0 ./Drivers/STM32H7xx_HAL_Driver/stm32h7xx_hal_i2s.o
                0x0000000008004f64                HAL_I2SEx_TransmitReceive_DMA
 .text.HAL_I2S_ErrorCallback
                0x0000000008005124       0x14 ./Drivers/STM32H7xx_HAL_Driver/stm32h7xx_hal_i2s.o
                0x0000000008005124                HAL_I2S_ErrorCallback
 .text.I2SEx_DMATxRxCplt
                0x0000000008005138       0x58 ./Drivers/STM32H7xx_HAL_Driver/stm32h7xx_hal_i2s.o
 .text.I2SEx_DMATxRxHalfCplt
                0x0000000008005190       0x1c ./Drivers/STM32H7xx_HAL_Driver/stm32h7xx_hal_i2s.o
 .text.I2S_DMAError
                0x00000000080051ac       0x4c ./Drivers/STM32H7xx_HAL_Driver/stm32h7xx_hal_i2s.o
 .text.HAL_PWREx_ConfigSupply
                0x00000000080051f8       0xb4 ./Drivers/STM32H7xx_HAL_Driver/stm32h7xx_hal_pwr_ex.o
                0x00000000080051f8                HAL_PWREx_ConfigSupply
 .text.HAL_RCC_OscConfig
                0x00000000080052ac      0x8b4 ./Drivers/STM32H7xx_HAL_Driver/stm32h7xx_hal_rcc.o
                0x00000000080052ac                HAL_RCC_OscConfig
 .text.HAL_RCC_ClockConfig
                0x0000000008005b60      0x36c ./Drivers/STM32H7xx_HAL_Driver/stm32h7xx_hal_rcc.o
                0x0000000008005b60                HAL_RCC_ClockConfig
 .text.HAL_RCC_GetSysClockFreq
                0x0000000008005ecc      0x2f4 ./Drivers/STM32H7xx_HAL_Driver/stm32h7xx_hal_rcc.o
                0x0000000008005ecc                HAL_RCC_GetSysClockFreq
 .text.HAL_RCC_GetHCLKFreq
                0x00000000080061c0       0x60 ./Drivers/STM32H7xx_HAL_Driver/stm32h7xx_hal_rcc.o
                0x00000000080061c0                HAL_RCC_GetHCLKFreq
 .text.HAL_RCC_GetPCLK1Freq
                0x0000000008006220       0x2c ./Drivers/STM32H7xx_HAL_Driver/stm32h7xx_hal_rcc.o
                0x0000000008006220                HAL_RCC_GetPCLK1Freq
 .text.HAL_RCC_GetPCLK2Freq
                0x000000000800624c       0x2c ./Drivers/STM32H7xx_HAL_Driver/stm32h7xx_hal_rcc.o
                0x000000000800624c                HAL_RCC_GetPCLK2Freq
 .text.HAL_RCC_GetClockConfig
                0x0000000008006278       0x84 ./Drivers/STM32H7xx_HAL_Driver/stm32h7xx_hal_rcc.o
                0x0000000008006278                HAL_RCC_GetClockConfig
 .text.HAL_RCCEx_PeriphCLKConfig
                0x00000000080062fc     0x1414 ./Drivers/STM32H7xx_HAL_Driver/stm32h7xx_hal_rcc_ex.o
                0x00000000080062fc                HAL_RCCEx_PeriphCLKConfig
 .text.HAL_RCCEx_GetPeriphCLKFreq
                0x0000000008007710      0xb00 ./Drivers/STM32H7xx_HAL_Driver/stm32h7xx_hal_rcc_ex.o
                0x0000000008007710                HAL_RCCEx_GetPeriphCLKFreq
 .text.HAL_RCCEx_GetD3PCLK1Freq
                0x0000000008008210       0x2c ./Drivers/STM32H7xx_HAL_Driver/stm32h7xx_hal_rcc_ex.o
                0x0000000008008210                HAL_RCCEx_GetD3PCLK1Freq
 .text.HAL_RCCEx_GetPLL2ClockFreq
                0x000000000800823c      0x2a8 ./Drivers/STM32H7xx_HAL_Driver/stm32h7xx_hal_rcc_ex.o
                0x000000000800823c                HAL_RCCEx_GetPLL2ClockFreq
 .text.HAL_RCCEx_GetPLL3ClockFreq
                0x00000000080084e4      0x2a8 ./Drivers/STM32H7xx_HAL_Driver/stm32h7xx_hal_rcc_ex.o
                0x00000000080084e4                HAL_RCCEx_GetPLL3ClockFreq
 .text.HAL_RCCEx_GetPLL1ClockFreq
                0x000000000800878c      0x2a4 ./Drivers/STM32H7xx_HAL_Driver/stm32h7xx_hal_rcc_ex.o
                0x000000000800878c                HAL_RCCEx_GetPLL1ClockFreq
 .text.RCCEx_PLL2_Config
                0x0000000008008a30      0x164 ./Drivers/STM32H7xx_HAL_Driver/stm32h7xx_hal_rcc_ex.o
 .text.RCCEx_PLL3_Config
                0x0000000008008b94      0x164 ./Drivers/STM32H7xx_HAL_Driver/stm32h7xx_hal_rcc_ex.o
 .text.HAL_TIM_Base_Init
                0x0000000008008cf8       0xae ./Drivers/STM32H7xx_HAL_Driver/stm32h7xx_hal_tim.o
                0x0000000008008cf8                HAL_TIM_Base_Init
 .text.HAL_TIM_Base_MspInit
                0x0000000008008da6       0x14 ./Drivers/STM32H7xx_HAL_Driver/stm32h7xx_hal_tim.o
                0x0000000008008da6                HAL_TIM_Base_MspInit
 *fill*         0x0000000008008dba        0x2 
 .text.HAL_TIM_Base_Start_IT
                0x0000000008008dbc       0xf0 ./Drivers/STM32H7xx_HAL_Driver/stm32h7xx_hal_tim.o
                0x0000000008008dbc                HAL_TIM_Base_Start_IT
 .text.HAL_TIM_IRQHandler
                0x0000000008008eac      0x20e ./Drivers/STM32H7xx_HAL_Driver/stm32h7xx_hal_tim.o
                0x0000000008008eac                HAL_TIM_IRQHandler
 .text.HAL_TIM_OC_DelayElapsedCallback
                0x00000000080090ba       0x14 ./Drivers/STM32H7xx_HAL_Driver/stm32h7xx_hal_tim.o
                0x00000000080090ba                HAL_TIM_OC_DelayElapsedCallback
 .text.HAL_TIM_IC_CaptureCallback
                0x00000000080090ce       0x14 ./Drivers/STM32H7xx_HAL_Driver/stm32h7xx_hal_tim.o
                0x00000000080090ce                HAL_TIM_IC_CaptureCallback
 .text.HAL_TIM_PWM_PulseFinishedCallback
                0x00000000080090e2       0x14 ./Drivers/STM32H7xx_HAL_Driver/stm32h7xx_hal_tim.o
                0x00000000080090e2                HAL_TIM_PWM_PulseFinishedCallback
 .text.HAL_TIM_TriggerCallback
                0x00000000080090f6       0x14 ./Drivers/STM32H7xx_HAL_Driver/stm32h7xx_hal_tim.o
                0x00000000080090f6                HAL_TIM_TriggerCallback
 *fill*         0x000000000800910a        0x2 
 .text.TIM_Base_SetConfig
                0x000000000800910c      0x14c ./Drivers/STM32H7xx_HAL_Driver/stm32h7xx_hal_tim.o
                0x000000000800910c                TIM_Base_SetConfig
 .text.HAL_TIMEx_CommutCallback
                0x0000000008009258       0x14 ./Drivers/STM32H7xx_HAL_Driver/stm32h7xx_hal_tim_ex.o
                0x0000000008009258                HAL_TIMEx_CommutCallback
 .text.HAL_TIMEx_BreakCallback
                0x000000000800926c       0x14 ./Drivers/STM32H7xx_HAL_Driver/stm32h7xx_hal_tim_ex.o
                0x000000000800926c                HAL_TIMEx_BreakCallback
 .text.HAL_TIMEx_Break2Callback
                0x0000000008009280       0x14 ./Drivers/STM32H7xx_HAL_Driver/stm32h7xx_hal_tim_ex.o
                0x0000000008009280                HAL_TIMEx_Break2Callback
 .text.HAL_UART_Init
                0x0000000008009294       0xa0 ./Drivers/STM32H7xx_HAL_Driver/stm32h7xx_hal_uart.o
                0x0000000008009294                HAL_UART_Init
 .text.HAL_UART_Transmit
                0x0000000008009334      0x11c ./Drivers/STM32H7xx_HAL_Driver/stm32h7xx_hal_uart.o
                0x0000000008009334                HAL_UART_Transmit
 .text.HAL_UART_Receive_DMA
                0x0000000008009450       0x98 ./Drivers/STM32H7xx_HAL_Driver/stm32h7xx_hal_uart.o
                0x0000000008009450                HAL_UART_Receive_DMA
 .text.HAL_UART_RxHalfCpltCallback
                0x00000000080094e8       0x14 ./Drivers/STM32H7xx_HAL_Driver/stm32h7xx_hal_uart.o
                0x00000000080094e8                HAL_UART_RxHalfCpltCallback
 .text.HAL_UART_ErrorCallback
                0x00000000080094fc       0x14 ./Drivers/STM32H7xx_HAL_Driver/stm32h7xx_hal_uart.o
                0x00000000080094fc                HAL_UART_ErrorCallback
 .text.HAL_UARTEx_RxEventCallback
                0x0000000008009510       0x18 ./Drivers/STM32H7xx_HAL_Driver/stm32h7xx_hal_uart.o
                0x0000000008009510                HAL_UARTEx_RxEventCallback
 .text.UART_SetConfig
                0x0000000008009528      0xad0 ./Drivers/STM32H7xx_HAL_Driver/stm32h7xx_hal_uart.o
                0x0000000008009528                UART_SetConfig
 .text.UART_AdvFeatureConfig
                0x0000000008009ff8      0x144 ./Drivers/STM32H7xx_HAL_Driver/stm32h7xx_hal_uart.o
                0x0000000008009ff8                UART_AdvFeatureConfig
 .text.UART_CheckIdleState
                0x000000000800a13c      0x154 ./Drivers/STM32H7xx_HAL_Driver/stm32h7xx_hal_uart.o
                0x000000000800a13c                UART_CheckIdleState
 .text.UART_WaitOnFlagUntilTimeout
                0x000000000800a290       0xda ./Drivers/STM32H7xx_HAL_Driver/stm32h7xx_hal_uart.o
                0x000000000800a290                UART_WaitOnFlagUntilTimeout
 *fill*         0x000000000800a36a        0x2 
 .text.UART_Start_Receive_DMA
                0x000000000800a36c      0x14c ./Drivers/STM32H7xx_HAL_Driver/stm32h7xx_hal_uart.o
                0x000000000800a36c                UART_Start_Receive_DMA
 .text.UART_EndTxTransfer
                0x000000000800a4b8       0x82 ./Drivers/STM32H7xx_HAL_Driver/stm32h7xx_hal_uart.o
 *fill*         0x000000000800a53a        0x2 
 .text.UART_EndRxTransfer
                0x000000000800a53c       0xcc ./Drivers/STM32H7xx_HAL_Driver/stm32h7xx_hal_uart.o
 .text.UART_DMAReceiveCplt
                0x000000000800a608      0x128 ./Drivers/STM32H7xx_HAL_Driver/stm32h7xx_hal_uart.o
 .text.UART_DMARxHalfCplt
                0x000000000800a730       0x3e ./Drivers/STM32H7xx_HAL_Driver/stm32h7xx_hal_uart.o
 .text.UART_DMAError
                0x000000000800a76e       0x80 ./Drivers/STM32H7xx_HAL_Driver/stm32h7xx_hal_uart.o
 .text.HAL_UARTEx_DisableFifoMode
                0x000000000800a7ee       0x72 ./Drivers/STM32H7xx_HAL_Driver/stm32h7xx_hal_uart_ex.o
                0x000000000800a7ee                HAL_UARTEx_DisableFifoMode
 .text.HAL_UARTEx_SetTxFifoThreshold
                0x000000000800a860       0x7c ./Drivers/STM32H7xx_HAL_Driver/stm32h7xx_hal_uart_ex.o
                0x000000000800a860                HAL_UARTEx_SetTxFifoThreshold
 .text.HAL_UARTEx_SetRxFifoThreshold
                0x000000000800a8dc       0x7c ./Drivers/STM32H7xx_HAL_Driver/stm32h7xx_hal_uart_ex.o
                0x000000000800a8dc                HAL_UARTEx_SetRxFifoThreshold
 .text.UARTEx_SetNbDataToProcess
                0x000000000800a958       0x9c ./Drivers/STM32H7xx_HAL_Driver/stm32h7xx_hal_uart_ex.o
 .text.__NVIC_SetPriority
                0x000000000800a9f4       0x54 ./Middlewares/Third_Party/FreeRTOS/cmsis_os2.o
 .text.SysTick_Handler
                0x000000000800aa48       0x20 ./Middlewares/Third_Party/FreeRTOS/cmsis_os2.o
                0x000000000800aa48                SysTick_Handler
 .text.SVC_Setup
                0x000000000800aa68       0x12 ./Middlewares/Third_Party/FreeRTOS/cmsis_os2.o
 *fill*         0x000000000800aa7a        0x2 
 .text.osKernelInitialize
                0x000000000800aa7c       0x48 ./Middlewares/Third_Party/FreeRTOS/cmsis_os2.o
                0x000000000800aa7c                osKernelInitialize
 .text.osKernelStart
                0x000000000800aac4       0x4c ./Middlewares/Third_Party/FreeRTOS/cmsis_os2.o
                0x000000000800aac4                osKernelStart
 .text.osThreadNew
                0x000000000800ab10      0x124 ./Middlewares/Third_Party/FreeRTOS/cmsis_os2.o
                0x000000000800ab10                osThreadNew
 .text.osThreadYield
                0x000000000800ac34       0x40 ./Middlewares/Third_Party/FreeRTOS/cmsis_os2.o
                0x000000000800ac34                osThreadYield
 .text.osSemaphoreNew
                0x000000000800ac74      0x112 ./Middlewares/Third_Party/FreeRTOS/cmsis_os2.o
                0x000000000800ac74                osSemaphoreNew
 *fill*         0x000000000800ad86        0x2 
 .text.osSemaphoreAcquire
                0x000000000800ad88       0xa4 ./Middlewares/Third_Party/FreeRTOS/cmsis_os2.o
                0x000000000800ad88                osSemaphoreAcquire
 .text.osSemaphoreRelease
                0x000000000800ae2c       0x88 ./Middlewares/Third_Party/FreeRTOS/cmsis_os2.o
                0x000000000800ae2c                osSemaphoreRelease
 .text.osMessageQueueNew
                0x000000000800aeb4       0xe6 ./Middlewares/Third_Party/FreeRTOS/cmsis_os2.o
                0x000000000800aeb4                osMessageQueueNew
 *fill*         0x000000000800af9a        0x2 
 .text.vApplicationGetIdleTaskMemory
                0x000000000800af9c       0x34 ./Middlewares/Third_Party/FreeRTOS/cmsis_os2.o
                0x000000000800af9c                vApplicationGetIdleTaskMemory
 .text.vApplicationGetTimerTaskMemory
                0x000000000800afd0       0x34 ./Middlewares/Third_Party/FreeRTOS/cmsis_os2.o
                0x000000000800afd0                vApplicationGetTimerTaskMemory
 .text.pvPortMalloc
                0x000000000800b004      0x198 ./Middlewares/Third_Party/FreeRTOS/heap_4.o
                0x000000000800b004                pvPortMalloc
 .text.vPortFree
                0x000000000800b19c       0xc4 ./Middlewares/Third_Party/FreeRTOS/heap_4.o
                0x000000000800b19c                vPortFree
 .text.prvHeapInit
                0x000000000800b260       0xc4 ./Middlewares/Third_Party/FreeRTOS/heap_4.o
 .text.prvInsertBlockIntoFreeList
                0x000000000800b324       0xb4 ./Middlewares/Third_Party/FreeRTOS/heap_4.o
 .text.vListInitialise
                0x000000000800b3d8       0x40 ./Middlewares/Third_Party/FreeRTOS/list.o
                0x000000000800b3d8                vListInitialise
 .text.vListInitialiseItem
                0x000000000800b418       0x1a ./Middlewares/Third_Party/FreeRTOS/list.o
                0x000000000800b418                vListInitialiseItem
 .text.vListInsertEnd
                0x000000000800b432       0x48 ./Middlewares/Third_Party/FreeRTOS/list.o
                0x000000000800b432                vListInsertEnd
 .text.vListInsert
                0x000000000800b47a       0x72 ./Middlewares/Third_Party/FreeRTOS/list.o
                0x000000000800b47a                vListInsert
 .text.uxListRemove
                0x000000000800b4ec       0x54 ./Middlewares/Third_Party/FreeRTOS/list.o
                0x000000000800b4ec                uxListRemove
 .text.pxPortInitialiseStack
                0x000000000800b540       0x68 ./Middlewares/Third_Party/FreeRTOS/port.o
                0x000000000800b540                pxPortInitialiseStack
 .text.prvTaskExitError
                0x000000000800b5a8       0x58 ./Middlewares/Third_Party/FreeRTOS/port.o
 .text.SVC_Handler
                0x000000000800b600       0x28 ./Middlewares/Third_Party/FreeRTOS/port.o
                0x000000000800b600                SVC_Handler
 .text.prvPortStartFirstTask
                0x000000000800b628       0x28 ./Middlewares/Third_Party/FreeRTOS/port.o
 .text.xPortStartScheduler
                0x000000000800b650      0x144 ./Middlewares/Third_Party/FreeRTOS/port.o
                0x000000000800b650                xPortStartScheduler
 .text.vPortEnterCritical
                0x000000000800b794       0x60 ./Middlewares/Third_Party/FreeRTOS/port.o
                0x000000000800b794                vPortEnterCritical
 .text.vPortExitCritical
                0x000000000800b7f4       0x54 ./Middlewares/Third_Party/FreeRTOS/port.o
                0x000000000800b7f4                vPortExitCritical
 *fill*         0x000000000800b848        0x8 
 .text.PendSV_Handler
                0x000000000800b850       0x68 ./Middlewares/Third_Party/FreeRTOS/port.o
                0x000000000800b850                PendSV_Handler
 .text.xPortSysTickHandler
                0x000000000800b8b8       0x44 ./Middlewares/Third_Party/FreeRTOS/port.o
                0x000000000800b8b8                xPortSysTickHandler
 .text.vPortSetupTimerInterrupt
                0x000000000800b8fc       0x48 ./Middlewares/Third_Party/FreeRTOS/port.o
                0x000000000800b8fc                vPortSetupTimerInterrupt
 .text.vPortEnableVFP
                0x000000000800b944       0x14 ./Middlewares/Third_Party/FreeRTOS/port.o
 .text.vPortValidateInterruptPriority
                0x000000000800b958       0x80 ./Middlewares/Third_Party/FreeRTOS/port.o
                0x000000000800b958                vPortValidateInterruptPriority
 .text.xQueueGenericReset
                0x000000000800b9d8       0xd0 ./Middlewares/Third_Party/FreeRTOS/queue.o
                0x000000000800b9d8                xQueueGenericReset
 .text.xQueueGenericCreateStatic
                0x000000000800baa8       0xf0 ./Middlewares/Third_Party/FreeRTOS/queue.o
                0x000000000800baa8                xQueueGenericCreateStatic
 .text.xQueueGenericCreate
                0x000000000800bb98       0x74 ./Middlewares/Third_Party/FreeRTOS/queue.o
                0x000000000800bb98                xQueueGenericCreate
 .text.prvInitialiseNewQueue
                0x000000000800bc0c       0x46 ./Middlewares/Third_Party/FreeRTOS/queue.o
 .text.xQueueCreateCountingSemaphoreStatic
                0x000000000800bc52       0x6e ./Middlewares/Third_Party/FreeRTOS/queue.o
                0x000000000800bc52                xQueueCreateCountingSemaphoreStatic
 .text.xQueueCreateCountingSemaphore
                0x000000000800bcc0       0x66 ./Middlewares/Third_Party/FreeRTOS/queue.o
                0x000000000800bcc0                xQueueCreateCountingSemaphore
 *fill*         0x000000000800bd26        0x2 
 .text.xQueueGenericSend
                0x000000000800bd28      0x1fc ./Middlewares/Third_Party/FreeRTOS/queue.o
                0x000000000800bd28                xQueueGenericSend
 .text.xQueueGenericSendFromISR
                0x000000000800bf24      0x136 ./Middlewares/Third_Party/FreeRTOS/queue.o
                0x000000000800bf24                xQueueGenericSendFromISR
 .text.xQueueGiveFromISR
                0x000000000800c05a      0x11a ./Middlewares/Third_Party/FreeRTOS/queue.o
                0x000000000800c05a                xQueueGiveFromISR
 .text.xQueueReceive
                0x000000000800c174      0x1c0 ./Middlewares/Third_Party/FreeRTOS/queue.o
                0x000000000800c174                xQueueReceive
 .text.xQueueSemaphoreTake
                0x000000000800c334      0x218 ./Middlewares/Third_Party/FreeRTOS/queue.o
                0x000000000800c334                xQueueSemaphoreTake
 .text.xQueueReceiveFromISR
                0x000000000800c54c      0x100 ./Middlewares/Third_Party/FreeRTOS/queue.o
                0x000000000800c54c                xQueueReceiveFromISR
 .text.vQueueDelete
                0x000000000800c64c       0x46 ./Middlewares/Third_Party/FreeRTOS/queue.o
                0x000000000800c64c                vQueueDelete
 .text.prvGetDisinheritPriorityAfterTimeout
                0x000000000800c692       0x30 ./Middlewares/Third_Party/FreeRTOS/queue.o
 .text.prvCopyDataToQueue
                0x000000000800c6c2       0xd4 ./Middlewares/Third_Party/FreeRTOS/queue.o
 .text.prvCopyDataFromQueue
                0x000000000800c796       0x4c ./Middlewares/Third_Party/FreeRTOS/queue.o
 .text.prvUnlockQueue
                0x000000000800c7e2       0xa4 ./Middlewares/Third_Party/FreeRTOS/queue.o
 .text.prvIsQueueEmpty
                0x000000000800c886       0x2c ./Middlewares/Third_Party/FreeRTOS/queue.o
 .text.prvIsQueueFull
                0x000000000800c8b2       0x30 ./Middlewares/Third_Party/FreeRTOS/queue.o
 *fill*         0x000000000800c8e2        0x2 
 .text.vQueueAddToRegistry
                0x000000000800c8e4       0x54 ./Middlewares/Third_Party/FreeRTOS/queue.o
                0x000000000800c8e4                vQueueAddToRegistry
 .text.vQueueUnregisterQueue
                0x000000000800c938       0x54 ./Middlewares/Third_Party/FreeRTOS/queue.o
                0x000000000800c938                vQueueUnregisterQueue
 .text.vQueueWaitForMessageRestricted
                0x000000000800c98c       0x68 ./Middlewares/Third_Party/FreeRTOS/queue.o
                0x000000000800c98c                vQueueWaitForMessageRestricted
 .text.xTaskCreateStatic
                0x000000000800c9f4       0xba ./Middlewares/Third_Party/FreeRTOS/tasks.o
                0x000000000800c9f4                xTaskCreateStatic
 .text.xTaskCreate
                0x000000000800caae       0x8a ./Middlewares/Third_Party/FreeRTOS/tasks.o
                0x000000000800caae                xTaskCreate
 .text.prvInitialiseNewTask
                0x000000000800cb38      0x11e ./Middlewares/Third_Party/FreeRTOS/tasks.o
 *fill*         0x000000000800cc56        0x2 
 .text.prvAddNewTaskToReadyList
                0x000000000800cc58       0xe0 ./Middlewares/Third_Party/FreeRTOS/tasks.o
 .text.vTaskStartScheduler
                0x000000000800cd38       0xcc ./Middlewares/Third_Party/FreeRTOS/tasks.o
                0x000000000800cd38                vTaskStartScheduler
 .text.vTaskSuspendAll
                0x000000000800ce04       0x1c ./Middlewares/Third_Party/FreeRTOS/tasks.o
                0x000000000800ce04                vTaskSuspendAll
 .text.xTaskResumeAll
                0x000000000800ce20      0x13c ./Middlewares/Third_Party/FreeRTOS/tasks.o
                0x000000000800ce20                xTaskResumeAll
 .text.xTaskGetTickCount
                0x000000000800cf5c       0x20 ./Middlewares/Third_Party/FreeRTOS/tasks.o
                0x000000000800cf5c                xTaskGetTickCount
 .text.xTaskIncrementTick
                0x000000000800cf7c      0x174 ./Middlewares/Third_Party/FreeRTOS/tasks.o
                0x000000000800cf7c                xTaskIncrementTick
 .text.vTaskSwitchContext
                0x000000000800d0f0       0xbc ./Middlewares/Third_Party/FreeRTOS/tasks.o
                0x000000000800d0f0                vTaskSwitchContext
 .text.vTaskPlaceOnEventList
                0x000000000800d1ac       0x48 ./Middlewares/Third_Party/FreeRTOS/tasks.o
                0x000000000800d1ac                vTaskPlaceOnEventList
 .text.vTaskPlaceOnEventListRestricted
                0x000000000800d1f4       0x58 ./Middlewares/Third_Party/FreeRTOS/tasks.o
                0x000000000800d1f4                vTaskPlaceOnEventListRestricted
 .text.xTaskRemoveFromEventList
                0x000000000800d24c       0xc8 ./Middlewares/Third_Party/FreeRTOS/tasks.o
                0x000000000800d24c                xTaskRemoveFromEventList
 .text.vTaskInternalSetTimeOutState
                0x000000000800d314       0x2c ./Middlewares/Third_Party/FreeRTOS/tasks.o
                0x000000000800d314                vTaskInternalSetTimeOutState
 .text.xTaskCheckForTimeOut
                0x000000000800d340       0xc4 ./Middlewares/Third_Party/FreeRTOS/tasks.o
                0x000000000800d340                xTaskCheckForTimeOut
 .text.vTaskMissedYield
                0x000000000800d404       0x18 ./Middlewares/Third_Party/FreeRTOS/tasks.o
                0x000000000800d404                vTaskMissedYield
 .text.prvIdleTask
                0x000000000800d41c       0x30 ./Middlewares/Third_Party/FreeRTOS/tasks.o
 .text.prvInitialiseTaskLists
                0x000000000800d44c       0x80 ./Middlewares/Third_Party/FreeRTOS/tasks.o
 .text.prvCheckTasksWaitingTermination
                0x000000000800d4cc       0x5c ./Middlewares/Third_Party/FreeRTOS/tasks.o
 .text.prvDeleteTCB
                0x000000000800d528       0x5e ./Middlewares/Third_Party/FreeRTOS/tasks.o
 *fill*         0x000000000800d586        0x2 
 .text.prvResetNextTaskUnblockTime
                0x000000000800d588       0x40 ./Middlewares/Third_Party/FreeRTOS/tasks.o
 .text.xTaskGetSchedulerState
                0x000000000800d5c8       0x3c ./Middlewares/Third_Party/FreeRTOS/tasks.o
                0x000000000800d5c8                xTaskGetSchedulerState
 .text.xTaskPriorityInherit
                0x000000000800d604       0xd0 ./Middlewares/Third_Party/FreeRTOS/tasks.o
                0x000000000800d604                xTaskPriorityInherit
 .text.xTaskPriorityDisinherit
                0x000000000800d6d4       0xdc ./Middlewares/Third_Party/FreeRTOS/tasks.o
                0x000000000800d6d4                xTaskPriorityDisinherit
 .text.vTaskPriorityDisinheritAfterTimeout
                0x000000000800d7b0      0x104 ./Middlewares/Third_Party/FreeRTOS/tasks.o
                0x000000000800d7b0                vTaskPriorityDisinheritAfterTimeout
 .text.pvTaskIncrementMutexHeldCount
                0x000000000800d8b4       0x28 ./Middlewares/Third_Party/FreeRTOS/tasks.o
                0x000000000800d8b4                pvTaskIncrementMutexHeldCount
 .text.prvAddCurrentTaskToDelayedList
                0x000000000800d8dc       0xa8 ./Middlewares/Third_Party/FreeRTOS/tasks.o
 .text.xTimerCreateTimerTask
                0x000000000800d984       0x90 ./Middlewares/Third_Party/FreeRTOS/timers.o
                0x000000000800d984                xTimerCreateTimerTask
 .text.xTimerGenericCommand
                0x000000000800da14       0x9c ./Middlewares/Third_Party/FreeRTOS/timers.o
                0x000000000800da14                xTimerGenericCommand
 .text.prvProcessExpiredTimer
                0x000000000800dab0       0x98 ./Middlewares/Third_Party/FreeRTOS/timers.o
 .text.prvTimerTask
                0x000000000800db48       0x24 ./Middlewares/Third_Party/FreeRTOS/timers.o
 .text.prvProcessTimerOrBlockTask
                0x000000000800db6c       0x9c ./Middlewares/Third_Party/FreeRTOS/timers.o
 .text.prvGetNextExpireTime
                0x000000000800dc08       0x48 ./Middlewares/Third_Party/FreeRTOS/timers.o
 .text.prvSampleTimeNow
                0x000000000800dc50       0x40 ./Middlewares/Third_Party/FreeRTOS/timers.o
 .text.prvInsertTimerInActiveList
                0x000000000800dc90       0x84 ./Middlewares/Third_Party/FreeRTOS/timers.o
 .text.prvProcessReceivedCommands
                0x000000000800dd14      0x1c4 ./Middlewares/Third_Party/FreeRTOS/timers.o
 .text.prvSwitchTimerLists
                0x000000000800ded8       0xc8 ./Middlewares/Third_Party/FreeRTOS/timers.o
 .text.prvCheckForValidListAndQueue
                0x000000000800dfa0       0x80 ./Middlewares/Third_Party/FreeRTOS/timers.o
 .text.__errno  0x000000000800e020        0xc c:/st/stm32cubeide_1.12.0/stm32cubeide/plugins/com.st.stm32cube.ide.mcu.externaltools.gnu-tools-for-stm32.10.3-2021.10.win32_1.0.200.202301161003/tools/bin/../lib/gcc/arm-none-eabi/10.3.1/../../../../arm-none-eabi/lib/thumb/v7e-m+dp/hard\libc_nano.a(lib_a-errno.o)
                0x000000000800e020                __errno
 .text.__libc_init_array
                0x000000000800e02c       0x48 c:/st/stm32cubeide_1.12.0/stm32cubeide/plugins/com.st.stm32cube.ide.mcu.externaltools.gnu-tools-for-stm32.10.3-2021.10.win32_1.0.200.202301161003/tools/bin/../lib/gcc/arm-none-eabi/10.3.1/../../../../arm-none-eabi/lib/thumb/v7e-m+dp/hard\libc_nano.a(lib_a-init.o)
                0x000000000800e02c                __libc_init_array
 .text.memcpy   0x000000000800e074       0x1c c:/st/stm32cubeide_1.12.0/stm32cubeide/plugins/com.st.stm32cube.ide.mcu.externaltools.gnu-tools-for-stm32.10.3-2021.10.win32_1.0.200.202301161003/tools/bin/../lib/gcc/arm-none-eabi/10.3.1/../../../../arm-none-eabi/lib/thumb/v7e-m+dp/hard\libc_nano.a(lib_a-memcpy-stub.o)
                0x000000000800e074                memcpy
 .text.memset   0x000000000800e090       0x10 c:/st/stm32cubeide_1.12.0/stm32cubeide/plugins/com.st.stm32cube.ide.mcu.externaltools.gnu-tools-for-stm32.10.3-2021.10.win32_1.0.200.202301161003/tools/bin/../lib/gcc/arm-none-eabi/10.3.1/../../../../arm-none-eabi/lib/thumb/v7e-m+dp/hard\libc_nano.a(lib_a-memset.o)
                0x000000000800e090                memset
 .text.__cvt    0x000000000800e0a0       0xa4 c:/st/stm32cubeide_1.12.0/stm32cubeide/plugins/com.st.stm32cube.ide.mcu.externaltools.gnu-tools-for-stm32.10.3-2021.10.win32_1.0.200.202301161003/tools/bin/../lib/gcc/arm-none-eabi/10.3.1/../../../../arm-none-eabi/lib/thumb/v7e-m+dp/hard\libc_nano.a(lib_a-nano-vfprintf_float.o)
                0x000000000800e0a0                __cvt
 .text.__exponent
                0x000000000800e144       0x7c c:/st/stm32cubeide_1.12.0/stm32cubeide/plugins/com.st.stm32cube.ide.mcu.externaltools.gnu-tools-for-stm32.10.3-2021.10.win32_1.0.200.202301161003/tools/bin/../lib/gcc/arm-none-eabi/10.3.1/../../../../arm-none-eabi/lib/thumb/v7e-m+dp/hard\libc_nano.a(lib_a-nano-vfprintf_float.o)
                0x000000000800e144                __exponent
 .text._printf_float
                0x000000000800e1c0      0x43c c:/st/stm32cubeide_1.12.0/stm32cubeide/plugins/com.st.stm32cube.ide.mcu.externaltools.gnu-tools-for-stm32.10.3-2021.10.win32_1.0.200.202301161003/tools/bin/../lib/gcc/arm-none-eabi/10.3.1/../../../../arm-none-eabi/lib/thumb/v7e-m+dp/hard\libc_nano.a(lib_a-nano-vfprintf_float.o)
                0x000000000800e1c0                _printf_float
 .text._printf_common
                0x000000000800e5fc       0xda c:/st/stm32cubeide_1.12.0/stm32cubeide/plugins/com.st.stm32cube.ide.mcu.externaltools.gnu-tools-for-stm32.10.3-2021.10.win32_1.0.200.202301161003/tools/bin/../lib/gcc/arm-none-eabi/10.3.1/../../../../arm-none-eabi/lib/thumb/v7e-m+dp/hard\libc_nano.a(lib_a-nano-vfprintf_i.o)
                0x000000000800e5fc                _printf_common
 *fill*         0x000000000800e6d6        0x2 
 .text._printf_i
                0x000000000800e6d8      0x24c c:/st/stm32cubeide_1.12.0/stm32cubeide/plugins/com.st.stm32cube.ide.mcu.externaltools.gnu-tools-for-stm32.10.3-2021.10.win32_1.0.200.202301161003/tools/bin/../lib/gcc/arm-none-eabi/10.3.1/../../../../arm-none-eabi/lib/thumb/v7e-m+dp/hard\libc_nano.a(lib_a-nano-vfprintf_i.o)
                0x000000000800e6d8                _printf_i
 .text._scanf_float
                0x000000000800e924      0x40c c:/st/stm32cubeide_1.12.0/stm32cubeide/plugins/com.st.stm32cube.ide.mcu.externaltools.gnu-tools-for-stm32.10.3-2021.10.win32_1.0.200.202301161003/tools/bin/../lib/gcc/arm-none-eabi/10.3.1/../../../../arm-none-eabi/lib/thumb/v7e-m+dp/hard\libc_nano.a(lib_a-nano-vfscanf_float.o)
                0x000000000800e924                _scanf_float
 .text.nanf     0x000000000800ed30        0xc c:/st/stm32cubeide_1.12.0/stm32cubeide/plugins/com.st.stm32cube.ide.mcu.externaltools.gnu-tools-for-stm32.10.3-2021.10.win32_1.0.200.202301161003/tools/bin/../lib/gcc/arm-none-eabi/10.3.1/../../../../arm-none-eabi/lib/thumb/v7e-m+dp/hard\libc_nano.a(lib_a-sf_nan.o)
                0x000000000800ed30                nanf
 .text.snprintf
                0x000000000800ed3c       0x68 c:/st/stm32cubeide_1.12.0/stm32cubeide/plugins/com.st.stm32cube.ide.mcu.externaltools.gnu-tools-for-stm32.10.3-2021.10.win32_1.0.200.202301161003/tools/bin/../lib/gcc/arm-none-eabi/10.3.1/../../../../arm-none-eabi/lib/thumb/v7e-m+dp/hard\libc_nano.a(lib_a-snprintf.o)
                0x000000000800ed3c                sniprintf
                0x000000000800ed3c                snprintf
 .text.sprintf  0x000000000800eda4       0x40 c:/st/stm32cubeide_1.12.0/stm32cubeide/plugins/com.st.stm32cube.ide.mcu.externaltools.gnu-tools-for-stm32.10.3-2021.10.win32_1.0.200.202301161003/tools/bin/../lib/gcc/arm-none-eabi/10.3.1/../../../../arm-none-eabi/lib/thumb/v7e-m+dp/hard\libc_nano.a(lib_a-sprintf.o)
                0x000000000800eda4                siprintf
                0x000000000800eda4                sprintf
 .text.sscanf   0x000000000800ede4       0x58 c:/st/stm32cubeide_1.12.0/stm32cubeide/plugins/com.st.stm32cube.ide.mcu.externaltools.gnu-tools-for-stm32.10.3-2021.10.win32_1.0.200.202301161003/tools/bin/../lib/gcc/arm-none-eabi/10.3.1/../../../../arm-none-eabi/lib/thumb/v7e-m+dp/hard\libc_nano.a(lib_a-sscanf.o)
                0x000000000800ede4                siscanf
                0x000000000800ede4                sscanf
 .text.__sread  0x000000000800ee3c       0x22 c:/st/stm32cubeide_1.12.0/stm32cubeide/plugins/com.st.stm32cube.ide.mcu.externaltools.gnu-tools-for-stm32.10.3-2021.10.win32_1.0.200.202301161003/tools/bin/../lib/gcc/arm-none-eabi/10.3.1/../../../../arm-none-eabi/lib/thumb/v7e-m+dp/hard\libc_nano.a(lib_a-stdio.o)
                0x000000000800ee3c                __sread
 .text.__seofread
                0x000000000800ee5e        0x4 c:/st/stm32cubeide_1.12.0/stm32cubeide/plugins/com.st.stm32cube.ide.mcu.externaltools.gnu-tools-for-stm32.10.3-2021.10.win32_1.0.200.202301161003/tools/bin/../lib/gcc/arm-none-eabi/10.3.1/../../../../arm-none-eabi/lib/thumb/v7e-m+dp/hard\libc_nano.a(lib_a-stdio.o)
                0x000000000800ee5e                __seofread
 .text.__swrite
                0x000000000800ee62       0x38 c:/st/stm32cubeide_1.12.0/stm32cubeide/plugins/com.st.stm32cube.ide.mcu.externaltools.gnu-tools-for-stm32.10.3-2021.10.win32_1.0.200.202301161003/tools/bin/../lib/gcc/arm-none-eabi/10.3.1/../../../../arm-none-eabi/lib/thumb/v7e-m+dp/hard\libc_nano.a(lib_a-stdio.o)
                0x000000000800ee62                __swrite
 .text.__sseek  0x000000000800ee9a       0x24 c:/st/stm32cubeide_1.12.0/stm32cubeide/plugins/com.st.stm32cube.ide.mcu.externaltools.gnu-tools-for-stm32.10.3-2021.10.win32_1.0.200.202301161003/tools/bin/../lib/gcc/arm-none-eabi/10.3.1/../../../../arm-none-eabi/lib/thumb/v7e-m+dp/hard\libc_nano.a(lib_a-stdio.o)
                0x000000000800ee9a                __sseek
 .text.__sclose
                0x000000000800eebe        0x8 c:/st/stm32cubeide_1.12.0/stm32cubeide/plugins/com.st.stm32cube.ide.mcu.externaltools.gnu-tools-for-stm32.10.3-2021.10.win32_1.0.200.202301161003/tools/bin/../lib/gcc/arm-none-eabi/10.3.1/../../../../arm-none-eabi/lib/thumb/v7e-m+dp/hard\libc_nano.a(lib_a-stdio.o)
                0x000000000800eebe                __sclose
 .text.sulp     0x000000000800eec6       0x34 c:/st/stm32cubeide_1.12.0/stm32cubeide/plugins/com.st.stm32cube.ide.mcu.externaltools.gnu-tools-for-stm32.10.3-2021.10.win32_1.0.200.202301161003/tools/bin/../lib/gcc/arm-none-eabi/10.3.1/../../../../arm-none-eabi/lib/thumb/v7e-m+dp/hard\libc_nano.a(lib_a-strtod.o)
 *fill*         0x000000000800eefa        0x6 
 .text._strtod_l
                0x000000000800ef00      0xb6c c:/st/stm32cubeide_1.12.0/stm32cubeide/plugins/com.st.stm32cube.ide.mcu.externaltools.gnu-tools-for-stm32.10.3-2021.10.win32_1.0.200.202301161003/tools/bin/../lib/gcc/arm-none-eabi/10.3.1/../../../../arm-none-eabi/lib/thumb/v7e-m+dp/hard\libc_nano.a(lib_a-strtod.o)
                0x000000000800ef00                _strtod_l
 .text._strtod_r
                0x000000000800fa6c        0xc c:/st/stm32cubeide_1.12.0/stm32cubeide/plugins/com.st.stm32cube.ide.mcu.externaltools.gnu-tools-for-stm32.10.3-2021.10.win32_1.0.200.202301161003/tools/bin/../lib/gcc/arm-none-eabi/10.3.1/../../../../arm-none-eabi/lib/thumb/v7e-m+dp/hard\libc_nano.a(lib_a-strtod.o)
                0x000000000800fa6c                _strtod_r
 .text._strtol_l.constprop.0
                0x000000000800fa78      0x104 c:/st/stm32cubeide_1.12.0/stm32cubeide/plugins/com.st.stm32cube.ide.mcu.externaltools.gnu-tools-for-stm32.10.3-2021.10.win32_1.0.200.202301161003/tools/bin/../lib/gcc/arm-none-eabi/10.3.1/../../../../arm-none-eabi/lib/thumb/v7e-m+dp/hard\libc_nano.a(lib_a-strtol.o)
 .text._strtol_r
                0x000000000800fb7c        0x4 c:/st/stm32cubeide_1.12.0/stm32cubeide/plugins/com.st.stm32cube.ide.mcu.externaltools.gnu-tools-for-stm32.10.3-2021.10.win32_1.0.200.202301161003/tools/bin/../lib/gcc/arm-none-eabi/10.3.1/../../../../arm-none-eabi/lib/thumb/v7e-m+dp/hard\libc_nano.a(lib_a-strtol.o)
                0x000000000800fb7c                _strtol_r
 .text._vsnprintf_r
                0x000000000800fb80       0x56 c:/st/stm32cubeide_1.12.0/stm32cubeide/plugins/com.st.stm32cube.ide.mcu.externaltools.gnu-tools-for-stm32.10.3-2021.10.win32_1.0.200.202301161003/tools/bin/../lib/gcc/arm-none-eabi/10.3.1/../../../../arm-none-eabi/lib/thumb/v7e-m+dp/hard\libc_nano.a(lib_a-vsnprintf.o)
                0x000000000800fb80                _vsniprintf_r
                0x000000000800fb80                _vsnprintf_r
 *fill*         0x000000000800fbd6        0x2 
 .text.vsnprintf
                0x000000000800fbd8       0x1c c:/st/stm32cubeide_1.12.0/stm32cubeide/plugins/com.st.stm32cube.ide.mcu.externaltools.gnu-tools-for-stm32.10.3-2021.10.win32_1.0.200.202301161003/tools/bin/../lib/gcc/arm-none-eabi/10.3.1/../../../../arm-none-eabi/lib/thumb/v7e-m+dp/hard\libc_nano.a(lib_a-vsnprintf.o)
                0x000000000800fbd8                vsniprintf
                0x000000000800fbd8                vsnprintf
 .text._write_r
                0x000000000800fbf4       0x24 c:/st/stm32cubeide_1.12.0/stm32cubeide/plugins/com.st.stm32cube.ide.mcu.externaltools.gnu-tools-for-stm32.10.3-2021.10.win32_1.0.200.202301161003/tools/bin/../lib/gcc/arm-none-eabi/10.3.1/../../../../arm-none-eabi/lib/thumb/v7e-m+dp/hard\libc_nano.a(lib_a-writer.o)
                0x000000000800fbf4                _write_r
 .text._close_r
                0x000000000800fc18       0x20 c:/st/stm32cubeide_1.12.0/stm32cubeide/plugins/com.st.stm32cube.ide.mcu.externaltools.gnu-tools-for-stm32.10.3-2021.10.win32_1.0.200.202301161003/tools/bin/../lib/gcc/arm-none-eabi/10.3.1/../../../../arm-none-eabi/lib/thumb/v7e-m+dp/hard\libc_nano.a(lib_a-closer.o)
                0x000000000800fc18                _close_r
 .text.quorem   0x000000000800fc38      0x116 c:/st/stm32cubeide_1.12.0/stm32cubeide/plugins/com.st.stm32cube.ide.mcu.externaltools.gnu-tools-for-stm32.10.3-2021.10.win32_1.0.200.202301161003/tools/bin/../lib/gcc/arm-none-eabi/10.3.1/../../../../arm-none-eabi/lib/thumb/v7e-m+dp/hard\libc_nano.a(lib_a-dtoa.o)
 *fill*         0x000000000800fd4e        0x2 
 .text._dtoa_r  0x000000000800fd50      0xadc c:/st/stm32cubeide_1.12.0/stm32cubeide/plugins/com.st.stm32cube.ide.mcu.externaltools.gnu-tools-for-stm32.10.3-2021.10.win32_1.0.200.202301161003/tools/bin/../lib/gcc/arm-none-eabi/10.3.1/../../../../arm-none-eabi/lib/thumb/v7e-m+dp/hard\libc_nano.a(lib_a-dtoa.o)
                0x000000000800fd50                _dtoa_r
 .text.rshift   0x000000000801082c       0xa4 c:/st/stm32cubeide_1.12.0/stm32cubeide/plugins/com.st.stm32cube.ide.mcu.externaltools.gnu-tools-for-stm32.10.3-2021.10.win32_1.0.200.202301161003/tools/bin/../lib/gcc/arm-none-eabi/10.3.1/../../../../arm-none-eabi/lib/thumb/v7e-m+dp/hard\libc_nano.a(lib_a-gdtoa-gethex.o)
 .text.__hexdig_fun
                0x00000000080108d0       0x2a c:/st/stm32cubeide_1.12.0/stm32cubeide/plugins/com.st.stm32cube.ide.mcu.externaltools.gnu-tools-for-stm32.10.3-2021.10.win32_1.0.200.202301161003/tools/bin/../lib/gcc/arm-none-eabi/10.3.1/../../../../arm-none-eabi/lib/thumb/v7e-m+dp/hard\libc_nano.a(lib_a-gdtoa-gethex.o)
                0x00000000080108d0                __hexdig_fun
 *fill*         0x00000000080108fa        0x2 
 .text.__gethex
                0x00000000080108fc      0x48c c:/st/stm32cubeide_1.12.0/stm32cubeide/plugins/com.st.stm32cube.ide.mcu.externaltools.gnu-tools-for-stm32.10.3-2021.10.win32_1.0.200.202301161003/tools/bin/../lib/gcc/arm-none-eabi/10.3.1/../../../../arm-none-eabi/lib/thumb/v7e-m+dp/hard\libc_nano.a(lib_a-gdtoa-gethex.o)
                0x00000000080108fc                __gethex
 .text.L_shift  0x0000000008010d88       0x24 c:/st/stm32cubeide_1.12.0/stm32cubeide/plugins/com.st.stm32cube.ide.mcu.externaltools.gnu-tools-for-stm32.10.3-2021.10.win32_1.0.200.202301161003/tools/bin/../lib/gcc/arm-none-eabi/10.3.1/../../../../arm-none-eabi/lib/thumb/v7e-m+dp/hard\libc_nano.a(lib_a-gdtoa-hexnan.o)
 .text.__match  0x0000000008010dac       0x28 c:/st/stm32cubeide_1.12.0/stm32cubeide/plugins/com.st.stm32cube.ide.mcu.externaltools.gnu-tools-for-stm32.10.3-2021.10.win32_1.0.200.202301161003/tools/bin/../lib/gcc/arm-none-eabi/10.3.1/../../../../arm-none-eabi/lib/thumb/v7e-m+dp/hard\libc_nano.a(lib_a-gdtoa-hexnan.o)
                0x0000000008010dac                __match
 .text.__hexnan
                0x0000000008010dd4      0x138 c:/st/stm32cubeide_1.12.0/stm32cubeide/plugins/com.st.stm32cube.ide.mcu.externaltools.gnu-tools-for-stm32.10.3-2021.10.win32_1.0.200.202301161003/tools/bin/../lib/gcc/arm-none-eabi/10.3.1/../../../../arm-none-eabi/lib/thumb/v7e-m+dp/hard\libc_nano.a(lib_a-gdtoa-hexnan.o)
                0x0000000008010dd4                __hexnan
 .text._localeconv_r
                0x0000000008010f0c        0x8 c:/st/stm32cubeide_1.12.0/stm32cubeide/plugins/com.st.stm32cube.ide.mcu.externaltools.gnu-tools-for-stm32.10.3-2021.10.win32_1.0.200.202301161003/tools/bin/../lib/gcc/arm-none-eabi/10.3.1/../../../../arm-none-eabi/lib/thumb/v7e-m+dp/hard\libc_nano.a(lib_a-localeconv.o)
                0x0000000008010f0c                _localeconv_r
 .text._lseek_r
                0x0000000008010f14       0x24 c:/st/stm32cubeide_1.12.0/stm32cubeide/plugins/com.st.stm32cube.ide.mcu.externaltools.gnu-tools-for-stm32.10.3-2021.10.win32_1.0.200.202301161003/tools/bin/../lib/gcc/arm-none-eabi/10.3.1/../../../../arm-none-eabi/lib/thumb/v7e-m+dp/hard\libc_nano.a(lib_a-lseekr.o)
                0x0000000008010f14                _lseek_r
 .text.malloc   0x0000000008010f38       0x10 c:/st/stm32cubeide_1.12.0/stm32cubeide/plugins/com.st.stm32cube.ide.mcu.externaltools.gnu-tools-for-stm32.10.3-2021.10.win32_1.0.200.202301161003/tools/bin/../lib/gcc/arm-none-eabi/10.3.1/../../../../arm-none-eabi/lib/thumb/v7e-m+dp/hard\libc_nano.a(lib_a-malloc.o)
                0x0000000008010f38                malloc
 .text.__ascii_mbtowc
                0x0000000008010f48       0x24 c:/st/stm32cubeide_1.12.0/stm32cubeide/plugins/com.st.stm32cube.ide.mcu.externaltools.gnu-tools-for-stm32.10.3-2021.10.win32_1.0.200.202301161003/tools/bin/../lib/gcc/arm-none-eabi/10.3.1/../../../../arm-none-eabi/lib/thumb/v7e-m+dp/hard\libc_nano.a(lib_a-mbtowc_r.o)
                0x0000000008010f48                __ascii_mbtowc
 .text._Balloc  0x0000000008010f6c       0x80 c:/st/stm32cubeide_1.12.0/stm32cubeide/plugins/com.st.stm32cube.ide.mcu.externaltools.gnu-tools-for-stm32.10.3-2021.10.win32_1.0.200.202301161003/tools/bin/../lib/gcc/arm-none-eabi/10.3.1/../../../../arm-none-eabi/lib/thumb/v7e-m+dp/hard\libc_nano.a(lib_a-mprec.o)
                0x0000000008010f6c                _Balloc
 .text._Bfree   0x0000000008010fec       0x44 c:/st/stm32cubeide_1.12.0/stm32cubeide/plugins/com.st.stm32cube.ide.mcu.externaltools.gnu-tools-for-stm32.10.3-2021.10.win32_1.0.200.202301161003/tools/bin/../lib/gcc/arm-none-eabi/10.3.1/../../../../arm-none-eabi/lib/thumb/v7e-m+dp/hard\libc_nano.a(lib_a-mprec.o)
                0x0000000008010fec                _Bfree
 .text.__multadd
                0x0000000008011030       0x8c c:/st/stm32cubeide_1.12.0/stm32cubeide/plugins/com.st.stm32cube.ide.mcu.externaltools.gnu-tools-for-stm32.10.3-2021.10.win32_1.0.200.202301161003/tools/bin/../lib/gcc/arm-none-eabi/10.3.1/../../../../arm-none-eabi/lib/thumb/v7e-m+dp/hard\libc_nano.a(lib_a-mprec.o)
                0x0000000008011030                __multadd
 .text.__s2b    0x00000000080110bc       0x94 c:/st/stm32cubeide_1.12.0/stm32cubeide/plugins/com.st.stm32cube.ide.mcu.externaltools.gnu-tools-for-stm32.10.3-2021.10.win32_1.0.200.202301161003/tools/bin/../lib/gcc/arm-none-eabi/10.3.1/../../../../arm-none-eabi/lib/thumb/v7e-m+dp/hard\libc_nano.a(lib_a-mprec.o)
                0x00000000080110bc                __s2b
 .text.__hi0bits
                0x0000000008011150       0x40 c:/st/stm32cubeide_1.12.0/stm32cubeide/plugins/com.st.stm32cube.ide.mcu.externaltools.gnu-tools-for-stm32.10.3-2021.10.win32_1.0.200.202301161003/tools/bin/../lib/gcc/arm-none-eabi/10.3.1/../../../../arm-none-eabi/lib/thumb/v7e-m+dp/hard\libc_nano.a(lib_a-mprec.o)
                0x0000000008011150                __hi0bits
 .text.__lo0bits
                0x0000000008011190       0x5e c:/st/stm32cubeide_1.12.0/stm32cubeide/plugins/com.st.stm32cube.ide.mcu.externaltools.gnu-tools-for-stm32.10.3-2021.10.win32_1.0.200.202301161003/tools/bin/../lib/gcc/arm-none-eabi/10.3.1/../../../../arm-none-eabi/lib/thumb/v7e-m+dp/hard\libc_nano.a(lib_a-mprec.o)
                0x0000000008011190                __lo0bits
 *fill*         0x00000000080111ee        0x2 
 .text.__i2b    0x00000000080111f0       0x2c c:/st/stm32cubeide_1.12.0/stm32cubeide/plugins/com.st.stm32cube.ide.mcu.externaltools.gnu-tools-for-stm32.10.3-2021.10.win32_1.0.200.202301161003/tools/bin/../lib/gcc/arm-none-eabi/10.3.1/../../../../arm-none-eabi/lib/thumb/v7e-m+dp/hard\libc_nano.a(lib_a-mprec.o)
                0x00000000080111f0                __i2b
 .text.__multiply
                0x000000000801121c      0x154 c:/st/stm32cubeide_1.12.0/stm32cubeide/plugins/com.st.stm32cube.ide.mcu.externaltools.gnu-tools-for-stm32.10.3-2021.10.win32_1.0.200.202301161003/tools/bin/../lib/gcc/arm-none-eabi/10.3.1/../../../../arm-none-eabi/lib/thumb/v7e-m+dp/hard\libc_nano.a(lib_a-mprec.o)
                0x000000000801121c                __multiply
 .text.__pow5mult
                0x0000000008011370       0xb4 c:/st/stm32cubeide_1.12.0/stm32cubeide/plugins/com.st.stm32cube.ide.mcu.externaltools.gnu-tools-for-stm32.10.3-2021.10.win32_1.0.200.202301161003/tools/bin/../lib/gcc/arm-none-eabi/10.3.1/../../../../arm-none-eabi/lib/thumb/v7e-m+dp/hard\libc_nano.a(lib_a-mprec.o)
                0x0000000008011370                __pow5mult
 .text.__lshift
                0x0000000008011424       0xe0 c:/st/stm32cubeide_1.12.0/stm32cubeide/plugins/com.st.stm32cube.ide.mcu.externaltools.gnu-tools-for-stm32.10.3-2021.10.win32_1.0.200.202301161003/tools/bin/../lib/gcc/arm-none-eabi/10.3.1/../../../../arm-none-eabi/lib/thumb/v7e-m+dp/hard\libc_nano.a(lib_a-mprec.o)
                0x0000000008011424                __lshift
 .text.__mcmp   0x0000000008011504       0x38 c:/st/stm32cubeide_1.12.0/stm32cubeide/plugins/com.st.stm32cube.ide.mcu.externaltools.gnu-tools-for-stm32.10.3-2021.10.win32_1.0.200.202301161003/tools/bin/../lib/gcc/arm-none-eabi/10.3.1/../../../../arm-none-eabi/lib/thumb/v7e-m+dp/hard\libc_nano.a(lib_a-mprec.o)
                0x0000000008011504                __mcmp
 .text.__mdiff  0x000000000801153c      0x114 c:/st/stm32cubeide_1.12.0/stm32cubeide/plugins/com.st.stm32cube.ide.mcu.externaltools.gnu-tools-for-stm32.10.3-2021.10.win32_1.0.200.202301161003/tools/bin/../lib/gcc/arm-none-eabi/10.3.1/../../../../arm-none-eabi/lib/thumb/v7e-m+dp/hard\libc_nano.a(lib_a-mprec.o)
                0x000000000801153c                __mdiff
 .text.__ulp    0x0000000008011650       0x58 c:/st/stm32cubeide_1.12.0/stm32cubeide/plugins/com.st.stm32cube.ide.mcu.externaltools.gnu-tools-for-stm32.10.3-2021.10.win32_1.0.200.202301161003/tools/bin/../lib/gcc/arm-none-eabi/10.3.1/../../../../arm-none-eabi/lib/thumb/v7e-m+dp/hard\libc_nano.a(lib_a-mprec.o)
                0x0000000008011650                __ulp
 .text.__b2d    0x00000000080116a8       0xa0 c:/st/stm32cubeide_1.12.0/stm32cubeide/plugins/com.st.stm32cube.ide.mcu.externaltools.gnu-tools-for-stm32.10.3-2021.10.win32_1.0.200.202301161003/tools/bin/../lib/gcc/arm-none-eabi/10.3.1/../../../../arm-none-eabi/lib/thumb/v7e-m+dp/hard\libc_nano.a(lib_a-mprec.o)
                0x00000000080116a8                __b2d
 .text.__d2b    0x0000000008011748       0xb8 c:/st/stm32cubeide_1.12.0/stm32cubeide/plugins/com.st.stm32cube.ide.mcu.externaltools.gnu-tools-for-stm32.10.3-2021.10.win32_1.0.200.202301161003/tools/bin/../lib/gcc/arm-none-eabi/10.3.1/../../../../arm-none-eabi/lib/thumb/v7e-m+dp/hard\libc_nano.a(lib_a-mprec.o)
                0x0000000008011748                __d2b
 .text.__ratio  0x0000000008011800       0x60 c:/st/stm32cubeide_1.12.0/stm32cubeide/plugins/com.st.stm32cube.ide.mcu.externaltools.gnu-tools-for-stm32.10.3-2021.10.win32_1.0.200.202301161003/tools/bin/../lib/gcc/arm-none-eabi/10.3.1/../../../../arm-none-eabi/lib/thumb/v7e-m+dp/hard\libc_nano.a(lib_a-mprec.o)
                0x0000000008011800                __ratio
 .text.__copybits
                0x0000000008011860       0x46 c:/st/stm32cubeide_1.12.0/stm32cubeide/plugins/com.st.stm32cube.ide.mcu.externaltools.gnu-tools-for-stm32.10.3-2021.10.win32_1.0.200.202301161003/tools/bin/../lib/gcc/arm-none-eabi/10.3.1/../../../../arm-none-eabi/lib/thumb/v7e-m+dp/hard\libc_nano.a(lib_a-mprec.o)
                0x0000000008011860                __copybits
 .text.__any_on
                0x00000000080118a6       0x42 c:/st/stm32cubeide_1.12.0/stm32cubeide/plugins/com.st.stm32cube.ide.mcu.externaltools.gnu-tools-for-stm32.10.3-2021.10.win32_1.0.200.202301161003/tools/bin/../lib/gcc/arm-none-eabi/10.3.1/../../../../arm-none-eabi/lib/thumb/v7e-m+dp/hard\libc_nano.a(lib_a-mprec.o)
                0x00000000080118a6                __any_on
 .text._calloc_r
                0x00000000080118e8       0x2c c:/st/stm32cubeide_1.12.0/stm32cubeide/plugins/com.st.stm32cube.ide.mcu.externaltools.gnu-tools-for-stm32.10.3-2021.10.win32_1.0.200.202301161003/tools/bin/../lib/gcc/arm-none-eabi/10.3.1/../../../../arm-none-eabi/lib/thumb/v7e-m+dp/hard\libc_nano.a(lib_a-nano-callocr.o)
                0x00000000080118e8                _calloc_r
 .text._free_r  0x0000000008011914       0x98 c:/st/stm32cubeide_1.12.0/stm32cubeide/plugins/com.st.stm32cube.ide.mcu.externaltools.gnu-tools-for-stm32.10.3-2021.10.win32_1.0.200.202301161003/tools/bin/../lib/gcc/arm-none-eabi/10.3.1/../../../../arm-none-eabi/lib/thumb/v7e-m+dp/hard\libc_nano.a(lib_a-nano-freer.o)
                0x0000000008011914                _free_r
 .text.sbrk_aligned
                0x00000000080119ac       0x40 c:/st/stm32cubeide_1.12.0/stm32cubeide/plugins/com.st.stm32cube.ide.mcu.externaltools.gnu-tools-for-stm32.10.3-2021.10.win32_1.0.200.202301161003/tools/bin/../lib/gcc/arm-none-eabi/10.3.1/../../../../arm-none-eabi/lib/thumb/v7e-m+dp/hard\libc_nano.a(lib_a-nano-mallocr.o)
 .text._malloc_r
                0x00000000080119ec       0xe8 c:/st/stm32cubeide_1.12.0/stm32cubeide/plugins/com.st.stm32cube.ide.mcu.externaltools.gnu-tools-for-stm32.10.3-2021.10.win32_1.0.200.202301161003/tools/bin/../lib/gcc/arm-none-eabi/10.3.1/../../../../arm-none-eabi/lib/thumb/v7e-m+dp/hard\libc_nano.a(lib_a-nano-mallocr.o)
                0x00000000080119ec                _malloc_r
 .text.__ssputs_r
                0x0000000008011ad4       0xb6 c:/st/stm32cubeide_1.12.0/stm32cubeide/plugins/com.st.stm32cube.ide.mcu.externaltools.gnu-tools-for-stm32.10.3-2021.10.win32_1.0.200.202301161003/tools/bin/../lib/gcc/arm-none-eabi/10.3.1/../../../../arm-none-eabi/lib/thumb/v7e-m+dp/hard\libc_nano.a(lib_a-nano-svfprintf.o)
                0x0000000008011ad4                __ssputs_r
 *fill*         0x0000000008011b8a        0x2 
 .text._svfprintf_r
                0x0000000008011b8c      0x200 c:/st/stm32cubeide_1.12.0/stm32cubeide/plugins/com.st.stm32cube.ide.mcu.externaltools.gnu-tools-for-stm32.10.3-2021.10.win32_1.0.200.202301161003/tools/bin/../lib/gcc/arm-none-eabi/10.3.1/../../../../arm-none-eabi/lib/thumb/v7e-m+dp/hard\libc_nano.a(lib_a-nano-svfprintf.o)
                0x0000000008011b8c                _svfiprintf_r
                0x0000000008011b8c                _svfprintf_r
 .text._sungetc_r
                0x0000000008011d8c       0x7a c:/st/stm32cubeide_1.12.0/stm32cubeide/plugins/com.st.stm32cube.ide.mcu.externaltools.gnu-tools-for-stm32.10.3-2021.10.win32_1.0.200.202301161003/tools/bin/../lib/gcc/arm-none-eabi/10.3.1/../../../../arm-none-eabi/lib/thumb/v7e-m+dp/hard\libc_nano.a(lib_a-nano-svfscanf.o)
                0x0000000008011d8c                _sungetc_r
 .text.__ssrefill_r
                0x0000000008011e06       0x3a c:/st/stm32cubeide_1.12.0/stm32cubeide/plugins/com.st.stm32cube.ide.mcu.externaltools.gnu-tools-for-stm32.10.3-2021.10.win32_1.0.200.202301161003/tools/bin/../lib/gcc/arm-none-eabi/10.3.1/../../../../arm-none-eabi/lib/thumb/v7e-m+dp/hard\libc_nano.a(lib_a-nano-svfscanf.o)
                0x0000000008011e06                __ssrefill_r
 .text.__ssvfscanf_r
                0x0000000008011e40      0x2f0 c:/st/stm32cubeide_1.12.0/stm32cubeide/plugins/com.st.stm32cube.ide.mcu.externaltools.gnu-tools-for-stm32.10.3-2021.10.win32_1.0.200.202301161003/tools/bin/../lib/gcc/arm-none-eabi/10.3.1/../../../../arm-none-eabi/lib/thumb/v7e-m+dp/hard\libc_nano.a(lib_a-nano-svfscanf.o)
                0x0000000008011e40                __ssvfiscanf_r
                0x0000000008011e40                __ssvfscanf_r
 .text._scanf_chars
                0x0000000008012130       0xb4 c:/st/stm32cubeide_1.12.0/stm32cubeide/plugins/com.st.stm32cube.ide.mcu.externaltools.gnu-tools-for-stm32.10.3-2021.10.win32_1.0.200.202301161003/tools/bin/../lib/gcc/arm-none-eabi/10.3.1/../../../../arm-none-eabi/lib/thumb/v7e-m+dp/hard\libc_nano.a(lib_a-nano-vfscanf_i.o)
                0x0000000008012130                _scanf_chars
 .text._scanf_i
                0x00000000080121e4      0x1f0 c:/st/stm32cubeide_1.12.0/stm32cubeide/plugins/com.st.stm32cube.ide.mcu.externaltools.gnu-tools-for-stm32.10.3-2021.10.win32_1.0.200.202301161003/tools/bin/../lib/gcc/arm-none-eabi/10.3.1/../../../../arm-none-eabi/lib/thumb/v7e-m+dp/hard\libc_nano.a(lib_a-nano-vfscanf_i.o)
                0x00000000080121e4                _scanf_i
 .text._read_r  0x00000000080123d4       0x24 c:/st/stm32cubeide_1.12.0/stm32cubeide/plugins/com.st.stm32cube.ide.mcu.externaltools.gnu-tools-for-stm32.10.3-2021.10.win32_1.0.200.202301161003/tools/bin/../lib/gcc/arm-none-eabi/10.3.1/../../../../arm-none-eabi/lib/thumb/v7e-m+dp/hard\libc_nano.a(lib_a-readr.o)
                0x00000000080123d4                _read_r
 .text.nan      0x00000000080123f8       0x10 c:/st/stm32cubeide_1.12.0/stm32cubeide/plugins/com.st.stm32cube.ide.mcu.externaltools.gnu-tools-for-stm32.10.3-2021.10.win32_1.0.200.202301161003/tools/bin/../lib/gcc/arm-none-eabi/10.3.1/../../../../arm-none-eabi/lib/thumb/v7e-m+dp/hard\libc_nano.a(lib_a-s_nan.o)
                0x00000000080123f8                nan
 .text._sbrk_r  0x0000000008012408       0x20 c:/st/stm32cubeide_1.12.0/stm32cubeide/plugins/com.st.stm32cube.ide.mcu.externaltools.gnu-tools-for-stm32.10.3-2021.10.win32_1.0.200.202301161003/tools/bin/../lib/gcc/arm-none-eabi/10.3.1/../../../../arm-none-eabi/lib/thumb/v7e-m+dp/hard\libc_nano.a(lib_a-sbrkr.o)
                0x0000000008012408                _sbrk_r
 .text.__sccl   0x0000000008012428       0x70 c:/st/stm32cubeide_1.12.0/stm32cubeide/plugins/com.st.stm32cube.ide.mcu.externaltools.gnu-tools-for-stm32.10.3-2021.10.win32_1.0.200.202301161003/tools/bin/../lib/gcc/arm-none-eabi/10.3.1/../../../../arm-none-eabi/lib/thumb/v7e-m+dp/hard\libc_nano.a(lib_a-sccl.o)
                0x0000000008012428                __sccl
 .text.strncmp  0x0000000008012498       0x28 c:/st/stm32cubeide_1.12.0/stm32cubeide/plugins/com.st.stm32cube.ide.mcu.externaltools.gnu-tools-for-stm32.10.3-2021.10.win32_1.0.200.202301161003/tools/bin/../lib/gcc/arm-none-eabi/10.3.1/../../../../arm-none-eabi/lib/thumb/v7e-m+dp/hard\libc_nano.a(lib_a-strncmp.o)
                0x0000000008012498                strncmp
 .text._strtoul_l.constprop.0
                0x00000000080124c0       0xe4 c:/st/stm32cubeide_1.12.0/stm32cubeide/plugins/com.st.stm32cube.ide.mcu.externaltools.gnu-tools-for-stm32.10.3-2021.10.win32_1.0.200.202301161003/tools/bin/../lib/gcc/arm-none-eabi/10.3.1/../../../../arm-none-eabi/lib/thumb/v7e-m+dp/hard\libc_nano.a(lib_a-strtoul.o)
 .text._strtoul_r
                0x00000000080125a4        0x4 c:/st/stm32cubeide_1.12.0/stm32cubeide/plugins/com.st.stm32cube.ide.mcu.externaltools.gnu-tools-for-stm32.10.3-2021.10.win32_1.0.200.202301161003/tools/bin/../lib/gcc/arm-none-eabi/10.3.1/../../../../arm-none-eabi/lib/thumb/v7e-m+dp/hard\libc_nano.a(lib_a-strtoul.o)
                0x00000000080125a4                _strtoul_r
 .text.__submore
                0x00000000080125a8       0x74 c:/st/stm32cubeide_1.12.0/stm32cubeide/plugins/com.st.stm32cube.ide.mcu.externaltools.gnu-tools-for-stm32.10.3-2021.10.win32_1.0.200.202301161003/tools/bin/../lib/gcc/arm-none-eabi/10.3.1/../../../../arm-none-eabi/lib/thumb/v7e-m+dp/hard\libc_nano.a(lib_a-ungetc.o)
                0x00000000080125a8                __submore
 .text.__ascii_wctomb
                0x000000000801261c       0x1a c:/st/stm32cubeide_1.12.0/stm32cubeide/plugins/com.st.stm32cube.ide.mcu.externaltools.gnu-tools-for-stm32.10.3-2021.10.win32_1.0.200.202301161003/tools/bin/../lib/gcc/arm-none-eabi/10.3.1/../../../../arm-none-eabi/lib/thumb/v7e-m+dp/hard\libc_nano.a(lib_a-wctomb_r.o)
                0x000000000801261c                __ascii_wctomb
 *fill*         0x0000000008012636        0x2 
 .text.__assert_func
                0x0000000008012638       0x3c c:/st/stm32cubeide_1.12.0/stm32cubeide/plugins/com.st.stm32cube.ide.mcu.externaltools.gnu-tools-for-stm32.10.3-2021.10.win32_1.0.200.202301161003/tools/bin/../lib/gcc/arm-none-eabi/10.3.1/../../../../arm-none-eabi/lib/thumb/v7e-m+dp/hard\libc_nano.a(lib_a-assert.o)
                0x0000000008012638                __assert_func
 .text.__sflush_r
                0x0000000008012674      0x10c c:/st/stm32cubeide_1.12.0/stm32cubeide/plugins/com.st.stm32cube.ide.mcu.externaltools.gnu-tools-for-stm32.10.3-2021.10.win32_1.0.200.202301161003/tools/bin/../lib/gcc/arm-none-eabi/10.3.1/../../../../arm-none-eabi/lib/thumb/v7e-m+dp/hard\libc_nano.a(lib_a-fflush.o)
                0x0000000008012674                __sflush_r
 .text._fflush_r
                0x0000000008012780       0x78 c:/st/stm32cubeide_1.12.0/stm32cubeide/plugins/com.st.stm32cube.ide.mcu.externaltools.gnu-tools-for-stm32.10.3-2021.10.win32_1.0.200.202301161003/tools/bin/../lib/gcc/arm-none-eabi/10.3.1/../../../../arm-none-eabi/lib/thumb/v7e-m+dp/hard\libc_nano.a(lib_a-fflush.o)
                0x0000000008012780                _fflush_r
 .text.std      0x00000000080127f8       0x48 c:/st/stm32cubeide_1.12.0/stm32cubeide/plugins/com.st.stm32cube.ide.mcu.externaltools.gnu-tools-for-stm32.10.3-2021.10.win32_1.0.200.202301161003/tools/bin/../lib/gcc/arm-none-eabi/10.3.1/../../../../arm-none-eabi/lib/thumb/v7e-m+dp/hard\libc_nano.a(lib_a-findfp.o)
 .text._cleanup_r
                0x0000000008012840        0xc c:/st/stm32cubeide_1.12.0/stm32cubeide/plugins/com.st.stm32cube.ide.mcu.externaltools.gnu-tools-for-stm32.10.3-2021.10.win32_1.0.200.202301161003/tools/bin/../lib/gcc/arm-none-eabi/10.3.1/../../../../arm-none-eabi/lib/thumb/v7e-m+dp/hard\libc_nano.a(lib_a-findfp.o)
                0x0000000008012840                _cleanup_r
 .text.__sfmoreglue
                0x000000000801284c       0x2c c:/st/stm32cubeide_1.12.0/stm32cubeide/plugins/com.st.stm32cube.ide.mcu.externaltools.gnu-tools-for-stm32.10.3-2021.10.win32_1.0.200.202301161003/tools/bin/../lib/gcc/arm-none-eabi/10.3.1/../../../../arm-none-eabi/lib/thumb/v7e-m+dp/hard\libc_nano.a(lib_a-findfp.o)
                0x000000000801284c                __sfmoreglue
 .text.__sfp_lock_acquire
                0x0000000008012878        0xc c:/st/stm32cubeide_1.12.0/stm32cubeide/plugins/com.st.stm32cube.ide.mcu.externaltools.gnu-tools-for-stm32.10.3-2021.10.win32_1.0.200.202301161003/tools/bin/../lib/gcc/arm-none-eabi/10.3.1/../../../../arm-none-eabi/lib/thumb/v7e-m+dp/hard\libc_nano.a(lib_a-findfp.o)
                0x0000000008012878                __sfp_lock_acquire
 .text.__sfp_lock_release
                0x0000000008012884        0xc c:/st/stm32cubeide_1.12.0/stm32cubeide/plugins/com.st.stm32cube.ide.mcu.externaltools.gnu-tools-for-stm32.10.3-2021.10.win32_1.0.200.202301161003/tools/bin/../lib/gcc/arm-none-eabi/10.3.1/../../../../arm-none-eabi/lib/thumb/v7e-m+dp/hard\libc_nano.a(lib_a-findfp.o)
                0x0000000008012884                __sfp_lock_release
 .text.__sinit_lock_acquire
                0x0000000008012890        0xc c:/st/stm32cubeide_1.12.0/stm32cubeide/plugins/com.st.stm32cube.ide.mcu.externaltools.gnu-tools-for-stm32.10.3-2021.10.win32_1.0.200.202301161003/tools/bin/../lib/gcc/arm-none-eabi/10.3.1/../../../../arm-none-eabi/lib/thumb/v7e-m+dp/hard\libc_nano.a(lib_a-findfp.o)
                0x0000000008012890                __sinit_lock_acquire
 .text.__sinit_lock_release
                0x000000000801289c        0xc c:/st/stm32cubeide_1.12.0/stm32cubeide/plugins/com.st.stm32cube.ide.mcu.externaltools.gnu-tools-for-stm32.10.3-2021.10.win32_1.0.200.202301161003/tools/bin/../lib/gcc/arm-none-eabi/10.3.1/../../../../arm-none-eabi/lib/thumb/v7e-m+dp/hard\libc_nano.a(lib_a-findfp.o)
                0x000000000801289c                __sinit_lock_release