Archive member included to satisfy reference by file (symbol)

c:/st/stm32cubeide_1.12.0/stm32cubeide/plugins/com.st.stm32cube.ide.mcu.externaltools.gnu-tools-for-stm32.10.3-2021.10.win32_1.0.200.202301161003/tools/bin/../lib/gcc/arm-none-eabi/10.3.1/../../../../arm-none-eabi/lib/thumb/v7e-m+dp/hard\libc_nano.a(lib_a-errno.o)
                              ./Core/Src/syscalls.o (__errno)
c:/st/stm32cubeide_1.12.0/stm32cubeide/plugins/com.st.stm32cube.ide.mcu.externaltools.gnu-tools-for-stm32.10.3-2021.10.win32_1.0.200.202301161003/tools/bin/../lib/gcc/arm-none-eabi/10.3.1/../../../../arm-none-eabi/lib/thumb/v7e-m+dp/hard\libc_nano.a(lib_a-exit.o)
                              c:/st/stm32cubeide_1.12.0/stm32cubeide/plugins/com.st.stm32cube.ide.mcu.externaltools.gnu-tools-for-stm32.10.3-2021.10.win32_1.0.200.202301161003/tools/bin/../lib/gcc/arm-none-eabi/10.3.1/../../../../arm-none-eabi/lib/thumb/v7e-m+dp/hard/crt0.o (exit)
c:/st/stm32cubeide_1.12.0/stm32cubeide/plugins/com.st.stm32cube.ide.mcu.externaltools.gnu-tools-for-stm32.10.3-2021.10.win32_1.0.200.202301161003/tools/bin/../lib/gcc/arm-none-eabi/10.3.1/../../../../arm-none-eabi/lib/thumb/v7e-m+dp/hard\libc_nano.a(lib_a-impure.o)
                              c:/st/stm32cubeide_1.12.0/stm32cubeide/plugins/com.st.stm32cube.ide.mcu.externaltools.gnu-tools-for-stm32.10.3-2021.10.win32_1.0.200.202301161003/tools/bin/../lib/gcc/arm-none-eabi/10.3.1/../../../../arm-none-eabi/lib/thumb/v7e-m+dp/hard\libc_nano.a(lib_a-exit.o) (_global_impure_ptr)
c:/st/stm32cubeide_1.12.0/stm32cubeide/plugins/com.st.stm32cube.ide.mcu.externaltools.gnu-tools-for-stm32.10.3-2021.10.win32_1.0.200.202301161003/tools/bin/../lib/gcc/arm-none-eabi/10.3.1/../../../../arm-none-eabi/lib/thumb/v7e-m+dp/hard\libc_nano.a(lib_a-init.o)
                              c:/st/stm32cubeide_1.12.0/stm32cubeide/plugins/com.st.stm32cube.ide.mcu.externaltools.gnu-tools-for-stm32.10.3-2021.10.win32_1.0.200.202301161003/tools/bin/../lib/gcc/arm-none-eabi/10.3.1/../../../../arm-none-eabi/lib/thumb/v7e-m+dp/hard/crt0.o (__libc_init_array)
c:/st/stm32cubeide_1.12.0/stm32cubeide/plugins/com.st.stm32cube.ide.mcu.externaltools.gnu-tools-for-stm32.10.3-2021.10.win32_1.0.200.202301161003/tools/bin/../lib/gcc/arm-none-eabi/10.3.1/../../../../arm-none-eabi/lib/thumb/v7e-m+dp/hard\libc_nano.a(lib_a-memcpy-stub.o)
                              ./Middlewares/Third_Party/FreeRTOS/cmsis_os2.o (memcpy)
c:/st/stm32cubeide_1.12.0/stm32cubeide/plugins/com.st.stm32cube.ide.mcu.externaltools.gnu-tools-for-stm32.10.3-2021.10.win32_1.0.200.202301161003/tools/bin/../lib/gcc/arm-none-eabi/10.3.1/../../../../arm-none-eabi/lib/thumb/v7e-m+dp/hard\libc_nano.a(lib_a-memset.o)
                              c:/st/stm32cubeide_1.12.0/stm32cubeide/plugins/com.st.stm32cube.ide.mcu.externaltools.gnu-tools-for-stm32.10.3-2021.10.win32_1.0.200.202301161003/tools/bin/../lib/gcc/arm-none-eabi/10.3.1/../../../../arm-none-eabi/lib/thumb/v7e-m+dp/hard/crt0.o (memset)
c:/st/stm32cubeide_1.12.0/stm32cubeide/plugins/com.st.stm32cube.ide.mcu.externaltools.gnu-tools-for-stm32.10.3-2021.10.win32_1.0.200.202301161003/tools/bin/../lib/gcc/arm-none-eabi/10.3.1/../../../../arm-none-eabi/lib/thumb/v7e-m+dp/hard\libc_nano.a(lib_a-strlen.o)
                              ./Core/Src/main.o (strlen)
c:/st/stm32cubeide_1.12.0/stm32cubeide/plugins/com.st.stm32cube.ide.mcu.externaltools.gnu-tools-for-stm32.10.3-2021.10.win32_1.0.200.202301161003/tools/bin/../lib/gcc/arm-none-eabi/10.3.1/../../../../arm-none-eabi/lib/thumb/v7e-m+dp/hard\libc_nano.a(lib_a-vsnprintf.o)
                              ./Core/Src/main.o (vsnprintf)
c:/st/stm32cubeide_1.12.0/stm32cubeide/plugins/com.st.stm32cube.ide.mcu.externaltools.gnu-tools-for-stm32.10.3-2021.10.win32_1.0.200.202301161003/tools/bin/../lib/gcc/arm-none-eabi/10.3.1/../../../../arm-none-eabi/lib/thumb/v7e-m+dp/hard\libc_nano.a(lib_a-nano-svfprintf.o)
                              c:/st/stm32cubeide_1.12.0/stm32cubeide/plugins/com.st.stm32cube.ide.mcu.externaltools.gnu-tools-for-stm32.10.3-2021.10.win32_1.0.200.202301161003/tools/bin/../lib/gcc/arm-none-eabi/10.3.1/../../../../arm-none-eabi/lib/thumb/v7e-m+dp/hard\libc_nano.a(lib_a-vsnprintf.o) (_svfprintf_r)
c:/st/stm32cubeide_1.12.0/stm32cubeide/plugins/com.st.stm32cube.ide.mcu.externaltools.gnu-tools-for-stm32.10.3-2021.10.win32_1.0.200.202301161003/tools/bin/../lib/gcc/arm-none-eabi/10.3.1/../../../../arm-none-eabi/lib/thumb/v7e-m+dp/hard\libc_nano.a(lib_a-nano-vfprintf_i.o)
                              c:/st/stm32cubeide_1.12.0/stm32cubeide/plugins/com.st.stm32cube.ide.mcu.externaltools.gnu-tools-for-stm32.10.3-2021.10.win32_1.0.200.202301161003/tools/bin/../lib/gcc/arm-none-eabi/10.3.1/../../../../arm-none-eabi/lib/thumb/v7e-m+dp/hard\libc_nano.a(lib_a-nano-svfprintf.o) (_printf_i)
[...]
Memory Configuration

Name             Origin             Length             Attributes
RAM_D1           0x0000000024000000 0x0000000000080000 xrw
FLASH            0x0000000008000000 0x0000000000100000 xr
DTCMRAM          0x0000000020000000 0x0000000000020000 xrw
RAM_D2           0x0000000030000000 0x0000000000048000 xrw
RAM_D3           0x0000000038000000 0x0000000000010000 xrw
ITCMRAM          0x0000000000000000 0x0000000000010000 xrw
*default*        0x0000000000000000 0xffffffffffffffff

Linker script and memory map

LOAD c:/st/stm32cubeide_1.12.0/stm32cubeide/plugins/com.st.stm32cube.ide.mcu.externaltools.gnu-tools-for-stm32.10.3-2021.10.win32_1.0.200.202301161003/tools/bin/../lib/gcc/arm-none-eabi/10.3.1/thumb/v7e-m+dp/hard/crti.o
LOAD c:/st/stm32cubeide_1.12.0/stm32cubeide/plugins/com.st.stm32cube.ide.mcu.externaltools.gnu-tools-for-stm32.10.3-2021.10.win32_1.0.200.202301161003/tools/bin/../lib/gcc/arm-none-eabi/10.3.1/thumb/v7e-m+dp/hard/crtbegin.o
LOAD c:/st/stm32cubeide_1.12.0/stm32cubeide/plugins/com.st.stm32cube.ide.mcu.externaltools.gnu-tools-for-stm32.10.3-2021.10.win32_1.0.200.202301161003/tools/bin/../lib/gcc/arm-none-eabi/10.3.1/../../../../arm-none-eabi/lib/thumb/v7e-m+dp/hard/crt0.o
LOAD ./Common/Src/system_stm32h7xx_dualcore_boot_cm4_cm7.o
LOAD ./Core/Src/IFX_Overdrive.o
LOAD ./Core/Src/IFX_PeakingFilter.o
LOAD ./Core/Src/freertos.o
LOAD ./Core/Src/main.o
LOAD ./Core/Src/stm32h7xx_hal_msp.o
LOAD ./Core/Src/stm32h7xx_hal_timebase_tim.o
LOAD ./Core/Src/stm32h7xx_it.o
LOAD ./Core/Src/syscalls.o
LOAD ./Core/Src/sysmem.o
LOAD ./Core/Startup/startup_stm32h745zitx.o
LOAD ./Drivers/STM32H7xx_HAL_Driver/stm32h7xx_hal.o
LOAD ./Drivers/STM32H7xx_HAL_Driver/stm32h7xx_hal_cortex.o
LOAD ./Drivers/STM32H7xx_HAL_Driver/stm32h7xx_hal_dma.o
LOAD ./Drivers/STM32H7xx_HAL_Driver/stm32h7xx_hal_dma_ex.o
LOAD ./Drivers/STM32H7xx_HAL_Driver/stm32h7xx_hal_exti.o
LOAD ./Drivers/STM32H7xx_HAL_Driver/stm32h7xx_hal_flash.o
LOAD ./Drivers/STM32H7xx_HAL_Driver/stm32h7xx_hal_flash_ex.o
LOAD ./Drivers/STM32H7xx_HAL_Driver/stm32h7xx_hal_gpio.o
LOAD ./Drivers/STM32H7xx_HAL_Driver/stm32h7xx_hal_hsem.o
LOAD ./Drivers/STM32H7xx_HAL_Driver/stm32h7xx_hal_i2c.o
LOAD ./Drivers/STM32H7xx_HAL_Driver/stm32h7xx_hal_i2c_ex.o
LOAD ./Drivers/STM32H7xx_HAL_Driver/stm32h7xx_hal_i2s.o
LOAD ./Drivers/STM32H7xx_HAL_Driver/stm32h7xx_hal_i2s_ex.o
LOAD ./Drivers/STM32H7xx_HAL_Driver/stm32h7xx_hal_mdma.o
LOAD ./Drivers/STM32H7xx_HAL_Driver/stm32h7xx_hal_pwr.o
LOAD ./Drivers/STM32H7xx_HAL_Driver/stm32h7xx_hal_pwr_ex.o
LOAD ./Drivers/STM32H7xx_HAL_Driver/stm32h7xx_hal_rcc.o
LOAD ./Drivers/STM32H7xx_HAL_Driver/stm32h7xx_hal_rcc_ex.o
LOAD ./Drivers/STM32H7xx_HAL_Driver/stm32h7xx_hal_tim.o
LOAD ./Drivers/STM32H7xx_HAL_Driver/stm32h7xx_hal_tim_ex.o
LOAD ./Drivers/STM32H7xx_HAL_Driver/stm32h7xx_hal_uart.o
LOAD ./Drivers/STM32H7xx_HAL_Driver/stm32h7xx_hal_uart_ex.o
LOAD ./Middlewares/Third_Party/FreeRTOS/cmsis_os2.o
LOAD ./Middlewares/Third_Party/FreeRTOS/croutine.o
LOAD ./Middlewares/Third_Party/FreeRTOS/event_groups.o
LOAD ./Middlewares/Third_Party/FreeRTOS/heap_4.o
LOAD ./Middlewares/Third_Party/FreeRTOS/list.o
LOAD ./Middlewares/Third_Party/FreeRTOS/port.o
LOAD ./Middlewares/Third_Party/FreeRTOS/queue.o
LOAD ./Middlewares/Third_Party/FreeRTOS/stream_buffer.o
LOAD ./Middlewares/Third_Party/FreeRTOS/tasks.o
LOAD ./Middlewares/Third_Party/FreeRTOS/timers.o
START GROUP
LOAD c:/st/stm32cubeide_1.12.0/stm32cubeide/plugins/com.st.stm32cube.ide.mcu.externaltools.gnu-tools-for-stm32.10.3-2021.10.win32_1.0.200.202301161003/tools/bin/../lib/gcc/arm-none-eabi/10.3.1/../../../../arm-none-eabi/lib/thumb/v7e-m+dp/hard\libc_nano.a
LOAD c:/st/stm32cubeide_1.12.0/stm32cubeide/plugins/com.st.stm32cube.ide.mcu.externaltools.gnu-tools-for-stm32.10.3-2021.10.win32_1.0.200.202301161003/tools/bin/../lib/gcc/arm-none-eabi/10.3.1/../../../../arm-none-eabi/lib/thumb/v7e-m+dp/hard\libm.a
END GROUP
START GROUP
LOAD c:/st/stm32cubeide_1.12.0/stm32cubeide/plugins/com.st.stm32cube.ide.mcu.externaltools.gnu-tools-for-stm32.10.3-2021.10.win32_1.0.200.202301161003/tools/bin/../lib/gcc/arm-none-eabi/10.3.1/thumb/v7e-m+dp/hard\libgcc.a
LOAD c:/st/stm32cubeide_1.12.0/stm32cubeide/plugins/com.st.stm32cube.ide.mcu.externaltools.gnu-tools-for-stm32.10.3-2021.10.win32_1.0.200.202301161003/tools/bin/../lib/gcc/arm-none-eabi/10.3.1/../../../../arm-none-eabi/lib/thumb/v7e-m+dp/hard\libc_nano.a
END GROUP
START GROUP
LOAD c:/st/stm32cubeide_1.12.0/stm32cubeide/plugins/com.st.stm32cube.ide.mcu.externaltools.gnu-tools-for-stm32.10.3-2021.10.win32_1.0.200.202301161003/tools/bin/../lib/gcc/arm-none-eabi/10.3.1/thumb/v7e-m+dp/hard\libgcc.a
LOAD c:/st/stm32cubeide_1.12.0/stm32cubeide/plugins/com.st.stm32cube.ide.mcu.externaltools.gnu-tools-for-stm32.10.3-2021.10.win32_1.0.200.202301161003/tools/bin/../lib/gcc/arm-none-eabi/10.3.1/../../../../arm-none-eabi/lib/thumb/v7e-m+dp/hard\libc_nano.a
LOAD c:/st/stm32cubeide_1.12.0/stm32cubeide/plugins/com.st.stm32cube.ide.mcu.externaltools.gnu-tools-for-stm32.10.3-2021.10.win32_1.0.200.202301161003/tools/bin/../lib/gcc/arm-none-eabi/10.3.1/../../../../arm-none-eabi/lib/thumb/v7e-m+dp/hard\libnosys.a
END GROUP
START GROUP
LOAD c:/st/stm32cubeide_1.12.0/stm32cubeide/plugins/com.st.stm32cube.ide.mcu.externaltools.gnu-tools-for-stm32.10.3-2021.10.win32_1.0.200.202301161003/tools/bin/../lib/gcc/arm-none-eabi/10.3.1/thumb/v7e-m+dp/hard\libgcc.a
LOAD c:/st/stm32cubeide_1.12.0/stm32cubeide/plugins/com.st.stm32cube.ide.mcu.externaltools.gnu-tools-for-stm32.10.3-2021.10.win32_1.0.200.202301161003/tools/bin/../lib/gcc/arm-none-eabi/10.3.1/../../../../arm-none-eabi/lib/thumb/v7e-m+dp/hard\libc_nano.a
LOAD c:/st/stm32cubeide_1.12.0/stm32cubeide/plugins/com.st.stm32cube.ide.mcu.externaltools.gnu-tools-for-stm32.10.3-2021.10.win32_1.0.200.202301161003/tools/bin/../lib/gcc/arm-none-eabi/10.3.1/../../../../arm-none-eabi/lib/thumb/v7e-m+dp/hard\libnosys.a
END GROUP
LOAD c:/st/stm32cubeide_1.12.0/stm32cubeide/plugins/com.st.stm32cube.ide.mcu.externaltools.gnu-tools-for-stm32.10.3-2021.10.win32_1.0.200.202301161003/tools/bin/../lib/gcc/arm-none-eabi/10.3.1/thumb/v7e-m+dp/hard/crtend.o
LOAD c:/st/stm32cubeide_1.12.0/stm32cubeide/plugins/com.st.stm32cube.ide.mcu.externaltools.gnu-tools-for-stm32.10.3-2021.10.win32_1.0.200.202301161003/tools/bin/../lib/gcc/arm-none-eabi/10.3.1/thumb/v7e-m+dp/hard/crtn.o
                0x0000000024080000                _estack = (ORIGIN (RAM_D1) + LENGTH (RAM_D1))
                0x0000000000000200                _Min_Heap_Size = 0x200
                0x0000000000000400                _Min_Stack_Size = 0x400

.buffers        0x0000000030000000    0x12200
                0x0000000030000000                . = ALIGN (0x20)
                0x0000000030010000                . = ABSOLUTE (0x30010000)
 *fill*         0x0000000030000000    0x10000 
 *(.rxBuffer)
 .rxBuffer      0x0000000030010000      0x200 ./Core/Src/main.o
                0x0000000030010000                adcData
                0x0000000030012000                . = ABSOLUTE (0x30012000)
 *fill*         0x0000000030010200     0x1e00 
 *(.txBuffer)
 .txBuffer      0x0000000030012000      0x200 ./Core/Src/main.o
                0x0000000030012000                dacData

.isr_vector     0x0000000008000000      0x298
                0x0000000008000000                . = ALIGN (0x4)
 *(.isr_vector)
 .isr_vector    0x0000000008000000      0x298 ./Core/Startup/startup_stm32h745zitx.o
                0x0000000008000000                g_pfnVectors
                0x0000000008000298                . = ALIGN (0x4)

.text           0x00000000080002a0     0xd4a4
                0x00000000080002a0                . = ALIGN (0x4)
 *(.text)
 .text          0x00000000080002a0       0x40 c:/st/stm32cubeide_1.12.0/stm32cubeide/plugins/com.st.stm32cube.ide.mcu.externaltools.gnu-tools-for-stm32.10.3-2021.10.win32_1.0.200.202301161003/tools/bin/../lib/gcc/arm-none-eabi/10.3.1/thumb/v7e-m+dp/hard/crtbegin.o
 .text          0x00000000080002e0       0x10 c:/st/stm32cubeide_1.12.0/stm32cubeide/plugins/com.st.stm32cube.ide.mcu.externaltools.gnu-tools-for-stm32.10.3-2021.10.win32_1.0.200.202301161003/tools/bin/../lib/gcc/arm-none-eabi/10.3.1/../../../../arm-none-eabi/lib/thumb/v7e-m+dp/hard\libc_nano.a(lib_a-strlen.o)
                0x00000000080002e0                strlen
 .text          0x00000000080002f0       0xa0 c:/st/stm32cubeide_1.12.0/stm32cubeide/plugins/com.st.stm32cube.ide.mcu.externaltools.gnu-tools-for-stm32.10.3-2021.10.win32_1.0.200.202301161003/tools/bin/../lib/gcc/arm-none-eabi/10.3.1/../../../../arm-none-eabi/lib/thumb/v7e-m+dp/hard\libc_nano.a(lib_a-memchr.o)
                0x00000000080002f0                memchr
 .text          0x0000000008000390       0x30 c:/st/stm32cubeide_1.12.0/stm32cubeide/plugins/com.st.stm32cube.ide.mcu.externaltools.gnu-tools-for-stm32.10.3-2021.10.win32_1.0.200.202301161003/tools/bin/../lib/gcc/arm-none-eabi/10.3.1/thumb/v7e-m+dp/hard\libgcc.a(_aeabi_uldivmod.o)
                0x0000000008000390                __aeabi_uldivmod
 .text          0x00000000080003c0      0x2d0 c:/st/stm32cubeide_1.12.0/stm32cubeide/plugins/com.st.stm32cube.ide.mcu.externaltools.gnu-tools-for-stm32.10.3-2021.10.win32_1.0.200.202301161003/tools/bin/../lib/gcc/arm-none-eabi/10.3.1/thumb/v7e-m+dp/hard\libgcc.a(_udivmoddi4.o)
                0x00000000080003c0                __udivmoddi4
 .text          0x0000000008000690        0x4 c:/st/stm32cubeide_1.12.0/stm32cubeide/plugins/com.st.stm32cube.ide.mcu.externaltools.gnu-tools-for-stm32.10.3-2021.10.win32_1.0.200.202301161003/tools/bin/../lib/gcc/arm-none-eabi/10.3.1/thumb/v7e-m+dp/hard\libgcc.a(_dvmd_tls.o)
                0x0000000008000690                __aeabi_idiv0
                0x0000000008000690                __aeabi_ldiv0
 *(.text*)
 .text.SystemInit
                0x0000000008000694      0x12c ./Common/Src/system_stm32h7xx_dualcore_boot_cm4_cm7.o
                0x0000000008000694                SystemInit
 .text.IFX_PeakingFilter_Init
                0x00000000080007c0       0x70 ./Core/Src/IFX_PeakingFilter.o
                0x00000000080007c0                IFX_PeakingFilter_Init
 .text.IFX_PeakingFilter_SetParameters
                0x0000000008000830      0x180 ./Core/Src/IFX_PeakingFilter.o
                0x0000000008000830                IFX_PeakingFilter_SetParameters
 .text.main     0x00000000080009b0      0x204 ./Core/Src/main.o
                0x00000000080009b0                main
 .text.SystemClock_Config
                0x0000000008000bb4      0x100 ./Core/Src/main.o
                0x0000000008000bb4                SystemClock_Config
 .text.MX_I2S3_Init
                0x0000000008000cb4       0x68 ./Core/Src/main.o
 .text.MX_USART3_UART_Init
                0x0000000008000d1c       0x98 ./Core/Src/main.o
 .text.MX_DMA_Init
                0x0000000008000db4       0x50 ./Core/Src/main.o
 .text.MX_GPIO_Init
                0x0000000008000e04       0x70 ./Core/Src/main.o
 .text.UART_Printf
                0x0000000008000e74       0x60 ./Core/Src/main.o
                0x0000000008000e74                UART_Printf
 .text.HAL_I2SEx_TxRxHalfCpltCallback
                0x0000000008000ed4       0x3c ./Core/Src/main.o
                0x0000000008000ed4                HAL_I2SEx_TxRxHalfCpltCallback
 .text.HAL_I2SEx_TxRxCpltCallback
                0x0000000008000f10       0x3c ./Core/Src/main.o
                0x0000000008000f10                HAL_I2SEx_TxRxCpltCallback
 .text.processData
                0x0000000008000f4c      0x170 ./Core/Src/main.o
                0x0000000008000f4c                processData
 .text.setFilterTask
                0x00000000080010bc       0x10 ./Core/Src/main.o
                0x00000000080010bc                setFilterTask
 .text.MPU_Config
                0x00000000080010cc       0x5c ./Core/Src/main.o
 .text.HAL_TIM_PeriodElapsedCallback
                0x0000000008001128       0x24 ./Core/Src/main.o
                0x0000000008001128                HAL_TIM_PeriodElapsedCallback
 .text.Error_Handler
                0x000000000800114c        0xa ./Core/Src/main.o
                0x000000000800114c                Error_Handler
 *fill*         0x0000000008001156        0x2 
 .text.HAL_MspInit
                0x0000000008001158       0x3c ./Core/Src/stm32h7xx_hal_msp.o
                0x0000000008001158                HAL_MspInit
 .text.HAL_I2S_MspInit
                0x0000000008001194      0x214 ./Core/Src/stm32h7xx_hal_msp.o
                0x0000000008001194                HAL_I2S_MspInit
 .text.HAL_UART_MspInit
                0x00000000080013a8       0xd4 ./Core/Src/stm32h7xx_hal_msp.o
                0x00000000080013a8                HAL_UART_MspInit
 .text.HAL_InitTick
                0x000000000800147c       0xc4 ./Core/Src/stm32h7xx_hal_timebase_tim.o
                0x000000000800147c                HAL_InitTick
 .text.NMI_Handler
                0x0000000008001540        0x6 ./Core/Src/stm32h7xx_it.o
                0x0000000008001540                NMI_Handler
 .text.HardFault_Handler
                0x0000000008001546        0x6 ./Core/Src/stm32h7xx_it.o
                0x0000000008001546                HardFault_Handler
 .text.MemManage_Handler
                0x000000000800154c        0x6 ./Core/Src/stm32h7xx_it.o
                0x000000000800154c                MemManage_Handler
 .text.BusFault_Handler
                0x0000000008001552        0x6 ./Core/Src/stm32h7xx_it.o
                0x0000000008001552                BusFault_Handler
 .text.UsageFault_Handler
                0x0000000008001558        0x6 ./Core/Src/stm32h7xx_it.o
                0x0000000008001558                UsageFault_Handler
 .text.DebugMon_Handler
                0x000000000800155e        0xe ./Core/Src/stm32h7xx_it.o
                0x000000000800155e                DebugMon_Handler
 .text.DMA1_Stream0_IRQHandler
                0x000000000800156c       0x14 ./Core/Src/stm32h7xx_it.o
                0x000000000800156c                DMA1_Stream0_IRQHandler
 .text.DMA1_Stream1_IRQHandler
                0x0000000008001580       0x14 ./Core/Src/stm32h7xx_it.o
                0x0000000008001580                DMA1_Stream1_IRQHandler
 .text.TIM1_UP_IRQHandler
                0x0000000008001594       0x14 ./Core/Src/stm32h7xx_it.o
                0x0000000008001594                TIM1_UP_IRQHandler
 .text._sbrk    0x00000000080015a8       0x6c ./Core/Src/sysmem.o
                0x00000000080015a8                _sbrk
 .text.Reset_Handler
                0x0000000008001614       0x50 ./Core/Startup/startup_stm32h745zitx.o
                0x0000000008001614                Reset_Handler
 .text.Default_Handler
                0x0000000008001664        0x2 ./Core/Startup/startup_stm32h745zitx.o
                0x0000000008001664                RTC_Alarm_IRQHandler
                0x0000000008001664                EXTI2_IRQHandler
                0x0000000008001664                TIM8_CC_IRQHandler
                0x0000000008001664                HRTIM1_Master_IRQHandler
                0x0000000008001664                UART8_IRQHandler
                0x0000000008001664                SPI4_IRQHandler
                0x0000000008001664                TIM1_CC_IRQHandler
                0x0000000008001664                BDMA_Channel6_IRQHandler
                0x0000000008001664                DMA2_Stream5_IRQHandler
                0x0000000008001664                HRTIM1_FLT_IRQHandler
                0x0000000008001664                JPEG_IRQHandler
                0x0000000008001664                DMA1_Stream5_IRQHandler
                0x0000000008001664                BDMA_Channel1_IRQHandler
                0x0000000008001664                HRTIM1_TIMD_IRQHandler
                0x0000000008001664                TAMP_STAMP_IRQHandler
                0x0000000008001664                EXTI3_IRQHandler
                0x0000000008001664                LPTIM4_IRQHandler
                0x0000000008001664                TIM8_TRG_COM_TIM14_IRQHandler
                0x0000000008001664                LPTIM2_IRQHandler
                0x0000000008001664                DFSDM1_FLT1_IRQHandler
                0x0000000008001664                DMAMUX2_OVR_IRQHandler
                0x0000000008001664                TIM8_UP_TIM13_IRQHandler
                0x0000000008001664                I2C3_ER_IRQHandler
                0x0000000008001664                DFSDM1_FLT2_IRQHandler
                0x0000000008001664                MDMA_IRQHandler
                0x0000000008001664                LPTIM3_IRQHandler
                0x0000000008001664                HSEM1_IRQHandler
                0x0000000008001664                EXTI0_IRQHandler
                0x0000000008001664                I2C2_EV_IRQHandler
                0x0000000008001664                DMA1_Stream2_IRQHandler
                0x0000000008001664                FPU_IRQHandler
                0x0000000008001664                OTG_HS_WKUP_IRQHandler
                0x0000000008001664                FDCAN1_IT1_IRQHandler
                0x0000000008001664                LTDC_ER_IRQHandler
                0x0000000008001664                DMA2_Stream2_IRQHandler
                0x0000000008001664                HRTIM1_TIME_IRQHandler
                0x0000000008001664                SPI1_IRQHandler
                0x0000000008001664                TIM6_DAC_IRQHandler
                0x0000000008001664                DCMI_IRQHandler
                0x0000000008001664                HRTIM1_TIMC_IRQHandler
                0x0000000008001664                DMA2_Stream3_IRQHandler
                0x0000000008001664                SAI2_IRQHandler
                0x0000000008001664                DFSDM1_FLT3_IRQHandler
                0x0000000008001664                USART6_IRQHandler
                0x0000000008001664                TIM17_IRQHandler
                0x0000000008001664                USART3_IRQHandler
                0x0000000008001664                BDMA_Channel7_IRQHandler
                0x0000000008001664                LPTIM5_IRQHandler
                0x0000000008001664                UART5_IRQHandler
                0x0000000008001664                ADC3_IRQHandler
                0x0000000008001664                DMA2_Stream0_IRQHandler
                0x0000000008001664                TIM4_IRQHandler
                0x0000000008001664                BDMA_Channel2_IRQHandler
                0x0000000008001664                QUADSPI_IRQHandler
                0x0000000008001664                I2C1_EV_IRQHandler
                0x0000000008001664                DMA1_Stream6_IRQHandler
                0x0000000008001664                DMAMUX1_OVR_IRQHandler
                0x0000000008001664                TIM16_IRQHandler
                0x0000000008001664                UART4_IRQHandler
                0x0000000008001664                BDMA_Channel5_IRQHandler
                0x0000000008001664                TIM3_IRQHandler
                0x0000000008001664                RCC_IRQHandler
                0x0000000008001664                TIM8_BRK_TIM12_IRQHandler
                0x0000000008001664                TIM1_TRG_COM_IRQHandler
                0x0000000008001664                Default_Handler
                0x0000000008001664                ECC_IRQHandler
                0x0000000008001664                CEC_IRQHandler
                0x0000000008001664                EXTI15_10_IRQHandler
                0x0000000008001664                BDMA_Channel0_IRQHandler
                0x0000000008001664                ADC_IRQHandler
                0x0000000008001664                DMA1_Stream7_IRQHandler
                0x0000000008001664                HRTIM1_TIMA_IRQHandler
                0x0000000008001664                SPI5_IRQHandler
                0x0000000008001664                TIM7_IRQHandler
                0x0000000008001664                SDMMC1_IRQHandler
                0x0000000008001664                TIM5_IRQHandler
                0x0000000008001664                DMA2_Stream7_IRQHandler
                0x0000000008001664                TIM15_IRQHandler
                0x0000000008001664                PVD_AVD_IRQHandler
                0x0000000008001664                I2C3_EV_IRQHandler
                0x0000000008001664                EXTI9_5_IRQHandler
                0x0000000008001664                RTC_WKUP_IRQHandler
                0x0000000008001664                LTDC_IRQHandler
                0x0000000008001664                SAI3_IRQHandler
                0x0000000008001664                ETH_WKUP_IRQHandler
                0x0000000008001664                SPDIF_RX_IRQHandler
                0x0000000008001664                SPI2_IRQHandler
                0x0000000008001664                OTG_HS_EP1_IN_IRQHandler
                0x0000000008001664                CRS_IRQHandler
                0x0000000008001664                CM7_SEV_IRQHandler
                0x0000000008001664                EXTI4_IRQHandler
                0x0000000008001664                RNG_IRQHandler
                0x0000000008001664                CM4_SEV_IRQHandler
                0x0000000008001664                HRTIM1_TIMB_IRQHandler
                0x0000000008001664                FDCAN2_IT1_IRQHandler
                0x0000000008001664                ETH_IRQHandler
                0x0000000008001664                WWDG_RST_IRQHandler
                0x0000000008001664                BDMA_Channel4_IRQHandler
                0x0000000008001664                OTG_HS_EP1_OUT_IRQHandler
                0x0000000008001664                WWDG_IRQHandler
                0x0000000008001664                SPI6_IRQHandler
                0x0000000008001664                MDIOS_IRQHandler
                0x0000000008001664                I2C4_EV_IRQHandler
                0x0000000008001664                FDCAN2_IT0_IRQHandler
                0x0000000008001664                LPUART1_IRQHandler
                0x0000000008001664                FDCAN1_IT0_IRQHandler
                0x0000000008001664                TIM2_IRQHandler
                0x0000000008001664                OTG_FS_WKUP_IRQHandler
                0x0000000008001664                OTG_HS_IRQHandler
                0x0000000008001664                HSEM2_IRQHandler
                0x0000000008001664                DMA2D_IRQHandler
                0x0000000008001664                TIM1_BRK_IRQHandler
                0x0000000008001664                EXTI1_IRQHandler
                0x0000000008001664                SDMMC2_IRQHandler
                0x0000000008001664                OTG_FS_EP1_OUT_IRQHandler
                0x0000000008001664                BDMA_Channel3_IRQHandler
                0x0000000008001664                HOLD_CORE_IRQHandler
                0x0000000008001664                UART7_IRQHandler
                0x0000000008001664                MDIOS_WKUP_IRQHandler
                0x0000000008001664                USART2_IRQHandler
                0x0000000008001664                DFSDM1_FLT0_IRQHandler
                0x0000000008001664                SAI4_IRQHandler
                0x0000000008001664                I2C2_ER_IRQHandler
                0x0000000008001664                DMA2_Stream1_IRQHandler
                0x0000000008001664                FLASH_IRQHandler
                0x0000000008001664                DMA2_Stream4_IRQHandler
                0x0000000008001664                USART1_IRQHandler
                0x0000000008001664                OTG_FS_IRQHandler
                0x0000000008001664                SPI3_IRQHandler
                0x0000000008001664                WAKEUP_PIN_IRQHandler
                0x0000000008001664                DMA1_Stream4_IRQHandler
                0x0000000008001664                OTG_FS_EP1_IN_IRQHandler
                0x0000000008001664                I2C1_ER_IRQHandler
                0x0000000008001664                FMC_IRQHandler
                0x0000000008001664                FDCAN_CAL_IRQHandler
                0x0000000008001664                SWPMI1_IRQHandler
                0x0000000008001664                COMP1_IRQHandler
                0x0000000008001664                LPTIM1_IRQHandler
                0x0000000008001664                I2C4_ER_IRQHandler
                0x0000000008001664                DMA2_Stream6_IRQHandler
                0x0000000008001664                SAI1_IRQHandler
                0x0000000008001664                DMA1_Stream3_IRQHandler
 *fill*         0x0000000008001666        0x2 
 .text.HAL_Init
                0x0000000008001668       0x78 ./Drivers/STM32H7xx_HAL_Driver/stm32h7xx_hal.o
                0x0000000008001668                HAL_Init
 .text.HAL_IncTick
                0x00000000080016e0       0x28 ./Drivers/STM32H7xx_HAL_Driver/stm32h7xx_hal.o
                0x00000000080016e0                HAL_IncTick
 .text.HAL_GetTick
                0x0000000008001708       0x18 ./Drivers/STM32H7xx_HAL_Driver/stm32h7xx_hal.o
                0x0000000008001708                HAL_GetTick
 .text.HAL_GetREVID
                0x0000000008001720       0x18 ./Drivers/STM32H7xx_HAL_Driver/stm32h7xx_hal.o
                0x0000000008001720                HAL_GetREVID
 .text.__NVIC_SetPriorityGrouping
                0x0000000008001738       0x48 ./Drivers/STM32H7xx_HAL_Driver/stm32h7xx_hal_cortex.o
 .text.__NVIC_GetPriorityGrouping
                0x0000000008001780       0x1c ./Drivers/STM32H7xx_HAL_Driver/stm32h7xx_hal_cortex.o
 .text.__NVIC_EnableIRQ
                0x000000000800179c       0x3c ./Drivers/STM32H7xx_HAL_Driver/stm32h7xx_hal_cortex.o
 .text.__NVIC_SetPriority
                0x00000000080017d8       0x54 ./Drivers/STM32H7xx_HAL_Driver/stm32h7xx_hal_cortex.o
 .text.NVIC_EncodePriority
                0x000000000800182c       0x66 ./Drivers/STM32H7xx_HAL_Driver/stm32h7xx_hal_cortex.o
 .text.HAL_NVIC_SetPriorityGrouping
                0x0000000008001892       0x16 ./Drivers/STM32H7xx_HAL_Driver/stm32h7xx_hal_cortex.o
                0x0000000008001892                HAL_NVIC_SetPriorityGrouping
 .text.HAL_NVIC_SetPriority
                0x00000000080018a8       0x34 ./Drivers/STM32H7xx_HAL_Driver/stm32h7xx_hal_cortex.o
                0x00000000080018a8                HAL_NVIC_SetPriority
 .text.HAL_NVIC_EnableIRQ
                0x00000000080018dc       0x1c ./Drivers/STM32H7xx_HAL_Driver/stm32h7xx_hal_cortex.o
                0x00000000080018dc                HAL_NVIC_EnableIRQ
 .text.HAL_MPU_Disable
                0x00000000080018f8       0x30 ./Drivers/STM32H7xx_HAL_Driver/stm32h7xx_hal_cortex.o
                0x00000000080018f8                HAL_MPU_Disable
 .text.HAL_MPU_Enable
                0x0000000008001928       0x40 ./Drivers/STM32H7xx_HAL_Driver/stm32h7xx_hal_cortex.o
                0x0000000008001928                HAL_MPU_Enable
 .text.HAL_MPU_ConfigRegion
                0x0000000008001968       0x80 ./Drivers/STM32H7xx_HAL_Driver/stm32h7xx_hal_cortex.o
                0x0000000008001968                HAL_MPU_ConfigRegion
 .text.HAL_DMA_Init
                0x00000000080019e8      0x6b8 ./Drivers/STM32H7xx_HAL_Driver/stm32h7xx_hal_dma.o
                0x00000000080019e8                HAL_DMA_Init
 .text.HAL_DMA_Start_IT
                0x00000000080020a0      0x4d4 ./Drivers/STM32H7xx_HAL_Driver/stm32h7xx_hal_dma.o
                0x00000000080020a0                HAL_DMA_Start_IT
 .text.HAL_DMA_IRQHandler
                0x0000000008002574      0xe54 ./Drivers/STM32H7xx_HAL_Driver/stm32h7xx_hal_dma.o
                0x0000000008002574                HAL_DMA_IRQHandler
 .text.DMA_SetConfig
                0x00000000080033c8      0x358 ./Drivers/STM32H7xx_HAL_Driver/stm32h7xx_hal_dma.o
 .text.DMA_CalcBaseAndBitshift
                0x0000000008003720      0x164 ./Drivers/STM32H7xx_HAL_Driver/stm32h7xx_hal_dma.o
 .text.DMA_CheckFifoParam
                0x0000000008003884       0xf8 ./Drivers/STM32H7xx_HAL_Driver/stm32h7xx_hal_dma.o
 .text.DMA_CalcDMAMUXChannelBaseAndMask
                0x000000000800397c      0x134 ./Drivers/STM32H7xx_HAL_Driver/stm32h7xx_hal_dma.o
 .text.DMA_CalcDMAMUXRequestGenBaseAndMask
                0x0000000008003ab0       0xe8 ./Drivers/STM32H7xx_HAL_Driver/stm32h7xx_hal_dma.o
 .text.HAL_GPIO_Init
                0x0000000008003b98      0x360 ./Drivers/STM32H7xx_HAL_Driver/stm32h7xx_hal_gpio.o
                0x0000000008003b98                HAL_GPIO_Init
 .text.HAL_HSEM_FastTake
                0x0000000008003ef8       0x34 ./Drivers/STM32H7xx_HAL_Driver/stm32h7xx_hal_hsem.o
                0x0000000008003ef8                HAL_HSEM_FastTake
 .text.HAL_HSEM_Release
                0x0000000008003f2c       0x28 ./Drivers/STM32H7xx_HAL_Driver/stm32h7xx_hal_hsem.o
                0x0000000008003f2c                HAL_HSEM_Release
 .text.HAL_I2S_Init
                0x0000000008003f54      0x244 ./Drivers/STM32H7xx_HAL_Driver/stm32h7xx_hal_i2s.o
                0x0000000008003f54                HAL_I2S_Init
 .text.HAL_I2SEx_TransmitReceive_DMA
                0x0000000008004198      0x1c0 ./Drivers/STM32H7xx_HAL_Driver/stm32h7xx_hal_i2s.o
                0x0000000008004198                HAL_I2SEx_TransmitReceive_DMA
 .text.HAL_I2S_ErrorCallback
                0x0000000008004358       0x14 ./Drivers/STM32H7xx_HAL_Driver/stm32h7xx_hal_i2s.o
                0x0000000008004358                HAL_I2S_ErrorCallback
 .text.I2SEx_DMATxRxCplt
                0x000000000800436c       0x58 ./Drivers/STM32H7xx_HAL_Driver/stm32h7xx_hal_i2s.o
 .text.I2SEx_DMATxRxHalfCplt
                0x00000000080043c4       0x1c ./Drivers/STM32H7xx_HAL_Driver/stm32h7xx_hal_i2s.o
 .text.I2S_DMAError
                0x00000000080043e0       0x4c ./Drivers/STM32H7xx_HAL_Driver/stm32h7xx_hal_i2s.o
 .text.HAL_PWREx_ConfigSupply
                0x000000000800442c       0xb4 ./Drivers/STM32H7xx_HAL_Driver/stm32h7xx_hal_pwr_ex.o
                0x000000000800442c                HAL_PWREx_ConfigSupply
 .text.HAL_RCC_OscConfig
                0x00000000080044e0      0x8b4 ./Drivers/STM32H7xx_HAL_Driver/stm32h7xx_hal_rcc.o
                0x00000000080044e0                HAL_RCC_OscConfig
 .text.HAL_RCC_ClockConfig
                0x0000000008004d94      0x36c ./Drivers/STM32H7xx_HAL_Driver/stm32h7xx_hal_rcc.o
                0x0000000008004d94                HAL_RCC_ClockConfig
 .text.HAL_RCC_GetSysClockFreq
                0x0000000008005100      0x2f4 ./Drivers/STM32H7xx_HAL_Driver/stm32h7xx_hal_rcc.o
                0x0000000008005100                HAL_RCC_GetSysClockFreq
 .text.HAL_RCC_GetHCLKFreq
                0x00000000080053f4       0x60 ./Drivers/STM32H7xx_HAL_Driver/stm32h7xx_hal_rcc.o
                0x00000000080053f4                HAL_RCC_GetHCLKFreq
 .text.HAL_RCC_GetPCLK1Freq
                0x0000000008005454       0x2c ./Drivers/STM32H7xx_HAL_Driver/stm32h7xx_hal_rcc.o
                0x0000000008005454                HAL_RCC_GetPCLK1Freq
 .text.HAL_RCC_GetPCLK2Freq
                0x0000000008005480       0x2c ./Drivers/STM32H7xx_HAL_Driver/stm32h7xx_hal_rcc.o
                0x0000000008005480                HAL_RCC_GetPCLK2Freq
 .text.HAL_RCC_GetClockConfig
                0x00000000080054ac       0x84 ./Drivers/STM32H7xx_HAL_Driver/stm32h7xx_hal_rcc.o
                0x00000000080054ac                HAL_RCC_GetClockConfig
 .text.HAL_RCCEx_PeriphCLKConfig
                0x0000000008005530     0x1414 ./Drivers/STM32H7xx_HAL_Driver/stm32h7xx_hal_rcc_ex.o
                0x0000000008005530                HAL_RCCEx_PeriphCLKConfig
 .text.HAL_RCCEx_GetPeriphCLKFreq
                0x0000000008006944      0xb00 ./Drivers/STM32H7xx_HAL_Driver/stm32h7xx_hal_rcc_ex.o
                0x0000000008006944                HAL_RCCEx_GetPeriphCLKFreq
 .text.HAL_RCCEx_GetD3PCLK1Freq
                0x0000000008007444       0x2c ./Drivers/STM32H7xx_HAL_Driver/stm32h7xx_hal_rcc_ex.o
                0x0000000008007444                HAL_RCCEx_GetD3PCLK1Freq
 .text.HAL_RCCEx_GetPLL2ClockFreq
                0x0000000008007470      0x2a8 ./Drivers/STM32H7xx_HAL_Driver/stm32h7xx_hal_rcc_ex.o
                0x0000000008007470                HAL_RCCEx_GetPLL2ClockFreq
 .text.HAL_RCCEx_GetPLL3ClockFreq
                0x0000000008007718      0x2a8 ./Drivers/STM32H7xx_HAL_Driver/stm32h7xx_hal_rcc_ex.o
                0x0000000008007718                HAL_RCCEx_GetPLL3ClockFreq
 .text.HAL_RCCEx_GetPLL1ClockFreq
                0x00000000080079c0      0x2a4 ./Drivers/STM32H7xx_HAL_Driver/stm32h7xx_hal_rcc_ex.o
                0x00000000080079c0                HAL_RCCEx_GetPLL1ClockFreq
 .text.RCCEx_PLL2_Config
                0x0000000008007c64      0x164 ./Drivers/STM32H7xx_HAL_Driver/stm32h7xx_hal_rcc_ex.o
 .text.RCCEx_PLL3_Config
                0x0000000008007dc8      0x164 ./Drivers/STM32H7xx_HAL_Driver/stm32h7xx_hal_rcc_ex.o
 .text.HAL_TIM_Base_Init
                0x0000000008007f2c       0xae ./Drivers/STM32H7xx_HAL_Driver/stm32h7xx_hal_tim.o
                0x0000000008007f2c                HAL_TIM_Base_Init
 .text.HAL_TIM_Base_MspInit
                0x0000000008007fda       0x14 ./Drivers/STM32H7xx_HAL_Driver/stm32h7xx_hal_tim.o
                0x0000000008007fda                HAL_TIM_Base_MspInit
 *fill*         0x0000000008007fee        0x2 
 .text.HAL_TIM_Base_Start_IT
                0x0000000008007ff0       0xf0 ./Drivers/STM32H7xx_HAL_Driver/stm32h7xx_hal_tim.o
                0x0000000008007ff0                HAL_TIM_Base_Start_IT
 .text.HAL_TIM_IRQHandler
                0x00000000080080e0      0x20e ./Drivers/STM32H7xx_HAL_Driver/stm32h7xx_hal_tim.o
                0x00000000080080e0                HAL_TIM_IRQHandler
 .text.HAL_TIM_OC_DelayElapsedCallback
                0x00000000080082ee       0x14 ./Drivers/STM32H7xx_HAL_Driver/stm32h7xx_hal_tim.o
                0x00000000080082ee                HAL_TIM_OC_DelayElapsedCallback
 .text.HAL_TIM_IC_CaptureCallback
                0x0000000008008302       0x14 ./Drivers/STM32H7xx_HAL_Driver/stm32h7xx_hal_tim.o
                0x0000000008008302                HAL_TIM_IC_CaptureCallback
 .text.HAL_TIM_PWM_PulseFinishedCallback
                0x0000000008008316       0x14 ./Drivers/STM32H7xx_HAL_Driver/stm32h7xx_hal_tim.o
                0x0000000008008316                HAL_TIM_PWM_PulseFinishedCallback
 .text.HAL_TIM_TriggerCallback
                0x000000000800832a       0x14 ./Drivers/STM32H7xx_HAL_Driver/stm32h7xx_hal_tim.o
                0x000000000800832a                HAL_TIM_TriggerCallback
 *fill*         0x000000000800833e        0x2 
 .text.TIM_Base_SetConfig
                0x0000000008008340      0x14c ./Drivers/STM32H7xx_HAL_Driver/stm32h7xx_hal_tim.o
                0x0000000008008340                TIM_Base_SetConfig
 .text.HAL_TIMEx_CommutCallback
                0x000000000800848c       0x14 ./Drivers/STM32H7xx_HAL_Driver/stm32h7xx_hal_tim_ex.o
                0x000000000800848c                HAL_TIMEx_CommutCallback
 .text.HAL_TIMEx_BreakCallback
                0x00000000080084a0       0x14 ./Drivers/STM32H7xx_HAL_Driver/stm32h7xx_hal_tim_ex.o
                0x00000000080084a0                HAL_TIMEx_BreakCallback
 .text.HAL_TIMEx_Break2Callback
                0x00000000080084b4       0x14 ./Drivers/STM32H7xx_HAL_Driver/stm32h7xx_hal_tim_ex.o
                0x00000000080084b4                HAL_TIMEx_Break2Callback
 .text.HAL_UART_Init
                0x00000000080084c8       0xa0 ./Drivers/STM32H7xx_HAL_Driver/stm32h7xx_hal_uart.o
                0x00000000080084c8                HAL_UART_Init
 .text.HAL_UART_Transmit
                0x0000000008008568      0x11c ./Drivers/STM32H7xx_HAL_Driver/stm32h7xx_hal_uart.o
                0x0000000008008568                HAL_UART_Transmit
 .text.UART_SetConfig
                0x0000000008008684      0xad0 ./Drivers/STM32H7xx_HAL_Driver/stm32h7xx_hal_uart.o
                0x0000000008008684                UART_SetConfig
 .text.UART_AdvFeatureConfig
                0x0000000008009154      0x144 ./Drivers/STM32H7xx_HAL_Driver/stm32h7xx_hal_uart.o
                0x0000000008009154                UART_AdvFeatureConfig
 .text.UART_CheckIdleState
                0x0000000008009298      0x154 ./Drivers/STM32H7xx_HAL_Driver/stm32h7xx_hal_uart.o
                0x0000000008009298                UART_CheckIdleState
 .text.UART_WaitOnFlagUntilTimeout
                0x00000000080093ec       0xda ./Drivers/STM32H7xx_HAL_Driver/stm32h7xx_hal_uart.o
                0x00000000080093ec                UART_WaitOnFlagUntilTimeout
 *fill*         0x00000000080094c6        0x2 
 .text.UART_EndRxTransfer
                0x00000000080094c8       0xcc ./Drivers/STM32H7xx_HAL_Driver/stm32h7xx_hal_uart.o
 .text.HAL_UARTEx_DisableFifoMode
                0x0000000008009594       0x72 ./Drivers/STM32H7xx_HAL_Driver/stm32h7xx_hal_uart_ex.o
                0x0000000008009594                HAL_UARTEx_DisableFifoMode
 .text.HAL_UARTEx_SetTxFifoThreshold
                0x0000000008009606       0x7c ./Drivers/STM32H7xx_HAL_Driver/stm32h7xx_hal_uart_ex.o
                0x0000000008009606                HAL_UARTEx_SetTxFifoThreshold
 .text.HAL_UARTEx_SetRxFifoThreshold
                0x0000000008009682       0x7c ./Drivers/STM32H7xx_HAL_Driver/stm32h7xx_hal_uart_ex.o
                0x0000000008009682                HAL_UARTEx_SetRxFifoThreshold
 *fill*         0x00000000080096fe        0x2 
 .text.UARTEx_SetNbDataToProcess
                0x0000000008009700       0x9c ./Drivers/STM32H7xx_HAL_Driver/stm32h7xx_hal_uart_ex.o
 .text.__NVIC_SetPriority
                0x000000000800979c       0x54 ./Middlewares/Third_Party/FreeRTOS/cmsis_os2.o
 .text.SysTick_Handler
                0x00000000080097f0       0x20 ./Middlewares/Third_Party/FreeRTOS/cmsis_os2.o
                0x00000000080097f0                SysTick_Handler
 .text.SVC_Setup
                0x0000000008009810       0x12 ./Middlewares/Third_Party/FreeRTOS/cmsis_os2.o
 *fill*         0x0000000008009822        0x2 
 .text.osKernelInitialize
                0x0000000008009824       0x48 ./Middlewares/Third_Party/FreeRTOS/cmsis_os2.o
                0x0000000008009824                osKernelInitialize
 .text.osKernelStart
                0x000000000800986c       0x4c ./Middlewares/Third_Party/FreeRTOS/cmsis_os2.o
                0x000000000800986c                osKernelStart
 .text.osThreadNew
                0x00000000080098b8      0x124 ./Middlewares/Third_Party/FreeRTOS/cmsis_os2.o
                0x00000000080098b8                osThreadNew
 .text.osDelay  0x00000000080099dc       0x36 ./Middlewares/Third_Party/FreeRTOS/cmsis_os2.o
                0x00000000080099dc                osDelay
 *fill*         0x0000000008009a12        0x2 
 .text.vApplicationGetIdleTaskMemory
                0x0000000008009a14       0x34 ./Middlewares/Third_Party/FreeRTOS/cmsis_os2.o
                0x0000000008009a14                vApplicationGetIdleTaskMemory
 .text.vApplicationGetTimerTaskMemory
                0x0000000008009a48       0x34 ./Middlewares/Third_Party/FreeRTOS/cmsis_os2.o
                0x0000000008009a48                vApplicationGetTimerTaskMemory
 .text.pvPortMalloc
                0x0000000008009a7c      0x198 ./Middlewares/Third_Party/FreeRTOS/heap_4.o
                0x0000000008009a7c                pvPortMalloc
 .text.vPortFree
                0x0000000008009c14       0xc4 ./Middlewares/Third_Party/FreeRTOS/heap_4.o
                0x0000000008009c14                vPortFree
 .text.prvHeapInit
                0x0000000008009cd8       0xc4 ./Middlewares/Third_Party/FreeRTOS/heap_4.o
 .text.prvInsertBlockIntoFreeList
                0x0000000008009d9c       0xb4 ./Middlewares/Third_Party/FreeRTOS/heap_4.o
 .text.vListInitialise
                0x0000000008009e50       0x40 ./Middlewares/Third_Party/FreeRTOS/list.o
                0x0000000008009e50                vListInitialise
 .text.vListInitialiseItem
                0x0000000008009e90       0x1a ./Middlewares/Third_Party/FreeRTOS/list.o
                0x0000000008009e90                vListInitialiseItem
 .text.vListInsertEnd
                0x0000000008009eaa       0x48 ./Middlewares/Third_Party/FreeRTOS/list.o
                0x0000000008009eaa                vListInsertEnd
 .text.vListInsert
                0x0000000008009ef2       0x72 ./Middlewares/Third_Party/FreeRTOS/list.o
                0x0000000008009ef2                vListInsert
 .text.uxListRemove
                0x0000000008009f64       0x54 ./Middlewares/Third_Party/FreeRTOS/list.o
                0x0000000008009f64                uxListRemove
 .text.pxPortInitialiseStack
                0x0000000008009fb8       0x68 ./Middlewares/Third_Party/FreeRTOS/port.o
                0x0000000008009fb8                pxPortInitialiseStack
 .text.prvTaskExitError
                0x000000000800a020       0x58 ./Middlewares/Third_Party/FreeRTOS/port.o
 *fill*         0x000000000800a078        0x8 
 .text.SVC_Handler
                0x000000000800a080       0x28 ./Middlewares/Third_Party/FreeRTOS/port.o
                0x000000000800a080                SVC_Handler
 .text.prvPortStartFirstTask
                0x000000000800a0a8       0x28 ./Middlewares/Third_Party/FreeRTOS/port.o
 .text.xPortStartScheduler
                0x000000000800a0d0      0x144 ./Middlewares/Third_Party/FreeRTOS/port.o
                0x000000000800a0d0                xPortStartScheduler
 .text.vPortEnterCritical
                0x000000000800a214       0x60 ./Middlewares/Third_Party/FreeRTOS/port.o
                0x000000000800a214                vPortEnterCritical
 .text.vPortExitCritical
                0x000000000800a274       0x54 ./Middlewares/Third_Party/FreeRTOS/port.o
                0x000000000800a274                vPortExitCritical
 *fill*         0x000000000800a2c8        0x8 
 .text.PendSV_Handler
                0x000000000800a2d0       0x68 ./Middlewares/Third_Party/FreeRTOS/port.o
                0x000000000800a2d0                PendSV_Handler
 .text.xPortSysTickHandler
                0x000000000800a338       0x44 ./Middlewares/Third_Party/FreeRTOS/port.o
                0x000000000800a338                xPortSysTickHandler
 .text.vPortSetupTimerInterrupt
                0x000000000800a37c       0x48 ./Middlewares/Third_Party/FreeRTOS/port.o
                0x000000000800a37c                vPortSetupTimerInterrupt
 .text.vPortEnableVFP
                0x000000000800a3c4       0x14 ./Middlewares/Third_Party/FreeRTOS/port.o
 .text.vPortValidateInterruptPriority
                0x000000000800a3d8       0x80 ./Middlewares/Third_Party/FreeRTOS/port.o
                0x000000000800a3d8                vPortValidateInterruptPriority
 .text.xQueueGenericReset
                0x000000000800a458       0xd0 ./Middlewares/Third_Party/FreeRTOS/queue.o
                0x000000000800a458                xQueueGenericReset
 .text.xQueueGenericCreateStatic
                0x000000000800a528       0xf0 ./Middlewares/Third_Party/FreeRTOS/queue.o
                0x000000000800a528                xQueueGenericCreateStatic
 .text.prvInitialiseNewQueue
                0x000000000800a618       0x46 ./Middlewares/Third_Party/FreeRTOS/queue.o
 *fill*         0x000000000800a65e        0x2 
 .text.xQueueGenericSend
                0x000000000800a660      0x1fc ./Middlewares/Third_Party/FreeRTOS/queue.o
                0x000000000800a660                xQueueGenericSend
 .text.xQueueGenericSendFromISR
                0x000000000800a85c      0x136 ./Middlewares/Third_Party/FreeRTOS/queue.o
                0x000000000800a85c                xQueueGenericSendFromISR
 *fill*         0x000000000800a992        0x2 
 .text.xQueueReceive
                0x000000000800a994      0x1c0 ./Middlewares/Third_Party/FreeRTOS/queue.o
                0x000000000800a994                xQueueReceive
 .text.prvCopyDataToQueue
                0x000000000800ab54       0xd4 ./Middlewares/Third_Party/FreeRTOS/queue.o
 .text.prvCopyDataFromQueue
                0x000000000800ac28       0x4c ./Middlewares/Third_Party/FreeRTOS/queue.o
 .text.prvUnlockQueue
                0x000000000800ac74       0xa4 ./Middlewares/Third_Party/FreeRTOS/queue.o
 .text.prvIsQueueEmpty
                0x000000000800ad18       0x2c ./Middlewares/Third_Party/FreeRTOS/queue.o
 .text.prvIsQueueFull
                0x000000000800ad44       0x30 ./Middlewares/Third_Party/FreeRTOS/queue.o
 .text.vQueueAddToRegistry
                0x000000000800ad74       0x54 ./Middlewares/Third_Party/FreeRTOS/queue.o
                0x000000000800ad74                vQueueAddToRegistry
 .text.vQueueWaitForMessageRestricted
                0x000000000800adc8       0x68 ./Middlewares/Third_Party/FreeRTOS/queue.o
                0x000000000800adc8                vQueueWaitForMessageRestricted
 .text.xTaskCreateStatic
                0x000000000800ae30       0xba ./Middlewares/Third_Party/FreeRTOS/tasks.o
                0x000000000800ae30                xTaskCreateStatic
 .text.xTaskCreate
                0x000000000800aeea       0x8a ./Middlewares/Third_Party/FreeRTOS/tasks.o
                0x000000000800aeea                xTaskCreate
 .text.prvInitialiseNewTask
                0x000000000800af74      0x11e ./Middlewares/Third_Party/FreeRTOS/tasks.o
 *fill*         0x000000000800b092        0x2 
 .text.prvAddNewTaskToReadyList
                0x000000000800b094       0xe0 ./Middlewares/Third_Party/FreeRTOS/tasks.o
 .text.vTaskDelay
                0x000000000800b174       0x68 ./Middlewares/Third_Party/FreeRTOS/tasks.o
                0x000000000800b174                vTaskDelay
 .text.vTaskStartScheduler
                0x000000000800b1dc       0xcc ./Middlewares/Third_Party/FreeRTOS/tasks.o
                0x000000000800b1dc                vTaskStartScheduler
 .text.vTaskSuspendAll
                0x000000000800b2a8       0x1c ./Middlewares/Third_Party/FreeRTOS/tasks.o
                0x000000000800b2a8                vTaskSuspendAll
 .text.xTaskResumeAll
                0x000000000800b2c4      0x13c ./Middlewares/Third_Party/FreeRTOS/tasks.o
                0x000000000800b2c4                xTaskResumeAll
 .text.xTaskGetTickCount
                0x000000000800b400       0x20 ./Middlewares/Third_Party/FreeRTOS/tasks.o
                0x000000000800b400                xTaskGetTickCount
 .text.xTaskIncrementTick
                0x000000000800b420      0x174 ./Middlewares/Third_Party/FreeRTOS/tasks.o
                0x000000000800b420                xTaskIncrementTick
 .text.vTaskSwitchContext
                0x000000000800b594       0xbc ./Middlewares/Third_Party/FreeRTOS/tasks.o
                0x000000000800b594                vTaskSwitchContext
 .text.vTaskPlaceOnEventList
                0x000000000800b650       0x48 ./Middlewares/Third_Party/FreeRTOS/tasks.o
                0x000000000800b650                vTaskPlaceOnEventList
 .text.vTaskPlaceOnEventListRestricted
                0x000000000800b698       0x58 ./Middlewares/Third_Party/FreeRTOS/tasks.o
                0x000000000800b698                vTaskPlaceOnEventListRestricted
 .text.xTaskRemoveFromEventList
                0x000000000800b6f0       0xc8 ./Middlewares/Third_Party/FreeRTOS/tasks.o
                0x000000000800b6f0                xTaskRemoveFromEventList
 .text.vTaskInternalSetTimeOutState
                0x000000000800b7b8       0x2c ./Middlewares/Third_Party/FreeRTOS/tasks.o
                0x000000000800b7b8                vTaskInternalSetTimeOutState
 .text.xTaskCheckForTimeOut
                0x000000000800b7e4       0xc4 ./Middlewares/Third_Party/FreeRTOS/tasks.o
                0x000000000800b7e4                xTaskCheckForTimeOut
 .text.vTaskMissedYield
                0x000000000800b8a8       0x18 ./Middlewares/Third_Party/FreeRTOS/tasks.o
                0x000000000800b8a8                vTaskMissedYield
 .text.prvIdleTask
                0x000000000800b8c0       0x30 ./Middlewares/Third_Party/FreeRTOS/tasks.o
 .text.prvInitialiseTaskLists
                0x000000000800b8f0       0x80 ./Middlewares/Third_Party/FreeRTOS/tasks.o
 .text.prvCheckTasksWaitingTermination
                0x000000000800b970       0x5c ./Middlewares/Third_Party/FreeRTOS/tasks.o
 .text.prvDeleteTCB
                0x000000000800b9cc       0x5e ./Middlewares/Third_Party/FreeRTOS/tasks.o
 *fill*         0x000000000800ba2a        0x2 
 .text.prvResetNextTaskUnblockTime
                0x000000000800ba2c       0x40 ./Middlewares/Third_Party/FreeRTOS/tasks.o
 .text.xTaskGetSchedulerState
                0x000000000800ba6c       0x3c ./Middlewares/Third_Party/FreeRTOS/tasks.o
                0x000000000800ba6c                xTaskGetSchedulerState
 .text.xTaskPriorityDisinherit
                0x000000000800baa8       0xdc ./Middlewares/Third_Party/FreeRTOS/tasks.o
                0x000000000800baa8                xTaskPriorityDisinherit
 .text.prvAddCurrentTaskToDelayedList
                0x000000000800bb84       0xa8 ./Middlewares/Third_Party/FreeRTOS/tasks.o
 .text.xTimerCreateTimerTask
                0x000000000800bc2c       0x90 ./Middlewares/Third_Party/FreeRTOS/timers.o
                0x000000000800bc2c                xTimerCreateTimerTask
 .text.xTimerGenericCommand
                0x000000000800bcbc       0x9c ./Middlewares/Third_Party/FreeRTOS/timers.o
                0x000000000800bcbc                xTimerGenericCommand
 .text.prvProcessExpiredTimer
                0x000000000800bd58       0x98 ./Middlewares/Third_Party/FreeRTOS/timers.o
 .text.prvTimerTask
                0x000000000800bdf0       0x24 ./Middlewares/Third_Party/FreeRTOS/timers.o
 .text.prvProcessTimerOrBlockTask
                0x000000000800be14       0x9c ./Middlewares/Third_Party/FreeRTOS/timers.o
 .text.prvGetNextExpireTime
                0x000000000800beb0       0x48 ./Middlewares/Third_Party/FreeRTOS/timers.o
 .text.prvSampleTimeNow
                0x000000000800bef8       0x40 ./Middlewares/Third_Party/FreeRTOS/timers.o
 .text.prvInsertTimerInActiveList
                0x000000000800bf38       0x84 ./Middlewares/Third_Party/FreeRTOS/timers.o
 .text.prvProcessReceivedCommands
                0x000000000800bfbc      0x1c4 ./Middlewares/Third_Party/FreeRTOS/timers.o
 .text.prvSwitchTimerLists
                0x000000000800c180       0xc8 ./Middlewares/Third_Party/FreeRTOS/timers.o
 .text.prvCheckForValidListAndQueue
                0x000000000800c248       0x80 ./Middlewares/Third_Party/FreeRTOS/timers.o
 .text.__errno  0x000000000800c2c8        0xc c:/st/stm32cubeide_1.12.0/stm32cubeide/plugins/com.st.stm32cube.ide.mcu.externaltools.gnu-tools-for-stm32.10.3-2021.10.win32_1.0.200.202301161003/tools/bin/../lib/gcc/arm-none-eabi/10.3.1/../../../../arm-none-eabi/lib/thumb/v7e-m+dp/hard\libc_nano.a(lib_a-errno.o)
                0x000000000800c2c8                __errno
 .text.__libc_init_array
                0x000000000800c2d4       0x48 c:/st/stm32cubeide_1.12.0/stm32cubeide/plugins/com.st.stm32cube.ide.mcu.externaltools.gnu-tools-for-stm32.10.3-2021.10.win32_1.0.200.202301161003/tools/bin/../lib/gcc/arm-none-eabi/10.3.1/../../../../arm-none-eabi/lib/thumb/v7e-m+dp/hard\libc_nano.a(lib_a-init.o)
                0x000000000800c2d4                __libc_init_array
 .text.memcpy   0x000000000800c31c       0x1c c:/st/stm32cubeide_1.12.0/stm32cubeide/plugins/com.st.stm32cube.ide.mcu.externaltools.gnu-tools-for-stm32.10.3-2021.10.win32_1.0.200.202301161003/tools/bin/../lib/gcc/arm-none-eabi/10.3.1/../../../../arm-none-eabi/lib/thumb/v7e-m+dp/hard\libc_nano.a(lib_a-memcpy-stub.o)
                0x000000000800c31c                memcpy
 .text.memset   0x000000000800c338       0x10 c:/st/stm32cubeide_1.12.0/stm32cubeide/plugins/com.st.stm32cube.ide.mcu.externaltools.gnu-tools-for-stm32.10.3-2021.10.win32_1.0.200.202301161003/tools/bin/../lib/gcc/arm-none-eabi/10.3.1/../../../../arm-none-eabi/lib/thumb/v7e-m+dp/hard\libc_nano.a(lib_a-memset.o)
                0x000000000800c338                memset
 .text._vsnprintf_r
                0x000000000800c348       0x56 c:/st/stm32cubeide_1.12.0/stm32cubeide/plugins/com.st.stm32cube.ide.mcu.externaltools.gnu-tools-for-stm32.10.3-2021.10.win32_1.0.200.202301161003/tools/bin/../lib/gcc/arm-none-eabi/10.3.1/../../../../arm-none-eabi/lib/thumb/v7e-m+dp/hard\libc_nano.a(lib_a-vsnprintf.o)
                0x000000000800c348                _vsniprintf_r
                0x000000000800c348                _vsnprintf_r
 *fill*         0x000000000800c39e        0x2 
 .text.vsnprintf
                0x000000000800c3a0       0x1c c:/st/stm32cubeide_1.12.0/stm32cubeide/plugins/com.st.stm32cube.ide.mcu.externaltools.gnu-tools-for-stm32.10.3-2021.10.win32_1.0.200.202301161003/tools/bin/../lib/gcc/arm-none-eabi/10.3.1/../../../../arm-none-eabi/lib/thumb/v7e-m+dp/hard\libc_nano.a(lib_a-vsnprintf.o)
                0x000000000800c3a0                vsniprintf
                0x000000000800c3a0                vsnprintf
 .text.__ssputs_r
                0x000000000800c3bc       0xb6 c:/st/stm32cubeide_1.12.0/stm32cubeide/plugins/com.st.stm32cube.ide.mcu.externaltools.gnu-tools-for-stm32.10.3-2021.10.win32_1.0.200.202301161003/tools/bin/../lib/gcc/arm-none-eabi/10.3.1/../../../../arm-none-eabi/lib/thumb/v7e-m+dp/hard\libc_nano.a(lib_a-nano-svfprintf.o)
                0x000000000800c3bc                __ssputs_r
 *fill*         0x000000000800c472        0x2 
 .text._svfprintf_r
                0x000000000800c474      0x200 c:/st/stm32cubeide_1.12.0/stm32cubeide/plugins/com.st.stm32cube.ide.mcu.externaltools.gnu-tools-for-stm32.10.3-2021.10.win32_1.0.200.202301161003/tools/bin/../lib/gcc/arm-none-eabi/10.3.1/../../../../arm-none-eabi/lib/thumb/v7e-m+dp/hard\libc_nano.a(lib_a-nano-svfprintf.o)
                0x000000000800c474                _svfiprintf_r
                0x000000000800c474                _svfprintf_r
 .text._printf_common
                0x000000000800c674       0xda c:/st/stm32cubeide_1.12.0/stm32cubeide/plugins/com.st.stm32cube.ide.mcu.externaltools.gnu-tools-for-stm32.10.3-2021.10.win32_1.0.200.202301161003/tools/bin/../lib/gcc/arm-none-eabi/10.3.1/../../../../arm-none-eabi/lib/thumb/v7e-m+dp/hard\libc_nano.a(lib_a-nano-vfprintf_i.o)
                0x000000000800c674                _printf_common
 *fill*         0x000000000800c74e        0x2 
 .text._printf_i
                0x000000000800c750      0x24c c:/st/stm32cubeide_1.12.0/stm32cubeide/plugins/com.st.stm32cube.ide.mcu.externaltools.gnu-tools-for-stm32.10.3-2021.10.win32_1.0.200.202301161003/tools/bin/../lib/gcc/arm-none-eabi/10.3.1/../../../../arm-none-eabi/lib/thumb/v7e-m+dp/hard\libc_nano.a(lib_a-nano-vfprintf_i.o)
                0x000000000800c750                _printf_i
 .text.memmove  0x000000000800c99c       0x34 c:/st/stm32cubeide_1.12.0/stm32cubeide/plugins/com.st.stm32cube.ide.mcu.externaltools.gnu-tools-for-stm32.10.3-2021.10.win32_1.0.200.202301161003/tools/bin/../lib/gcc/arm-none-eabi/10.3.1/../../../../arm-none-eabi/lib/thumb/v7e-m+dp/hard\libc_nano.a(lib_a-memmove.o)
                0x000000000800c99c                memmove
 .text._free_r  0x000000000800c9d0       0x98 c:/st/stm32cubeide_1.12.0/stm32cubeide/plugins/com.st.stm32cube.ide.mcu.externaltools.gnu-tools-for-stm32.10.3-2021.10.win32_1.0.200.202301161003/tools/bin/../lib/gcc/arm-none-eabi/10.3.1/../../../../arm-none-eabi/lib/thumb/v7e-m+dp/hard\libc_nano.a(lib_a-nano-freer.o)
                0x000000000800c9d0                _free_r
 .text.sbrk_aligned
                0x000000000800ca68       0x40 c:/st/stm32cubeide_1.12.0/stm32cubeide/plugins/com.st.stm32cube.ide.mcu.externaltools.gnu-tools-for-stm32.10.3-2021.10.win32_1.0.200.202301161003/tools/bin/../lib/gcc/arm-none-eabi/10.3.1/../../../../arm-none-eabi/lib/thumb/v7e-m+dp/hard\libc_nano.a(lib_a-nano-mallocr.o)
 .text._malloc_r
                0x000000000800caa8       0xe8 c:/st/stm32cubeide_1.12.0/stm32cubeide/plugins/com.st.stm32cube.ide.mcu.externaltools.gnu-tools-for-stm32.10.3-2021.10.win32_1.0.200.202301161003/tools/bin/../lib/gcc/arm-none-eabi/10.3.1/../../../../arm-none-eabi/lib/thumb/v7e-m+dp/hard\libc_nano.a(lib_a-nano-mallocr.o)
                0x000000000800caa8                _malloc_r
 .text._realloc_r
                0x000000000800cb90       0x5e c:/st/stm32cubeide_1.12.0/stm32cubeide/plugins/com.st.stm32cube.ide.mcu.externaltools.gnu-tools-for-stm32.10.3-2021.10.win32_1.0.200.202301161003/tools/bin/../lib/gcc/arm-none-eabi/10.3.1/../../../../arm-none-eabi/lib/thumb/v7e-m+dp/hard\libc_nano.a(lib_a-nano-reallocr.o)
                0x000000000800cb90                _realloc_r
 *fill*         0x000000000800cbee        0x2 
 .text._sbrk_r  0x000000000800cbf0       0x20 c:/st/stm32cubeide_1.12.0/stm32cubeide/plugins/com.st.stm32cube.ide.mcu.externaltools.gnu-tools-for-stm32.10.3-2021.10.win32_1.0.200.202301161003/tools/bin/../lib/gcc/arm-none-eabi/10.3.1/../../../../arm-none-eabi/lib/thumb/v7e-m+dp/hard\libc_nano.a(lib_a-sbrkr.o)
                0x000000000800cbf0                _sbrk_r
 .text.__malloc_lock
                0x000000000800cc10        0xc c:/st/stm32cubeide_1.12.0/stm32cubeide/plugins/com.st.stm32cube.ide.mcu.externaltools.gnu-tools-for-stm32.10.3-2021.10.win32_1.0.200.202301161003/tools/bin/../lib/gcc/arm-none-eabi/10.3.1/../../../../arm-none-eabi/lib/thumb/v7e-m+dp/hard\libc_nano.a(lib_a-mlock.o)
                0x000000000800cc10                __malloc_lock
 .text.__malloc_unlock
                0x000000000800cc1c        0xc c:/st/stm32cubeide_1.12.0/stm32cubeide/plugins/com.st.stm32cube.ide.mcu.externaltools.gnu-tools-for-stm32.10.3-2021.10.win32_1.0.200.202301161003/tools/bin/../lib/gcc/arm-none-eabi/10.3.1/../../../../arm-none-eabi/lib/thumb/v7e-m+dp/hard\libc_nano.a(lib_a-mlock.o)
                0x000000000800cc1c                __malloc_unlock
 .text._malloc_usable_size_r
                0x000000000800cc28       0x10 c:/st/stm32cubeide_1.12.0/stm32cubeide/plugins/com.st.stm32cube.ide.mcu.externaltools.gnu-tools-for-stm32.10.3-2021.10.win32_1.0.200.202301161003/tools/bin/../lib/gcc/arm-none-eabi/10.3.1/../../../../arm-none-eabi/lib/thumb/v7e-m+dp/hard\libc_nano.a(lib_a-nano-msizer.o)
                0x000000000800cc28                _malloc_usable_size_r
 .text.__retarget_lock_acquire_recursive
                0x000000000800cc38        0x2 c:/st/stm32cubeide_1.12.0/stm32cubeide/plugins/com.st.stm32cube.ide.mcu.externaltools.gnu-tools-for-stm32.10.3-2021.10.win32_1.0.200.202301161003/tools/bin/../lib/gcc/arm-none-eabi/10.3.1/../../../../arm-none-eabi/lib/thumb/v7e-m+dp/hard\libc_nano.a(lib_a-lock.o)
                0x000000000800cc38                __retarget_lock_acquire_recursive
 .text.__retarget_lock_release_recursive
                0x000000000800cc3a        0x2 c:/st/stm32cubeide_1.12.0/stm32cubeide/plugins/com.st.stm32cube.ide.mcu.externaltools.gnu-tools-for-stm32.10.3-2021.10.win32_1.0.200.202301161003/tools/bin/../lib/gcc/arm-none-eabi/10.3.1/../../../../arm-none-eabi/lib/thumb/v7e-m+dp/hard\libc_nano.a(lib_a-lock.o)
                0x000000000800cc3a                __retarget_lock_release_recursive
 .text.tanf     0x000000000800cc3c       0x58 c:/st/stm32cubeide_1.12.0/stm32cubeide/plugins/com.st.stm32cube.ide.mcu.externaltools.gnu-tools-for-stm32.10.3-2021.10.win32_1.0.200.202301161003/tools/bin/../lib/gcc/arm-none-eabi/10.3.1/../../../../arm-none-eabi/lib/thumb/v7e-m+dp/hard\libm.a(lib_a-sf_tan.o)
                0x000000000800cc3c                tanf
 .text.__ieee754_rem_pio2f
                0x000000000800cc94      0x278 c:/st/stm32cubeide_1.12.0/stm32cubeide/plugins/com.st.stm32cube.ide.mcu.externaltools.gnu-tools-for-stm32.10.3-2021.10.win32_1.0.200.202301161003/tools/bin/../lib/gcc/arm-none-eabi/10.3.1/../../../../arm-none-eabi/lib/thumb/v7e-m+dp/hard\libm.a(lib_a-ef_rem_pio2.o)
                0x000000000800cc94                __ieee754_rem_pio2f
 .text.__kernel_rem_pio2f
                0x000000000800cf0c      0x4ec c:/st/stm32cubeide_1.12.0/stm32cubeide/plugins/com.st.stm32cube.ide.mcu.externaltools.gnu-tools-for-stm32.10.3-2021.10.win32_1.0.200.202301161003/tools/bin/../lib/gcc/arm-none-eabi/10.3.1/../../../../arm-none-eabi/lib/thumb/v7e-m+dp/hard\libm.a(lib_a-kf_rem_pio2.o)
                0x000000000800cf0c                __kernel_rem_pio2f
 .text.__kernel_tanf
                0x000000000800d3f8      0x1c0 c:/st/stm32cubeide_1.12.0/stm32cubeide/plugins/com.st.stm32cube.ide.mcu.externaltools.gnu-tools-for-stm32.10.3-2021.10.win32_1.0.200.202301161003/tools/bin/../lib/gcc/arm-none-eabi/10.3.1/../../../../arm-none-eabi/lib/thumb/v7e-m+dp/hard\libm.a(lib_a-kf_tan.o)
                0x000000000800d3f8                __kernel_tanf
 .text.fabsf    0x000000000800d5b8        0xe c:/st/stm32cubeide_1.12.0/stm32cubeide/plugins/com.st.stm32cube.ide.mcu.externaltools.gnu-tools-for-stm32.10.3-2021.10.win32_1.0.200.202301161003/tools/bin/../lib/gcc/arm-none-eabi/10.3.1/../../../../arm-none-eabi/lib/thumb/v7e-m+dp/hard\libm.a(lib_a-sf_fabs.o)
                0x000000000800d5b8                fabsf
 *fill*         0x000000000800d5c6        0x2 
 .text.floorf   0x000000000800d5c8       0x84 c:/st/stm32cubeide_1.12.0/stm32cubeide/plugins/com.st.stm32cube.ide.mcu.externaltools.gnu-tools-for-stm32.10.3-2021.10.win32_1.0.200.202301161003/tools/bin/../lib/gcc/arm-none-eabi/10.3.1/../../../../arm-none-eabi/lib/thumb/v7e-m+dp/hard\libm.a(lib_a-sf_floor.o)
                0x000000000800d5c8                floorf
 .text.scalbnf  0x000000000800d64c       0xe0 c:/st/stm32cubeide_1.12.0/stm32cubeide/plugins/com.st.stm32cube.ide.mcu.externaltools.gnu-tools-for-stm32.10.3-2021.10.win32_1.0.200.202301161003/tools/bin/../lib/gcc/arm-none-eabi/10.3.1/../../../../arm-none-eabi/lib/thumb/v7e-m+dp/hard\libm.a(lib_a-sf_scalbn.o)
                0x000000000800d64c                scalbnf
 *(.glue_7)
 .glue_7        0x000000000800d72c        0x0 linker stubs
 *(.glue_7t)
 .glue_7t       0x000000000800d72c        0x0 linker stubs
 *(.eh_frame)
 .eh_frame      0x000000000800d72c        0x0 c:/st/stm32cubeide_1.12.0/stm32cubeide/plugins/com.st.stm32cube.ide.mcu.externaltools.gnu-tools-for-stm32.10.3-2021.10.win32_1.0.200.202301161003/tools/bin/../lib/gcc/arm-none-eabi/10.3.1/thumb/v7e-m+dp/hard/crtbegin.o
 *(.init)
 .init          0x000000000800d72c        0x4 c:/st/stm32cubeide_1.12.0/stm32cubeide/plugins/com.st.stm32cube.ide.mcu.externaltools.gnu-tools-for-stm32.10.3-2021.10.win32_1.0.200.202301161003/tools/bin/../lib/gcc/arm-none-eabi/10.3.1/thumb/v7e-m+dp/hard/crti.o
                0x000000000800d72c                _init
 .init          0x000000000800d730        0x8 c:/st/stm32cubeide_1.12.0/stm32cubeide/plugins/com.st.stm32cube.ide.mcu.externaltools.gnu-tools-for-stm32.10.3-2021.10.win32_1.0.200.202301161003/tools/bin/../lib/gcc/arm-none-eabi/10.3.1/thumb/v7e-m+dp/hard/crtn.o
 *(.fini)
 .fini          0x000000000800d738        0x4 c:/st/stm32cubeide_1.12.0/stm32cubeide/plugins/com.st.stm32cube.ide.mcu.externaltools.gnu-tools-for-stm32.10.3-2021.10.win32_1.0.200.202301161003/tools/bin/../lib/gcc/arm-none-eabi/10.3.1/thumb/v7e-m+dp/hard/crti.o
                0x000000000800d738                _fini
 .fini          0x000000000800d73c        0x8 c:/st/stm32cubeide_1.12.0/stm32cubeide/plugins/com.st.stm32cube.ide.mcu.externaltools.gnu-tools-for-stm32.10.3-2021.10.win32_1.0.200.202301161003/tools/bin/../lib/gcc/arm-none-eabi/10.3.1/thumb/v7e-m+dp/hard/crtn.o
                0x000000000800d744                . = ALIGN (0x4)
                0x000000000800d744                _etext = .

.vfp11_veneer   0x000000000800d744        0x0
 .vfp11_veneer  0x000000000800d744        0x0 linker stubs

.v4_bx          0x000000000800d744        0x0
 .v4_bx         0x000000000800d744        0x0 linker stubs

.iplt           0x000000000800d744        0x0
 .iplt          0x000000000800d744        0x0 c:/st/stm32cubeide_1.12.0/stm32cubeide/plugins/com.st.stm32cube.ide.mcu.externaltools.gnu-tools-for-stm32.10.3-2021.10.win32_1.0.200.202301161003/tools/bin/../lib/gcc/arm-none-eabi/10.3.1/thumb/v7e-m+dp/hard/crtbegin.o

.rodata         0x000000000800d744      0x4c4
                0x000000000800d744                . = ALIGN (0x4)
 *(.rodata)
 .rodata        0x000000000800d744       0x43 ./Core/Src/main.o
 *fill*         0x000000000800d787        0x1 
 .rodata        0x000000000800d788        0x5 ./Middlewares/Third_Party/FreeRTOS/tasks.o
 *fill*         0x000000000800d78d        0x3 
 .rodata        0x000000000800d790        0xd ./Middlewares/Third_Party/FreeRTOS/timers.o
 *(.rodata*)
 *fill*         0x000000000800d79d        0x3 
 .rodata.D1CorePrescTable
                0x000000000800d7a0       0x10 ./Common/Src/system_stm32h7xx_dualcore_boot_cm4_cm7.o
                0x000000000800d7a0                D1CorePrescTable
 .rodata.filterTask_attributes
                0x000000000800d7b0       0x24 ./Core/Src/main.o
                0x000000000800d7b0                filterTask_attributes
 .rodata.flagBitshiftOffset.0
                0x000000000800d7d4        0x8 ./Drivers/STM32H7xx_HAL_Driver/stm32h7xx_hal_dma.o
 .rodata.UARTPrescTable
                0x000000000800d7dc       0x18 ./Drivers/STM32H7xx_HAL_Driver/stm32h7xx_hal_uart.o
                0x000000000800d7dc                UARTPrescTable
 .rodata.numerator.1
                0x000000000800d7f4        0x8 ./Drivers/STM32H7xx_HAL_Driver/stm32h7xx_hal_uart_ex.o
 .rodata.denominator.0
                0x000000000800d7fc        0x8 ./Drivers/STM32H7xx_HAL_Driver/stm32h7xx_hal_uart_ex.o
 .rodata._svfprintf_r.str1.1
                0x000000000800d804       0x11 c:/st/stm32cubeide_1.12.0/stm32cubeide/plugins/com.st.stm32cube.ide.mcu.externaltools.gnu-tools-for-stm32.10.3-2021.10.win32_1.0.200.202301161003/tools/bin/../lib/gcc/arm-none-eabi/10.3.1/../../../../arm-none-eabi/lib/thumb/v7e-m+dp/hard\libc_nano.a(lib_a-nano-svfprintf.o)
 .rodata._printf_i.str1.1
                0x000000000800d815       0x22 c:/st/stm32cubeide_1.12.0/stm32cubeide/plugins/com.st.stm32cube.ide.mcu.externaltools.gnu-tools-for-stm32.10.3-2021.10.win32_1.0.200.202301161003/tools/bin/../lib/gcc/arm-none-eabi/10.3.1/../../../../arm-none-eabi/lib/thumb/v7e-m+dp/hard\libc_nano.a(lib_a-nano-vfprintf_i.o)
 *fill*         0x000000000800d837        0x1 
 .rodata.npio2_hw
                0x000000000800d838       0x80 c:/st/stm32cubeide_1.12.0/stm32cubeide/plugins/com.st.stm32cube.ide.mcu.externaltools.gnu-tools-for-stm32.10.3-2021.10.win32_1.0.200.202301161003/tools/bin/../lib/gcc/arm-none-eabi/10.3.1/../../../../arm-none-eabi/lib/thumb/v7e-m+dp/hard\libm.a(lib_a-ef_rem_pio2.o)
 .rodata.two_over_pi
                0x000000000800d8b8      0x318 c:/st/stm32cubeide_1.12.0/stm32cubeide/plugins/com.st.stm32cube.ide.mcu.externaltools.gnu-tools-for-stm32.10.3-2021.10.win32_1.0.200.202301161003/tools/bin/../lib/gcc/arm-none-eabi/10.3.1/../../../../arm-none-eabi/lib/thumb/v7e-m+dp/hard\libm.a(lib_a-ef_rem_pio2.o)
 .rodata.PIo2   0x000000000800dbd0       0x2c c:/st/stm32cubeide_1.12.0/stm32cubeide/plugins/com.st.stm32cube.ide.mcu.externaltools.gnu-tools-for-stm32.10.3-2021.10.win32_1.0.200.202301161003/tools/bin/../lib/gcc/arm-none-eabi/10.3.1/../../../../arm-none-eabi/lib/thumb/v7e-m+dp/hard\libm.a(lib_a-kf_rem_pio2.o)
 .rodata.init_jk
                0x000000000800dbfc        0xc c:/st/stm32cubeide_1.12.0/stm32cubeide/plugins/com.st.stm32cube.ide.mcu.externaltools.gnu-tools-for-stm32.10.3-2021.10.win32_1.0.200.202301161003/tools/bin/../lib/gcc/arm-none-eabi/10.3.1/../../../../arm-none-eabi/lib/thumb/v7e-m+dp/hard\libm.a(lib_a-kf_rem_pio2.o)
                0x000000000800dc08                . = ALIGN (0x4)

.ARM.extab      0x000000000800dc08        0x0
                0x000000000800dc08                . = ALIGN (0x4)
 *(.ARM.extab* .gnu.linkonce.armextab.*)
                0x000000000800dc08                . = ALIGN (0x4)

.ARM            0x000000000800dc08        0x8
                0x000000000800dc08                . = ALIGN (0x4)
                0x000000000800dc08                __exidx_start = .
 *(.ARM.exidx*)
 .ARM.exidx     0x000000000800dc08        0x8 c:/st/stm32cubeide_1.12.0/stm32cubeide/plugins/com.st.stm32cube.ide.mcu.externaltools.gnu-tools-for-stm32.10.3-2021.10.win32_1.0.200.202301161003/tools/bin/../lib/gcc/arm-none-eabi/10.3.1/thumb/v7e-m+dp/hard\libgcc.a(_udivmoddi4.o)
                0x000000000800dc10                __exidx_end = .
                0x000000000800dc10                . = ALIGN (0x4)

.rel.dyn        0x000000000800dc10        0x0
 .rel.iplt      0x000000000800dc10        0x0 c:/st/stm32cubeide_1.12.0/stm32cubeide/plugins/com.st.stm32cube.ide.mcu.externaltools.gnu-tools-for-stm32.10.3-2021.10.win32_1.0.200.202301161003/tools/bin/../lib/gcc/arm-none-eabi/10.3.1/thumb/v7e-m+dp/hard/crtbegin.o

.preinit_array  0x000000000800dc10        0x0
                0x000000000800dc10                . = ALIGN (0x4)
                0x000000000800dc10                PROVIDE (__preinit_array_start = .)
 *(.preinit_array*)
                0x000000000800dc10                PROVIDE (__preinit_array_end = .)
                0x000000000800dc10                . = ALIGN (0x4)

.init_array     0x000000000800dc10        0x4
                0x000000000800dc10                . = ALIGN (0x4)
                0x000000000800dc10                PROVIDE (__init_array_start = .)
 *(SORT_BY_NAME(.init_array.*))
 *(.init_array*)
 .init_array    0x000000000800dc10        0x4 c:/st/stm32cubeide_1.12.0/stm32cubeide/plugins/com.st.stm32cube.ide.mcu.externaltools.gnu-tools-for-stm32.10.3-2021.10.win32_1.0.200.202301161003/tools/bin/../lib/gcc/arm-none-eabi/10.3.1/thumb/v7e-m+dp/hard/crtbegin.o
                0x000000000800dc14                PROVIDE (__init_array_end = .)
                0x000000000800dc14                . = ALIGN (0x4)

.fini_array     0x000000000800dc14        0x4
                0x000000000800dc14                . = ALIGN (0x4)
                [!provide]                        PROVIDE (__fini_array_start = .)
 *(SORT_BY_NAME(.fini_array.*))
 *(.fini_array*)
 .fini_array    0x000000000800dc14        0x4 c:/st/stm32cubeide_1.12.0/stm32cubeide/plugins/com.st.stm32cube.ide.mcu.externaltools.gnu-tools-for-stm32.10.3-2021.10.win32_1.0.200.202301161003/tools/bin/../lib/gcc/arm-none-eabi/10.3.1/thumb/v7e-m+dp/hard/crtbegin.o
                [!provide]                        PROVIDE (__fini_array_end = .)
                0x000000000800dc18                . = ALIGN (0x4)
                0x000000000800dc18                _sidata = LOADADDR (.data)

.data           0x0000000024000000       0x7c load address 0x000000000800dc18
                0x0000000024000000                . = ALIGN (0x4)
                0x0000000024000000                _sdata = .
 *(.data)
 *(.data*)
 .data.SystemCoreClock
                0x0000000024000000        0x4 ./Common/Src/system_stm32h7xx_dualcore_boot_cm4_cm7.o
                0x0000000024000000                SystemCoreClock
 .data.SystemD2Clock
                0x0000000024000004        0x4 ./Common/Src/system_stm32h7xx_dualcore_boot_cm4_cm7.o
                0x0000000024000004                SystemD2Clock
 .data.outBufPtr
                0x0000000024000008        0x4 ./Core/Src/main.o
 .data.uwTickPrio
                0x000000002400000c        0x4 ./Drivers/STM32H7xx_HAL_Driver/stm32h7xx_hal.o
                0x000000002400000c                uwTickPrio
 .data.uwTickFreq
                0x0000000024000010        0x1 ./Drivers/STM32H7xx_HAL_Driver/stm32h7xx_hal.o
                0x0000000024000010                uwTickFreq
 *fill*         0x0000000024000011        0x3 
 .data.uxCriticalNesting
                0x0000000024000014        0x4 ./Middlewares/Third_Party/FreeRTOS/port.o
 .data._impure_ptr
                0x0000000024000018        0x4 c:/st/stm32cubeide_1.12.0/stm32cubeide/plugins/com.st.stm32cube.ide.mcu.externaltools.gnu-tools-for-stm32.10.3-2021.10.win32_1.0.200.202301161003/tools/bin/../lib/gcc/arm-none-eabi/10.3.1/../../../../arm-none-eabi/lib/thumb/v7e-m+dp/hard\libc_nano.a(lib_a-impure.o)
                0x0000000024000018                _impure_ptr
 .data.impure_data
                0x000000002400001c       0x60 c:/st/stm32cubeide_1.12.0/stm32cubeide/plugins/com.st.stm32cube.ide.mcu.externaltools.gnu-tools-for-stm32.10.3-2021.10.win32_1.0.200.202301161003/tools/bin/../lib/gcc/arm-none-eabi/10.3.1/../../../../arm-none-eabi/lib/thumb/v7e-m+dp/hard\libc_nano.a(lib_a-impure.o)
 *(.RamFunc)
 *(.RamFunc*)
                0x000000002400007c                . = ALIGN (0x4)
                0x000000002400007c                _edata = .

.igot.plt       0x000000002400007c        0x0 load address 0x000000000800dc94
 .igot.plt      0x000000002400007c        0x0 c:/st/stm32cubeide_1.12.0/stm32cubeide/plugins/com.st.stm32cube.ide.mcu.externaltools.gnu-tools-for-stm32.10.3-2021.10.win32_1.0.200.202301161003/tools/bin/../lib/gcc/arm-none-eabi/10.3.1/thumb/v7e-m+dp/hard/crtbegin.o
                0x000000002400007c                . = ALIGN (0x4)

.bss            0x000000002400007c     0x4bfc load address 0x000000000800dc94
                0x000000002400007c                _sbss = .
                0x000000002400007c                __bss_start__ = _sbss
 *(.bss)
 .bss           0x000000002400007c       0x1c c:/st/stm32cubeide_1.12.0/stm32cubeide/plugins/com.st.stm32cube.ide.mcu.externaltools.gnu-tools-for-stm32.10.3-2021.10.win32_1.0.200.202301161003/tools/bin/../lib/gcc/arm-none-eabi/10.3.1/thumb/v7e-m+dp/hard/crtbegin.o
 *(.bss*)
 .bss.hi2s3     0x0000000024000098       0x54 ./Core/Src/main.o
                0x0000000024000098                hi2s3
 .bss.hdma_spi3_rx
                0x00000000240000ec       0x78 ./Core/Src/main.o
                0x00000000240000ec                hdma_spi3_rx
 .bss.hdma_spi3_tx
                0x0000000024000164       0x78 ./Core/Src/main.o
                0x0000000024000164                hdma_spi3_tx
 .bss.huart3    0x00000000240001dc       0x94 ./Core/Src/main.o
                0x00000000240001dc                huart3
 .bss.filterTaskHandle
                0x0000000024000270        0x4 ./Core/Src/main.o
                0x0000000024000270                filterTaskHandle
 .bss.inBufPtr  0x0000000024000274        0x4 ./Core/Src/main.o
 .bss.dataReadyFlag
                0x0000000024000278        0x1 ./Core/Src/main.o
                0x0000000024000278                dataReadyFlag
 *fill*         0x0000000024000279        0x3 
 .bss.filt1     0x000000002400027c       0x34 ./Core/Src/main.o
                0x000000002400027c                filt1
 .bss.leftIn.5  0x00000000240002b0        0x4 ./Core/Src/main.o
 .bss.leftProcessed.4
                0x00000000240002b4        0x4 ./Core/Src/main.o
 .bss.leftOut.3
                0x00000000240002b8        0x4 ./Core/Src/main.o
 .bss.rightIn.2
                0x00000000240002bc        0x4 ./Core/Src/main.o
 .bss.rightOut.1
                0x00000000240002c0        0x4 ./Core/Src/main.o
 .bss.htim1     0x00000000240002c4       0x4c ./Core/Src/stm32h7xx_hal_timebase_tim.o
                0x00000000240002c4                htim1
 .bss.__sbrk_heap_end
                0x0000000024000310        0x4 ./Core/Src/sysmem.o
 .bss.uwTick    0x0000000024000314        0x4 ./Drivers/STM32H7xx_HAL_Driver/stm32h7xx_hal.o
                0x0000000024000314                uwTick
 .bss.KernelState
                0x0000000024000318        0x4 ./Middlewares/Third_Party/FreeRTOS/cmsis_os2.o
 .bss.Idle_TCB.3
                0x000000002400031c       0x5c ./Middlewares/Third_Party/FreeRTOS/cmsis_os2.o
 .bss.Idle_Stack.2
                0x0000000024000378      0x200 ./Middlewares/Third_Party/FreeRTOS/cmsis_os2.o
 .bss.Timer_TCB.1
                0x0000000024000578       0x5c ./Middlewares/Third_Party/FreeRTOS/cmsis_os2.o
 .bss.Timer_Stack.0
                0x00000000240005d4      0x400 ./Middlewares/Third_Party/FreeRTOS/cmsis_os2.o
 .bss.ucHeap    0x00000000240009d4     0x3c00 ./Middlewares/Third_Party/FreeRTOS/heap_4.o
 .bss.xStart    0x00000000240045d4        0x8 ./Middlewares/Third_Party/FreeRTOS/heap_4.o
 .bss.pxEnd     0x00000000240045dc        0x4 ./Middlewares/Third_Party/FreeRTOS/heap_4.o
 .bss.xFreeBytesRemaining
                0x00000000240045e0        0x4 ./Middlewares/Third_Party/FreeRTOS/heap_4.o
 .bss.xMinimumEverFreeBytesRemaining
                0x00000000240045e4        0x4 ./Middlewares/Third_Party/FreeRTOS/heap_4.o
 .bss.xNumberOfSuccessfulAllocations
                0x00000000240045e8        0x4 ./Middlewares/Third_Party/FreeRTOS/heap_4.o
 .bss.xNumberOfSuccessfulFrees
                0x00000000240045ec        0x4 ./Middlewares/Third_Party/FreeRTOS/heap_4.o
 .bss.xBlockAllocatedBit
                0x00000000240045f0        0x4 ./Middlewares/Third_Party/FreeRTOS/heap_4.o
 .bss.ucMaxSysCallPriority
                0x00000000240045f4        0x1 ./Middlewares/Third_Party/FreeRTOS/port.o
 *fill*         0x00000000240045f5        0x3 
 .bss.ulMaxPRIGROUPValue
                0x00000000240045f8        0x4 ./Middlewares/Third_Party/FreeRTOS/port.o
 .bss.xQueueRegistry
                0x00000000240045fc       0x40 ./Middlewares/Third_Party/FreeRTOS/queue.o
                0x00000000240045fc                xQueueRegistry
 .bss.pxCurrentTCB
                0x000000002400463c        0x4 ./Middlewares/Third_Party/FreeRTOS/tasks.o
                0x000000002400463c                pxCurrentTCB
 .bss.pxReadyTasksLists
                0x0000000024004640      0x460 ./Middlewares/Third_Party/FreeRTOS/tasks.o
 .bss.xDelayedTaskList1
                0x0000000024004aa0       0x14 ./Middlewares/Third_Party/FreeRTOS/tasks.o
 .bss.xDelayedTaskList2
                0x0000000024004ab4       0x14 ./Middlewares/Third_Party/FreeRTOS/tasks.o
 .bss.pxDelayedTaskList
                0x0000000024004ac8        0x4 ./Middlewares/Third_Party/FreeRTOS/tasks.o
 .bss.pxOverflowDelayedTaskList
                0x0000000024004acc        0x4 ./Middlewares/Third_Party/FreeRTOS/tasks.o
 .bss.xPendingReadyList
                0x0000000024004ad0       0x14 ./Middlewares/Third_Party/FreeRTOS/tasks.o
 .bss.xTasksWaitingTermination
                0x0000000024004ae4       0x14 ./Middlewares/Third_Party/FreeRTOS/tasks.o
 .bss.uxDeletedTasksWaitingCleanUp
                0x0000000024004af8        0x4 ./Middlewares/Third_Party/FreeRTOS/tasks.o
 .bss.xSuspendedTaskList
                0x0000000024004afc       0x14 ./Middlewares/Third_Party/FreeRTOS/tasks.o
 .bss.uxCurrentNumberOfTasks
                0x0000000024004b10        0x4 ./Middlewares/Third_Party/FreeRTOS/tasks.o
 .bss.xTickCount
                0x0000000024004b14        0x4 ./Middlewares/Third_Party/FreeRTOS/tasks.o
 .bss.uxTopReadyPriority
                0x0000000024004b18        0x4 ./Middlewares/Third_Party/FreeRTOS/tasks.o
 .bss.xSchedulerRunning
                0x0000000024004b1c        0x4 ./Middlewares/Third_Party/FreeRTOS/tasks.o
 .bss.xPendedTicks
                0x0000000024004b20        0x4 ./Middlewares/Third_Party/FreeRTOS/tasks.o
 .bss.xYieldPending
                0x0000000024004b24        0x4 ./Middlewares/Third_Party/FreeRTOS/tasks.o
 .bss.xNumOfOverflows
                0x0000000024004b28        0x4 ./Middlewares/Third_Party/FreeRTOS/tasks.o
 .bss.uxTaskNumber
                0x0000000024004b2c        0x4 ./Middlewares/Third_Party/FreeRTOS/tasks.o
 .bss.xNextTaskUnblockTime
                0x0000000024004b30        0x4 ./Middlewares/Third_Party/FreeRTOS/tasks.o
 .bss.xIdleTaskHandle
                0x0000000024004b34        0x4 ./Middlewares/Third_Party/FreeRTOS/tasks.o
 .bss.uxSchedulerSuspended
                0x0000000024004b38        0x4 ./Middlewares/Third_Party/FreeRTOS/tasks.o
 .bss.xActiveTimerList1
                0x0000000024004b3c       0x14 ./Middlewares/Third_Party/FreeRTOS/timers.o
 .bss.xActiveTimerList2
                0x0000000024004b50       0x14 ./Middlewares/Third_Party/FreeRTOS/timers.o
 .bss.pxCurrentTimerList
                0x0000000024004b64        0x4 ./Middlewares/Third_Party/FreeRTOS/timers.o
 .bss.pxOverflowTimerList
                0x0000000024004b68        0x4 ./Middlewares/Third_Party/FreeRTOS/timers.o
 .bss.xTimerQueue
                0x0000000024004b6c        0x4 ./Middlewares/Third_Party/FreeRTOS/timers.o
 .bss.xTimerTaskHandle
                0x0000000024004b70        0x4 ./Middlewares/Third_Party/FreeRTOS/timers.o
 .bss.xLastTime.2
                0x0000000024004b74        0x4 ./Middlewares/Third_Party/FreeRTOS/timers.o
 .bss.ucStaticTimerQueueStorage.1
                0x0000000024004b78       0xa0 ./Middlewares/Third_Party/FreeRTOS/timers.o
 .bss.xStaticTimerQueue.0
                0x0000000024004c18       0x50 ./Middlewares/Third_Party/FreeRTOS/timers.o
 .bss.__malloc_free_list
                0x0000000024004c68        0x4 c:/st/stm32cubeide_1.12.0/stm32cubeide/plugins/com.st.stm32cube.ide.mcu.externaltools.gnu-tools-for-stm32.10.3-2021.10.win32_1.0.200.202301161003/tools/bin/../lib/gcc/arm-none-eabi/10.3.1/../../../../arm-none-eabi/lib/thumb/v7e-m+dp/hard\libc_nano.a(lib_a-nano-mallocr.o)
                0x0000000024004c68                __malloc_free_list
 .bss.__malloc_sbrk_start
                0x0000000024004c6c        0x4 c:/st/stm32cubeide_1.12.0/stm32cubeide/plugins/com.st.stm32cube.ide.mcu.externaltools.gnu-tools-for-stm32.10.3-2021.10.win32_1.0.200.202301161003/tools/bin/../lib/gcc/arm-none-eabi/10.3.1/../../../../arm-none-eabi/lib/thumb/v7e-m+dp/hard\libc_nano.a(lib_a-nano-mallocr.o)
                0x0000000024004c6c                __malloc_sbrk_start
 .bss.errno     0x0000000024004c70        0x4 c:/st/stm32cubeide_1.12.0/stm32cubeide/plugins/com.st.stm32cube.ide.mcu.externaltools.gnu-tools-for-stm32.10.3-2021.10.win32_1.0.200.202301161003/tools/bin/../lib/gcc/arm-none-eabi/10.3.1/../../../../arm-none-eabi/lib/thumb/v7e-m+dp/hard\libc_nano.a(lib_a-reent.o)
                0x0000000024004c70                errno
 .bss.__lock___malloc_recursive_mutex
                0x0000000024004c74        0x1 c:/st/stm32cubeide_1.12.0/stm32cubeide/plugins/com.st.stm32cube.ide.mcu.externaltools.gnu-tools-for-stm32.10.3-2021.10.win32_1.0.200.202301161003/tools/bin/../lib/gcc/arm-none-eabi/10.3.1/../../../../arm-none-eabi/lib/thumb/v7e-m+dp/hard\libc_nano.a(lib_a-lock.o)
                0x0000000024004c74                __lock___malloc_recursive_mutex
 *(COMMON)
                0x0000000024004c78                . = ALIGN (0x4)
 *fill*         0x0000000024004c75        0x3 
                0x0000000024004c78                _ebss = .
                0x0000000024004c78                __bss_end__ = _ebss

._user_heap_stack
                0x0000000024004c78      0x600 load address 0x000000000800dc94
                0x0000000024004c78                . = ALIGN (0x8)
                [!provide]                        PROVIDE (end = .)
                0x0000000024004c78                PROVIDE (_end = .)
                0x0000000024004e78                . = (. + _Min_Heap_Size)
 *fill*         0x0000000024004c78      0x200 
                0x0000000024005278                . = (. + _Min_Stack_Size)
 *fill*         0x0000000024004e78      0x400 
                0x0000000024005278                . = ALIGN (0x8)

/DISCARD/
 libc.a(*)
 libm.a(*)
 libgcc.a(*)

.ARM.attributes
                0x0000000000000000       0x2e
 *(.ARM.attributes)
 .ARM.attributes
                0x0000000000000000       0x1e c:/st/stm32cubeide_1.12.0/stm32cubeide/plugins/com.st.stm32cube.ide.mcu.externaltools.gnu-tools-for-stm32.10.3-2021.10.win32_1.0.200.202301161003/tools/bin/../lib/gcc/arm-none-eabi/10.3.1/thumb/v7e-m+dp/hard/crti.o
 .ARM.attributes
                0x000000000000001e       0x32 c:/st/stm32cubeide_1.12.0/stm32cubeide/plugins/com.st.stm32cube.ide.mcu.externaltools.gnu-tools-for-stm32.10.3-2021.10.win32_1.0.200.202301161003/tools/bin/../lib/gcc/arm-none-eabi/10.3.1/thumb/v7e-m+dp/hard/crtbegin.o
 .ARM.attributes
                0x0000000000000050       0x32 ./Common/Src/system_stm32h7xx_dualcore_boot_cm4_cm7.o
 .ARM.attributes
                0x0000000000000082       0x32 ./Core/Src/IFX_PeakingFilter.o
 .ARM.attributes
                0x00000000000000b4       0x32 ./Core/Src/main.o
 .ARM.attributes
                0x00000000000000e6       0x32 ./Core/Src/stm32h7xx_hal_msp.o
 .ARM.attributes
                0x0000000000000118       0x32 ./Core/Src/stm32h7xx_hal_timebase_tim.o
 .ARM.attributes
                0x000000000000014a       0x32 ./Core/Src/stm32h7xx_it.o
 .ARM.attributes
                0x000000000000017c       0x32 ./Core/Src/sysmem.o
 .ARM.attributes
                0x00000000000001ae       0x21 ./Core/Startup/startup_stm32h745zitx.o
 .ARM.attributes
                0x00000000000001cf       0x32 ./Drivers/STM32H7xx_HAL_Driver/stm32h7xx_hal.o
 .ARM.attributes
                0x0000000000000201       0x32 ./Drivers/STM32H7xx_HAL_Driver/stm32h7xx_hal_cortex.o
 .ARM.attributes
                0x0000000000000233       0x32 ./Drivers/STM32H7xx_HAL_Driver/stm32h7xx_hal_dma.o
 .ARM.attributes
                0x0000000000000265       0x32 ./Drivers/STM32H7xx_HAL_Driver/stm32h7xx_hal_gpio.o
 .ARM.attributes
                0x0000000000000297       0x32 ./Drivers/STM32H7xx_HAL_Driver/stm32h7xx_hal_hsem.o
 .ARM.attributes
                0x00000000000002c9       0x32 ./Drivers/STM32H7xx_HAL_Driver/stm32h7xx_hal_i2s.o
 .ARM.attributes
                0x00000000000002fb       0x32 ./Drivers/STM32H7xx_HAL_Driver/stm32h7xx_hal_pwr_ex.o
 .ARM.attributes
                0x000000000000032d       0x32 ./Drivers/STM32H7xx_HAL_Driver/stm32h7xx_hal_rcc.o
 .ARM.attributes
                0x000000000000035f       0x32 ./Drivers/STM32H7xx_HAL_Driver/stm32h7xx_hal_rcc_ex.o
 .ARM.attributes
                0x0000000000000391       0x32 ./Drivers/STM32H7xx_HAL_Driver/stm32h7xx_hal_tim.o
 .ARM.attributes
                0x00000000000003c3       0x32 ./Drivers/STM32H7xx_HAL_Driver/stm32h7xx_hal_tim_ex.o
 .ARM.attributes
                0x00000000000003f5       0x32 ./Drivers/STM32H7xx_HAL_Driver/stm32h7xx_hal_uart.o
 .ARM.attributes
                0x0000000000000427       0x32 ./Drivers/STM32H7xx_HAL_Driver/stm32h7xx_hal_uart_ex.o
 .ARM.attributes
                0x0000000000000459       0x32 ./Middlewares/Third_Party/FreeRTOS/cmsis_os2.o
 .ARM.attributes
                0x000000000000048b       0x32 ./Middlewares/Third_Party/FreeRTOS/heap_4.o
 .ARM.attributes
                0x00000000000004bd       0x32 ./Middlewares/Third_Party/FreeRTOS/list.o
 .ARM.attributes
                0x00000000000004ef       0x32 ./Middlewares/Third_Party/FreeRTOS/port.o
 .ARM.attributes
                0x0000000000000521       0x32 ./Middlewares/Third_Party/FreeRTOS/queue.o
 .ARM.attributes
                0x0000000000000553       0x32 ./Middlewares/Third_Party/FreeRTOS/tasks.o
 .ARM.attributes
                0x0000000000000585       0x32 ./Middlewares/Third_Party/FreeRTOS/timers.o
 .ARM.attributes
                0x00000000000005b7       0x32 c:/st/stm32cubeide_1.12.0/stm32cubeide/plugins/com.st.stm32cube.ide.mcu.externaltools.gnu-tools-for-stm32.10.3-2021.10.win32_1.0.200.202301161003/tools/bin/../lib/gcc/arm-none-eabi/10.3.1/../../../../arm-none-eabi/lib/thumb/v7e-m+dp/hard\libc_nano.a(lib_a-errno.o)
 .ARM.attributes
                0x00000000000005e9       0x32 c:/st/stm32cubeide_1.12.0/stm32cubeide/plugins/com.st.stm32cube.ide.mcu.externaltools.gnu-tools-for-stm32.10.3-2021.10.win32_1.0.200.202301161003/tools/bin/../lib/gcc/arm-none-eabi/10.3.1/../../../../arm-none-eabi/lib/thumb/v7e-m+dp/hard\libc_nano.a(lib_a-impure.o)
 .ARM.attributes
                0x000000000000061b       0x32 c:/st/stm32cubeide_1.12.0/stm32cubeide/plugins/com.st.stm32cube.ide.mcu.externaltools.gnu-tools-for-stm32.10.3-2021.10.win32_1.0.200.202301161003/tools/bin/../lib/gcc/arm-none-eabi/10.3.1/../../../../arm-none-eabi/lib/thumb/v7e-m+dp/hard\libc_nano.a(lib_a-init.o)
 .ARM.attributes
                0x000000000000064d       0x32 c:/st/stm32cubeide_1.12.0/stm32cubeide/plugins/com.st.stm32cube.ide.mcu.externaltools.gnu-tools-for-stm32.10.3-2021.10.win32_1.0.200.202301161003/tools/bin/../lib/gcc/arm-none-eabi/10.3.1/../../../../arm-none-eabi/lib/thumb/v7e-m+dp/hard\libc_nano.a(lib_a-memcpy-stub.o)
 .ARM.attributes
                0x000000000000067f       0x32 c:/st/stm32cubeide_1.12.0/stm32cubeide/plugins/com.st.stm32cube.ide.mcu.externaltools.gnu-tools-for-stm32.10.3-2021.10.win32_1.0.200.202301161003/tools/bin/../lib/gcc/arm-none-eabi/10.3.1/../../../../arm-none-eabi/lib/thumb/v7e-m+dp/hard\libc_nano.a(lib_a-memset.o)
 .ARM.attributes
                0x00000000000006b1       0x17 c:/st/stm32cubeide_1.12.0/stm32cubeide/plugins/com.st.stm32cube.ide.mcu.externaltools.gnu-tools-for-stm32.10.3-2021.10.win32_1.0.200.202301161003/tools/bin/../lib/gcc/arm-none-eabi/10.3.1/../../../../arm-none-eabi/lib/thumb/v7e-m+dp/hard\libc_nano.a(lib_a-strlen.o)
 .ARM.attributes
                0x00000000000006c8       0x32 c:/st/stm32cubeide_1.12.0/stm32cubeide/plugins/com.st.stm32cube.ide.mcu.externaltools.gnu-tools-for-stm32.10.3-2021.10.win32_1.0.200.202301161003/tools/bin/../lib/gcc/arm-none-eabi/10.3.1/../../../../arm-none-eabi/lib/thumb/v7e-m+dp/hard\libc_nano.a(lib_a-vsnprintf.o)
 .ARM.attributes
                0x00000000000006fa       0x32 c:/st/stm32cubeide_1.12.0/stm32cubeide/plugins/com.st.stm32cube.ide.mcu.externaltools.gnu-tools-for-stm32.10.3-2021.10.win32_1.0.200.202301161003/tools/bin/../lib/gcc/arm-none-eabi/10.3.1/../../../../arm-none-eabi/lib/thumb/v7e-m+dp/hard\libc_nano.a(lib_a-nano-svfprintf.o)
 .ARM.attributes
                0x000000000000072c       0x32 c:/st/stm32cubeide_1.12.0/stm32cubeide/plugins/com.st.stm32cube.ide.mcu.externaltools.gnu-tools-for-stm32.10.3-2021.10.win32_1.0.200.202301161003/tools/bin/../lib/gcc/arm-none-eabi/10.3.1/../../../../arm-none-eabi/lib/thumb/v7e-m+dp/hard\libc_nano.a(lib_a-nano-vfprintf_i.o)
 .ARM.attributes
                0x000000000000075e       0x1c c:/st/stm32cubeide_1.12.0/stm32cubeide/plugins/com.st.stm32cube.ide.mcu.externaltools.gnu-tools-for-stm32.10.3-2021.10.win32_1.0.200.202301161003/tools/bin/../lib/gcc/arm-none-eabi/10.3.1/../../../../arm-none-eabi/lib/thumb/v7e-m+dp/hard\libc_nano.a(lib_a-memchr.o)
 .ARM.attributes
                0x000000000000077a       0x32 c:/st/stm32cubeide_1.12.0/stm32cubeide/plugins/com.st.stm32cube.ide.mcu.externaltools.gnu-tools-for-stm32.10.3-2021.10.win32_1.0.200.202301161003/tools/bin/../lib/gcc/arm-none-eabi/10.3.1/../../../../arm-none-eabi/lib/thumb/v7e-m+dp/hard\libc_nano.a(lib_a-memmove.o)
 .ARM.attributes
                0x00000000000007ac       0x32 c:/st/stm32cubeide_1.12.0/stm32cubeide/plugins/com.st.stm32cube.ide.mcu.externaltools.gnu-tools-for-stm32.10.3-2021.10.win32_1.0.200.202301161003/tools/bin/../lib/gcc/arm-none-eabi/10.3.1/../../../../arm-none-eabi/lib/thumb/v7e-m+dp/hard\libc_nano.a(lib_a-nano-freer.o)
 .ARM.attributes
                0x00000000000007de       0x32 c:/st/stm32cubeide_1.12.0/stm32cubeide/plugins/com.st.stm32cube.ide.mcu.externaltools.gnu-tools-for-stm32.10.3-2021.10.win32_1.0.200.202301161003/tools/bin/../lib/gcc/arm-none-eabi/10.3.1/../../../../arm-none-eabi/lib/thumb/v7e-m+dp/hard\libc_nano.a(lib_a-nano-mallocr.o)
 .ARM.attributes
                0x0000000000000810       0x32 c:/st/stm32cubeide_1.12.0/stm32cubeide/plugins/com.st.stm32cube.ide.mcu.externaltools.gnu-tools-for-stm32.10.3-2021.10.win32_1.0.200.202301161003/tools/bin/../lib/gcc/arm-none-eabi/10.3.1/../../../../arm-none-eabi/lib/thumb/v7e-m+dp/hard\libc_nano.a(lib_a-nano-reallocr.o)
 .ARM.attributes
                0x0000000000000842       0x32 c:/st/stm32cubeide_1.12.0/stm32cubeide/plugins/com.st.stm32cube.ide.mcu.externaltools.gnu-tools-for-stm32.10.3-2021.10.win32_1.0.200.202301161003/tools/bin/../lib/gcc/arm-none-eabi/10.3.1/../../../../arm-none-eabi/lib/thumb/v7e-m+dp/hard\libc_nano.a(lib_a-sbrkr.o)
 .ARM.attributes
                0x0000000000000874       0x32 c:/st/stm32cubeide_1.12.0/stm32cubeide/plugins/com.st.stm32cube.ide.mcu.externaltools.gnu-tools-for-stm32.10.3-2021.10.win32_1.0.200.202301161003/tools/bin/../lib/gcc/arm-none-eabi/10.3.1/../../../../arm-none-eabi/lib/thumb/v7e-m+dp/hard\libc_nano.a(lib_a-mlock.o)
 .ARM.attributes
                0x00000000000008a6       0x32 c:/st/stm32cubeide_1.12.0/stm32cubeide/plugins/com.st.stm32cube.ide.mcu.externaltools.gnu-tools-for-stm32.10.3-2021.10.win32_1.0.200.202301161003/tools/bin/../lib/gcc/arm-none-eabi/10.3.1/../../../../arm-none-eabi/lib/thumb/v7e-m+dp/hard\libc_nano.a(lib_a-nano-msizer.o)
 .ARM.attributes
                0x00000000000008d8       0x32 c:/st/stm32cubeide_1.12.0/stm32cubeide/plugins/com.st.stm32cube.ide.mcu.externaltools.gnu-tools-for-stm32.10.3-2021.10.win32_1.0.200.202301161003/tools/bin/../lib/gcc/arm-none-eabi/10.3.1/../../../../arm-none-eabi/lib/thumb/v7e-m+dp/hard\libc_nano.a(lib_a-reent.o)
 .ARM.attributes
                0x000000000000090a       0x32 c:/st/stm32cubeide_1.12.0/stm32cubeide/plugins/com.st.stm32cube.ide.mcu.externaltools.gnu-tools-for-stm32.10.3-2021.10.win32_1.0.200.202301161003/tools/bin/../lib/gcc/arm-none-eabi/10.3.1/../../../../arm-none-eabi/lib/thumb/v7e-m+dp/hard\libc_nano.a(lib_a-lock.o)
 .ARM.attributes
                0x000000000000093c       0x32 c:/st/stm32cubeide_1.12.0/stm32cubeide/plugins/com.st.stm32cube.ide.mcu.externaltools.gnu-tools-for-stm32.10.3-2021.10.win32_1.0.200.202301161003/tools/bin/../lib/gcc/arm-none-eabi/10.3.1/../../../../arm-none-eabi/lib/thumb/v7e-m+dp/hard\libm.a(lib_a-sf_tan.o)
 .ARM.attributes
                0x000000000000096e       0x32 c:/st/stm32cubeide_1.12.0/stm32cubeide/plugins/com.st.stm32cube.ide.mcu.externaltools.gnu-tools-for-stm32.10.3-2021.10.win32_1.0.200.202301161003/tools/bin/../lib/gcc/arm-none-eabi/10.3.1/../../../../arm-none-eabi/lib/thumb/v7e-m+dp/hard\libm.a(lib_a-ef_rem_pio2.o)
 .ARM.attributes
                0x00000000000009a0       0x32 c:/st/stm32cubeide_1.12.0/stm32cubeide/plugins/com.st.stm32cube.ide.mcu.externaltools.gnu-tools-for-stm32.10.3-2021.10.win32_1.0.200.202301161003/tools/bin/../lib/gcc/arm-none-eabi/10.3.1/../../../../arm-none-eabi/lib/thumb/v7e-m+dp/hard\libm.a(lib_a-kf_rem_pio2.o)
 .ARM.attributes
                0x00000000000009d2       0x32 c:/st/stm32cubeide_1.12.0/stm32cubeide/plugins/com.st.stm32cube.ide.mcu.externaltools.gnu-tools-for-stm32.10.3-2021.10.win32_1.0.200.202301161003/tools/bin/../lib/gcc/arm-none-eabi/10.3.1/../../../../arm-none-eabi/lib/thumb/v7e-m+dp/hard\libm.a(lib_a-kf_tan.o)
 .ARM.attributes